08-09 09:05:03.581 25249-25298/? E/MtpMediaDBManager: Index 0 requested, with a size of 0
08-09 09:05:03.591 25249-25298/? E/MtpMediaDBManager: Index 0 requested, with a size of 0
08-09 09:05:03.601 25249-25298/? E/MtpMediaDBManager: Index 0 requested, with a size of 0
08-09 09:05:03.621 25249-25298/? E/MtpMediaDBManager: Index 0 requested, with a size of 0
    Index 0 requested, with a size of 0
08-09 09:05:03.641 25249-25298/? E/MtpMediaDBManager: Index 0 requested, with a size of 0
08-09 09:05:03.651 25249-25298/? E/MtpMediaDBManager: Index 0 requested, with a size of 0
08-09 09:05:03.661 25249-25298/? E/MtpMediaDBManager: Index 0 requested, with a size of 0
08-09 09:05:03.691 25249-25298/? E/MtpMediaDBManager: Index 0 requested, with a size of 0
08-09 09:05:03.801 25249-25298/? E/MtpMediaDBManager: Index 0 requested, with a size of 0
08-09 09:05:03.841 25249-25298/? E/MtpMediaDBManager: Index 0 requested, with a size of 0
08-09 09:05:03.851 25249-25298/? E/MtpMediaDBManager: Index 0 requested, with a size of 0
08-09 09:05:03.861 25249-25298/? E/MtpMediaDBManager: Index 0 requested, with a size of 0
08-09 09:05:03.871 25249-25298/? E/MtpMediaDBManager: Index 0 requested, with a size of 0
08-09 09:05:03.901 25249-25298/? E/MtpMediaDBManager: Index 0 requested, with a size of 0
08-09 09:05:03.911 25249-25298/? E/MtpMediaDBManager: Index 0 requested, with a size of 0
08-09 09:05:04.061 19254-22921/? W/CursorWindow: Window is full: requested allocation 1080 bytes, free space 351 bytes, window size 2097152 bytes
08-09 09:05:04.091 25249-25298/? E/MtpMediaDBManager: Index 0 requested, with a size of 0
08-09 09:05:04.101 25249-25298/? E/MtpMediaDBManager: Index 0 requested, with a size of 0
08-09 09:05:04.181 14824-14853/? D/ScanRecord: parseFromBytes
08-09 09:05:04.181 14824-21595/? D/BtGatt.ContextMap: sendClientScanResult for app id 5
08-09 09:05:04.181 5648-20453/? D/ScanRecord: parseFromBytes
08-09 09:05:04.181 25249-25298/? E/MtpMediaDBManager: Index 0 requested, with a size of 0
08-09 09:05:04.201 14824-14853/? D/ScanRecord: parseFromBytes
    first manudata for manu ID
08-09 09:05:04.201 14824-21595/? D/BtGatt.ContextMap: sendClientScanResult for app id 5
08-09 09:05:04.201 5648-5658/? D/ScanRecord: parseFromBytes
    first manudata for manu ID
08-09 09:05:04.251 14824-14853/? D/ScanRecord: parseFromBytes
08-09 09:05:04.251 14824-21595/? D/BtGatt.ContextMap: sendClientScanResult for app id 5
08-09 09:05:04.251 5648-5659/? D/ScanRecord: parseFromBytes
08-09 09:05:04.261 14824-14853/? D/ScanRecord: parseFromBytes
    first manudata for manu ID
08-09 09:05:04.261 14824-21595/? D/BtGatt.ContextMap: sendClientScanResult for app id 5
08-09 09:05:04.261 5648-20453/? D/ScanRecord: parseFromBytes
    first manudata for manu ID
08-09 09:05:04.271 14824-14853/? D/ScanRecord: parseFromBytes
    first manudata for manu ID
08-09 09:05:04.271 14824-21595/? D/BtGatt.ContextMap: sendClientScanResult for app id 5
08-09 09:05:04.271 5648-5658/? D/ScanRecord: parseFromBytes
    first manudata for manu ID
08-09 09:05:04.281 14824-14853/? D/ScanRecord: parseFromBytes
08-09 09:05:04.281 14824-21595/? D/BtGatt.ContextMap: sendClientScanResult for app id 5
08-09 09:05:04.281 5648-5659/? D/ScanRecord: parseFromBytes
08-09 09:05:04.291 25249-25298/? E/MtpMediaDBManager: Index 0 requested, with a size of 0
08-09 09:05:04.311 14824-14853/? D/ScanRecord: parseFromBytes
    first manudata for manu ID
08-09 09:05:04.311 14824-21595/? D/BtGatt.ContextMap: sendClientScanResult for app id 5
08-09 09:05:04.311 5648-20453/? D/ScanRecord: parseFromBytes
    first manudata for manu ID
08-09 09:05:04.311 14824-14853/? D/ScanRecord: parseFromBytes
    first manudata for manu ID
08-09 09:05:04.311 14824-21595/? D/BtGatt.ContextMap: sendClientScanResult for app id 5
08-09 09:05:04.311 5648-5658/? D/ScanRecord: parseFromBytes
    first manudata for manu ID
08-09 09:05:04.451 19254-19265/? W/CursorWindow: Window is full: requested allocation 1080 bytes, free space 585 bytes, window size 2097152 bytes
08-09 09:05:04.501 25249-25298/? E/MtpMediaDBManager: Index 0 requested, with a size of 0
08-09 09:05:04.561 25249-25298/? E/MtpMediaDBManager: Index 0 requested, with a size of 0
08-09 09:05:04.741 25249-25298/? E/MtpMediaDBManager: Index 0 requested, with a size of 0
08-09 09:05:04.801 25249-25298/? E/MtpMediaDBManager: Index 0 requested, with a size of 0
08-09 09:05:04.811 25249-25298/? E/MtpMediaDBManager: Index 0 requested, with a size of 0
08-09 09:05:04.851 25249-25298/? E/MtpMediaDBManager: Index 0 requested, with a size of 0
08-09 09:05:04.871 25249-25298/? E/MtpMediaDBManager: Index 0 requested, with a size of 0
08-09 09:05:04.891 25249-25298/? E/MtpMediaDBManager: Index 0 requested, with a size of 0
08-09 09:05:04.901 25249-25298/? E/MtpMediaDBManager: Index 0 requested, with a size of 0
08-09 09:05:05.041 19254-22923/? W/CursorWindow: Window is full: requested allocation 1080 bytes, free space 285 bytes, window size 2097152 bytes
08-09 09:05:05.051 25249-25298/? E/MtpMediaDBManager: Index 0 requested, with a size of 0
08-09 09:05:05.061 2643-2659/? I/art: Background partial concurrent mark sweep GC freed 4271(226KB) AllocSpace objects, 0(0B) LOS objects, 27% free, 42MB/58MB, paused 3.736ms total 185.944ms
08-09 09:05:05.071 25249-25298/? E/MtpMediaDBManager: Index 0 requested, with a size of 0
08-09 09:05:05.081 25249-25298/? E/MtpMediaDBManager: Index 0 requested, with a size of 0
08-09 09:05:05.091 25249-25298/? E/MtpMediaDBManager: Index 0 requested, with a size of 0
08-09 09:05:05.101 25249-25298/? E/MtpMediaDBManager: Index 0 requested, with a size of 0
08-09 09:05:05.111 25249-25298/? E/MtpMediaDBManager: Index 0 requested, with a size of 0
    Index 0 requested, with a size of 0
08-09 09:05:05.121 25249-25298/? E/MtpMediaDBManager: Index 0 requested, with a size of 0
08-09 09:05:05.141 25249-25298/? E/MtpMediaDBManager: Index 0 requested, with a size of 0
    Index 0 requested, with a size of 0
08-09 09:05:05.161 25249-25298/? E/MtpMediaDBManager: Index 0 requested, with a size of 0
08-09 09:05:05.171 25249-25298/? E/MtpMediaDBManager: Index 0 requested, with a size of 0
08-09 09:05:05.181 25249-25298/? E/MtpMediaDBManager: Index 0 requested, with a size of 0
08-09 09:05:05.191 25249-25298/? E/MtpMediaDBManager: Index 0 requested, with a size of 0
08-09 09:05:05.201 25249-25298/? E/MtpMediaDBManager: Index 0 requested, with a size of 0
08-09 09:05:05.211 25249-25298/? E/MtpMediaDBManager: Index 0 requested, with a size of 0
08-09 09:05:05.221 25249-25298/? E/MtpMediaDBManager: Index 0 requested, with a size of 0
08-09 09:05:05.231 25249-25298/? E/MtpMediaDBManager: Index 0 requested, with a size of 0
08-09 09:05:05.251 25249-25298/? E/MtpMediaDBManager: Index 0 requested, with a size of 0
08-09 09:05:05.261 25249-25298/? E/MtpMediaDBManager: Index 0 requested, with a size of 0
08-09 09:05:05.291 25249-25298/? E/MtpMediaDBManager: Index 0 requested, with a size of 0
    Index 0 requested, with a size of 0
08-09 09:05:05.311 25249-25298/? E/MtpMediaDBManager: Index 0 requested, with a size of 0
    Index 0 requested, with a size of 0
08-09 09:05:05.321 25249-25298/? E/MtpMediaDBManager: Index 0 requested, with a size of 0
08-09 09:05:05.341 25249-25298/? E/MtpMediaDBManager: Index 0 requested, with a size of 0
08-09 09:05:05.351 25249-25298/? E/MtpMediaDBManager: Index 0 requested, with a size of 0
08-09 09:05:05.361 25249-25298/? E/MtpMediaDBManager: Index 0 requested, with a size of 0
08-09 09:05:05.371 25249-25298/? E/MtpMediaDBManager: Index 0 requested, with a size of 0
08-09 09:05:05.381 25249-25298/? E/MtpMediaDBManager: Index 0 requested, with a size of 0
08-09 09:05:05.391 25249-25298/? E/MtpMediaDBManager: Index 0 requested, with a size of 0
08-09 09:05:05.401 25249-25298/? E/MtpMediaDBManager: Index 0 requested, with a size of 0
08-09 09:05:05.411 25249-25298/? E/MtpMediaDBManager: Index 0 requested, with a size of 0
08-09 09:05:05.421 25249-25298/? E/MtpMediaDBManager: Index 0 requested, with a size of 0
08-09 09:05:05.431 25249-25298/? E/MtpMediaDBManager: Index 0 requested, with a size of 0
08-09 09:05:05.451 25249-25298/? E/MtpMediaDBManager: Index 0 requested, with a size of 0
08-09 09:05:05.461 25249-25298/? E/MtpMediaDBManager: Index 0 requested, with a size of 0
    Index 0 requested, with a size of 0
08-09 09:05:05.481 25249-25298/? E/MtpMediaDBManager: Index 0 requested, with a size of 0
08-09 09:05:05.491 25249-25298/? E/MtpMediaDBManager: Index 0 requested, with a size of 0
08-09 09:05:05.501 25249-25298/? E/MtpMediaDBManager: Index 0 requested, with a size of 0
08-09 09:05:05.511 25249-25298/? E/MtpMediaDBManager: Index 0 requested, with a size of 0
08-09 09:05:05.521 25249-25298/? E/MtpMediaDBManager: Index 0 requested, with a size of 0
08-09 09:05:05.531 25249-25298/? E/MtpMediaDBManager: Index 0 requested, with a size of 0
08-09 09:05:05.541 25249-25298/? E/MtpMediaDBManager: Index 0 requested, with a size of 0
08-09 09:05:05.551 25249-25298/? E/MtpMediaDBManager: Index 0 requested, with a size of 0
08-09 09:05:05.561 25249-25298/? E/MtpMediaDBManager: Index 0 requested, with a size of 0
08-09 09:05:05.571 25249-25298/? E/MtpMediaDBManager: Index 0 requested, with a size of 0
08-09 09:05:05.581 25249-25298/? E/MtpMediaDBManager: Index 0 requested, with a size of 0
08-09 09:05:05.591 25249-25298/? E/MtpMediaDBManager: Index 0 requested, with a size of 0
08-09 09:05:05.611 25249-25298/? E/MtpMediaDBManager: Index 0 requested, with a size of 0
    Index 0 requested, with a size of 0
08-09 09:05:05.621 25249-25298/? E/MtpMediaDBManager: Index 0 requested, with a size of 0
08-09 09:05:05.631 25249-25298/? E/MtpMediaDBManager: Index 0 requested, with a size of 0
08-09 09:05:05.641 25249-25298/? E/MtpMediaDBManager: Index 0 requested, with a size of 0
08-09 09:05:05.651 25249-25298/? E/MtpMediaDBManager: Index 0 requested, with a size of 0
08-09 09:05:05.671 25249-25298/? E/MtpMediaDBManager: Index 0 requested, with a size of 0
08-09 09:05:05.681 25249-25298/? E/MtpMediaDBManager: Index 0 requested, with a size of 0
08-09 09:05:05.691 25249-25298/? E/MtpMediaDBManager: Index 0 requested, with a size of 0
08-09 09:05:05.701 25249-25298/? E/MtpMediaDBManager: Index 0 requested, with a size of 0
08-09 09:05:05.721 25249-25298/? E/MtpMediaDBManager: Index 0 requested, with a size of 0
08-09 09:05:05.731 25249-25298/? E/MtpMediaDBManager: Index 0 requested, with a size of 0
08-09 09:05:05.741 25249-25298/? E/MtpMediaDBManager: Index 0 requested, with a size of 0
08-09 09:05:05.751 25249-25298/? E/MtpMediaDBManager: Index 0 requested, with a size of 0
    Index 0 requested, with a size of 0
08-09 09:05:05.771 25249-25298/? E/MtpMediaDBManager: Index 0 requested, with a size of 0
08-09 09:05:05.781 25249-25298/? E/MtpMediaDBManager: Index 0 requested, with a size of 0
08-09 09:05:05.791 25249-25298/? E/MtpMediaDBManager: Index 0 requested, with a size of 0
08-09 09:05:05.801 25249-25298/? E/MtpMediaDBManager: Index 0 requested, with a size of 0
08-09 09:05:05.821 25249-25298/? E/MtpMediaDBManager: Index 0 requested, with a size of 0
08-09 09:05:05.831 25249-25298/? E/MtpMediaDBManager: Index 0 requested, with a size of 0
    Index 0 requested, with a size of 0
08-09 09:05:05.851 25249-25298/? E/MtpMediaDBManager: Index 0 requested, with a size of 0
08-09 09:05:05.861 25249-25298/? E/MtpMediaDBManager: Index 0 requested, with a size of 0
08-09 09:05:05.871 25249-25298/? E/MtpMediaDBManager: Index 0 requested, with a size of 0
08-09 09:05:05.881 25249-25298/? E/MtpMediaDBManager: Index 0 requested, with a size of 0
08-09 09:05:05.911 25249-25298/? E/MtpMediaDBManager: Index 0 requested, with a size of 0
08-09 09:05:05.921 25249-25298/? E/MtpMediaDBManager: Index 0 requested, with a size of 0
08-09 09:05:05.931 25249-25298/? E/MtpMediaDBManager: Index 0 requested, with a size of 0
08-09 09:05:05.941 25249-25298/? E/MtpMediaDBManager: Index 0 requested, with a size of 0
08-09 09:05:05.951 25249-25298/? E/MtpMediaDBManager: Index 0 requested, with a size of 0
08-09 09:05:05.961 25249-25298/? E/MtpMediaDBManager: Index 0 requested, with a size of 0
08-09 09:05:05.971 25249-25298/? E/MtpMediaDBManager: Index 0 requested, with a size of 0
08-09 09:05:05.971 2643-5010/? D/EPDG -- [MODEM]: message length is  9
    countRead is 7 offset is 7remaining is 0
08-09 09:05:05.971 2643-5010/? D/EPDG -- EpdgIpcMessageFactory: ipcMainCmd: 8
08-09 09:05:05.971 2643-5010/? D/EPDG -- [UTILS]: isUSerBinary: true
08-09 09:05:05.971 2643-5010/? D/EPDG -- [RILRECEIVER]: [Rx]: Main: IPC_NET_CMD Sub: IPC_NET_REGIST
    [Rx]: Param: FF 03 
08-09 09:05:05.971 2643-5010/? I/EPDG -- [RILRECEIVER]: RX [NET_REGIST] -- RESPONSE -- EPDG NOT AVAILABLE
08-09 09:05:05.971 2643-5010/? D/EPDG -- [NETIPCMESSAGE]: encodeNetRegist
08-09 09:05:05.971 2643-5010/? D/EPDG -- [UTILS]: isUSerBinary: true
08-09 09:05:05.971 2643-5010/? D/EPDG -- [IPCDISPATCHER]: [Tx]: Main: IPC_NET_CMD Sub: IPC_NET_REGIST Cmd Type: IPC_CMD_RESP
    [Tx]: Param: 30 03 01 00 00 00 00 00 00 00 00 00 00 
08-09 09:05:05.971 2643-5010/? D/EPDG -- [MODEM]: EpdgModem instance already exists !
08-09 09:05:05.971 2643-3096/? D/EPDG -- [EPDGService]: Event received: RIL_EPDG_STATUS_QUERY
08-09 09:05:05.971 2643-5009/? D/EPDG -- [MODEM]: Successfully written to RIL
08-09 09:05:05.971 2643-3096/? D/EPDG -- [EPDGService]: handleMessage: cid - 1
08-09 09:05:05.981 25249-25298/? E/MtpMediaDBManager: Index 0 requested, with a size of 0
08-09 09:05:05.991 25249-25298/? E/MtpMediaDBManager: Index 0 requested, with a size of 0
08-09 09:05:06.001 25249-25298/? E/MtpMediaDBManager: Index 0 requested, with a size of 0
08-09 09:05:06.031 3190-3552/? D/NetworkController.MobileSignalController(0/3): onCellLocationChanged
08-09 09:05:06.031 25249-25298/? E/MtpMediaDBManager: Index 0 requested, with a size of 0
08-09 09:05:06.031 3562-3562/? D/PdnController: onCellLocationChanged:
08-09 09:05:06.031 3562-3562/? D/VolteServiceModule: onCellLocationChanged:
08-09 09:05:06.031 3562-3562/? D/RegistrationManagerBase: onCellLocationChanged:
08-09 09:05:06.031 3562-3690/? D/ResipRegistrationManager: handleMessage(): 24
08-09 09:05:06.031 3562-3690/? D/RegistrationManagerBase: handleMessage: what 24
08-09 09:05:06.041 3562-3690/? E/OmcCode: OMC is empty
    salesCode is loaded :ZTO
08-09 09:05:06.041 3562-3690/? D/Mno: fromPlmn: operator=72403
08-09 09:05:06.041 25249-25298/? E/MtpMediaDBManager: Index 0 requested, with a size of 0
08-09 09:05:06.061 25249-25298/? E/MtpMediaDBManager: Index 0 requested, with a size of 0
    Index 0 requested, with a size of 0
08-09 09:05:06.111 25249-25298/? E/MtpMediaDBManager: Index 0 requested, with a size of 0
08-09 09:05:06.121 25249-25298/? E/MtpMediaDBManager: Index 0 requested, with a size of 0
    Index 0 requested, with a size of 0
08-09 09:05:06.131 25249-25298/? E/MtpMediaDBManager: Index 0 requested, with a size of 0
08-09 09:05:06.141 3562-3690/? D/ResipSsConfigHandler: handleMessage: what 8
08-09 09:05:06.141 3562-3690/? E/OmcCode: OMC is empty
    salesCode is loaded :ZTO
08-09 09:05:06.141 3562-3690/? D/Mno: fromPlmn: operator=72403
08-09 09:05:06.141 3562-3690/? D/ImsSettingsProvider: query Uri: content://com.sec.ims.settings/global
    match 4
08-09 09:05:06.141 3562-3690/? V/ImsSettingsProvider: query Uri[content://com.sec.ims.settings/global], selection [null]
08-09 09:05:06.141 3562-3690/? D/ImsSettingsProvider: query Uri: content://com.sec.ims.settings/nvstorage/omadm/
    match 15
08-09 09:05:06.141 3562-3690/? V/ImsSettingsProvider: query Uri[content://com.sec.ims.settings/nvstorage/omadm/], selection [null]
08-09 09:05:06.141 3562-3690/? D/NvStorage: query: omadm,[SMS_FORMAT]
08-09 09:05:06.141 3562-3690/? D/GlobalSettings: loadSettings: count 1
08-09 09:05:06.141 25249-25298/? E/MtpMediaDBManager: Index 0 requested, with a size of 0
08-09 09:05:06.151 3562-3690/? D/ResipSsConfigHandler: SIM is not loaded
    handleMessage: what 8
08-09 09:05:06.151 3562-3690/? E/OmcCode: OMC is empty
    salesCode is loaded :ZTO
08-09 09:05:06.161 3562-3690/? D/Mno: fromPlmn: operator=72403
08-09 09:05:06.161 3562-3690/? D/ImsSettingsProvider: query Uri: content://com.sec.ims.settings/global
    match 4
08-09 09:05:06.161 3562-3690/? V/ImsSettingsProvider: query Uri[content://com.sec.ims.settings/global], selection [null]
08-09 09:05:06.161 3562-3690/? D/ImsSettingsProvider: query Uri: content://com.sec.ims.settings/nvstorage/omadm/
    match 15
08-09 09:05:06.161 3562-3690/? V/ImsSettingsProvider: query Uri[content://com.sec.ims.settings/nvstorage/omadm/], selection [null]
08-09 09:05:06.161 3562-3690/? D/NvStorage: query: omadm,[SMS_FORMAT]
08-09 09:05:06.161 3562-3690/? D/GlobalSettings: loadSettings: count 1
08-09 09:05:06.161 25249-25298/? E/MtpMediaDBManager: Index 0 requested, with a size of 0
08-09 09:05:06.161 3562-3690/? D/ResipSsConfigHandler: SIM is not loaded
08-09 09:05:06.171 25249-25298/? E/MtpMediaDBManager: Index 0 requested, with a size of 0
08-09 09:05:06.181 25249-25298/? E/MtpMediaDBManager: Index 0 requested, with a size of 0
08-09 09:05:06.261 2643-2659/? I/art: Background partial concurrent mark sweep GC freed 4260(197KB) AllocSpace objects, 0(0B) LOS objects, 27% free, 42MB/58MB, paused 3.778ms total 184.925ms
08-09 09:05:06.381 19254-22924/? W/CursorWindow: Window is full: requested allocation 1080 bytes, free space 709 bytes, window size 2097152 bytes
08-09 09:05:06.381 25249-25298/? E/MtpMediaDBManager: Index 0 requested, with a size of 0
08-09 09:05:06.391 25249-25298/? E/MtpMediaDBManager: Index 0 requested, with a size of 0
    Index 0 requested, with a size of 0
08-09 09:05:06.401 25249-25298/? E/MtpMediaDBManager: Index 0 requested, with a size of 0
08-09 09:05:06.421 25249-25298/? E/MtpMediaDBManager: Index 0 requested, with a size of 0
08-09 09:05:06.441 25249-25298/? E/MtpMediaDBManager: Index 0 requested, with a size of 0
08-09 09:05:06.451 25249-25298/? E/MtpMediaDBManager: Index 0 requested, with a size of 0
08-09 09:05:06.461 25249-25298/? E/MtpMediaDBManager: Index 0 requested, with a size of 0
08-09 09:05:06.471 25249-25298/? E/MtpMediaDBManager: Index 0 requested, with a size of 0
08-09 09:05:06.481 25249-25298/? E/MtpMediaDBManager: Index 0 requested, with a size of 0
    Index 0 requested, with a size of 0
08-09 09:05:06.501 25249-25298/? E/MtpMediaDBManager: Index 0 requested, with a size of 0
08-09 09:05:06.511 3463-3663/? I/System.out: Broadcasting: Intent { act=com.sec.android.LTE_CA_PARAMETER flg=0x10000000 (has extras) }
08-09 09:05:06.511 25249-25298/? E/MtpMediaDBManager: Index 0 requested, with a size of 0
08-09 09:05:06.521 3463-5615/? I/System.out: Broadcast completed: result=0
08-09 09:05:06.521 3463-3663/? I/System.out: Broadcasting: Intent { act=com.sec.android.LTE_WIDEBAND_INFO flg=0x10000000 (has extras) }
08-09 09:05:06.521 3190-3552/? D/NetworkController: onReceive: intent=Intent { act=com.sec.android.LTE_WIDEBAND_INFO flg=0x10000010 bqHint=2 (has extras) }
08-09 09:05:06.521 3190-3552/? D/NetworkController.MobileSignalController(0/3): LTE WIDEBAND : mCurrentState.CAIndicator = false
    getMobileIconGroup(): 13
08-09 09:05:06.521 3463-3475/? I/System.out: Broadcast completed: result=0
08-09 09:05:06.531 25249-25298/? E/MtpMediaDBManager: Index 0 requested, with a size of 0
08-09 09:05:06.541 25249-25298/? E/MtpMediaDBManager: Index 0 requested, with a size of 0
    Index 0 requested, with a size of 0
08-09 09:05:06.551 25249-25298/? E/MtpMediaDBManager: Index 0 requested, with a size of 0
08-09 09:05:06.561 25249-25298/? E/MtpMediaDBManager: Index 0 requested, with a size of 0
    Index 0 requested, with a size of 0
08-09 09:05:06.571 25249-25298/? E/MtpMediaDBManager: Index 0 requested, with a size of 0
08-09 09:05:06.601 25249-25298/? E/MtpMediaDBManager: Index 0 requested, with a size of 0
08-09 09:05:06.621 25249-25298/? E/MtpMediaDBManager: Index 0 requested, with a size of 0
08-09 09:05:06.631 25249-25298/? E/MtpMediaDBManager: Index 0 requested, with a size of 0
    Index 0 requested, with a size of 0
08-09 09:05:06.641 25249-25298/? E/MtpMediaDBManager: Index 0 requested, with a size of 0
08-09 09:05:06.651 25249-25298/? E/MtpMediaDBManager: Index 0 requested, with a size of 0
08-09 09:05:06.661 25249-25298/? E/MtpMediaDBManager: Index 0 requested, with a size of 0
08-09 09:05:06.701 25249-25298/? E/MtpMediaDBManager: Index 0 requested, with a size of 0
08-09 09:05:06.711 25249-25298/? E/MtpMediaDBManager: Index 0 requested, with a size of 0
08-09 09:05:06.711 2168-2168/? I/display: [PrimaryDisplay] [DYNAMIC_RECOMP] first frame after HWC_2_GLES
    [PrimaryDisplay] [DYNAMIC_RECOMP] GLES_2_HWC by high FPS(5)
08-09 09:05:06.721 25249-25298/? E/MtpMediaDBManager: Index 0 requested, with a size of 0
08-09 09:05:06.731 25249-25298/? E/MtpMediaDBManager: Index 0 requested, with a size of 0
08-09 09:05:06.741 25249-25298/? E/MtpMediaDBManager: Index 0 requested, with a size of 0
08-09 09:05:06.751 25249-25298/? E/MtpMediaDBManager: Index 0 requested, with a size of 0
    Index 0 requested, with a size of 0
08-09 09:05:06.771 25249-25298/? E/MtpMediaDBManager: Index 0 requested, with a size of 0
08-09 09:05:06.781 25249-25298/? E/MtpMediaDBManager: Index 0 requested, with a size of 0
08-09 09:05:06.791 25249-25298/? E/MtpMediaDBManager: Index 0 requested, with a size of 0
    Index 0 requested, with a size of 0
08-09 09:05:06.801 25249-25298/? E/MtpMediaDBManager: Index 0 requested, with a size of 0
08-09 09:05:06.821 25249-25298/? E/MtpMediaDBManager: Index 0 requested, with a size of 0
    Index 0 requested, with a size of 0
08-09 09:05:06.831 25249-25298/? E/MtpMediaDBManager: Index 0 requested, with a size of 0
08-09 09:05:06.851 25249-25298/? E/MtpMediaDBManager: Index 0 requested, with a size of 0
08-09 09:05:06.861 25249-25298/? E/MtpMediaDBManager: Index 0 requested, with a size of 0
    Index 0 requested, with a size of 0
08-09 09:05:06.871 25249-25298/? E/MtpMediaDBManager: Index 0 requested, with a size of 0
08-09 09:05:06.891 25249-25298/? E/MtpMediaDBManager: Index 0 requested, with a size of 0
    Index 0 requested, with a size of 0
08-09 09:05:06.901 25249-25298/? E/MtpMediaDBManager: Index 0 requested, with a size of 0
08-09 09:05:06.911 25249-25298/? E/MtpMediaDBManager: Index 0 requested, with a size of 0
08-09 09:05:06.921 25249-25298/? E/MtpMediaDBManager: Index 0 requested, with a size of 0
08-09 09:05:06.931 25249-25298/? E/MtpMediaDBManager: Index 0 requested, with a size of 0
08-09 09:05:06.941 25249-25298/? E/MtpMediaDBManager: Index 0 requested, with a size of 0
08-09 09:05:06.951 25249-25298/? E/MtpMediaDBManager: Index 0 requested, with a size of 0
08-09 09:05:06.971 25249-25298/? E/MtpMediaDBManager: Index 0 requested, with a size of 0
08-09 09:05:06.981 25249-25298/? E/MtpMediaDBManager: Index 0 requested, with a size of 0
08-09 09:05:06.991 25249-25298/? E/MtpMediaDBManager: Index 0 requested, with a size of 0
08-09 09:05:07.001 25249-25298/? E/MtpMediaDBManager: Index 0 requested, with a size of 0
08-09 09:05:07.011 25249-25298/? E/MtpMediaDBManager: Index 0 requested, with a size of 0
08-09 09:05:07.021 25249-25298/? E/MtpMediaDBManager: Index 0 requested, with a size of 0
08-09 09:05:07.031 25249-25298/? E/MtpMediaDBManager: Index 0 requested, with a size of 0
08-09 09:05:07.041 25249-25298/? E/MtpMediaDBManager: Index 0 requested, with a size of 0
08-09 09:05:07.041 2168-21577/? I/display: [PrimaryDisplay] [DYNAMIC_RECOMP] HWC_2_GLES by low FPS(0)
08-09 09:05:07.041 25249-25298/? E/MtpMediaDBManager: Index 0 requested, with a size of 0
08-09 09:05:07.051 25249-25298/? E/MtpMediaDBManager: Index 0 requested, with a size of 0
08-09 09:05:07.061 25249-25298/? E/MtpMediaDBManager: Index 0 requested, with a size of 0
    Index 0 requested, with a size of 0
08-09 09:05:07.071 25249-25298/? E/MtpMediaDBManager: Index 0 requested, with a size of 0
08-09 09:05:07.081 25249-25298/? E/MtpMediaDBManager: Index 0 requested, with a size of 0
08-09 09:05:07.091 25249-25298/? E/MtpMediaDBManager: Index 0 requested, with a size of 0
08-09 09:05:07.101 25249-25298/? E/MtpMediaDBManager: Index 0 requested, with a size of 0
08-09 09:05:07.111 25249-25298/? E/MtpMediaDBManager: Index 0 requested, with a size of 0
08-09 09:05:07.121 25249-25298/? E/MtpMediaDBManager: Index 0 requested, with a size of 0
    Index 0 requested, with a size of 0
08-09 09:05:07.131 25249-25298/? E/MtpMediaDBManager: Index 0 requested, with a size of 0
08-09 09:05:07.141 25249-25298/? E/MtpMediaDBManager: Index 0 requested, with a size of 0
08-09 09:05:07.151 25249-25298/? E/MtpMediaDBManager: Index 0 requested, with a size of 0
08-09 09:05:07.171 25249-25298/? E/MtpMediaDBManager: Index 0 requested, with a size of 0
    Index 0 requested, with a size of 0
08-09 09:05:07.181 25249-25298/? E/MtpMediaDBManager: Index 0 requested, with a size of 0
08-09 09:05:07.191 25249-25298/? E/MtpMediaDBManager: Index 0 requested, with a size of 0
08-09 09:05:07.201 25249-25298/? E/MtpMediaDBManager: Index 0 requested, with a size of 0
08-09 09:05:07.211 25249-25298/? E/MtpMediaDBManager: Index 0 requested, with a size of 0
08-09 09:05:07.221 25249-25298/? E/MtpMediaDBManager: Index 0 requested, with a size of 0
08-09 09:05:07.231 25249-25298/? E/MtpMediaDBManager: Index 0 requested, with a size of 0
08-09 09:05:07.241 25249-25298/? E/MtpMediaDBManager: Index 0 requested, with a size of 0
08-09 09:05:07.251 25249-25298/? E/MtpMediaDBManager: Index 0 requested, with a size of 0
    Index 0 requested, with a size of 0
08-09 09:05:07.271 25249-25298/? E/MtpMediaDBManager: Index 0 requested, with a size of 0
08-09 09:05:07.281 25249-25298/? E/MtpMediaDBManager: Index 0 requested, with a size of 0
08-09 09:05:07.291 25249-25298/? E/MtpMediaDBManager: Index 0 requested, with a size of 0
08-09 09:05:07.301 25249-25298/? E/MtpMediaDBManager: Index 0 requested, with a size of 0
08-09 09:05:07.311 25249-25298/? E/MtpMediaDBManager: Index 0 requested, with a size of 0
08-09 09:05:07.311 14824-14853/? D/ScanRecord: parseFromBytes
    first manudata for manu ID
08-09 09:05:07.311 14824-21595/? D/BtGatt.ContextMap: sendClientScanResult for app id 5
08-09 09:05:07.311 5648-20453/? D/ScanRecord: parseFromBytes
    first manudata for manu ID
08-09 09:05:07.321 25249-25298/? E/MtpMediaDBManager: Index 0 requested, with a size of 0
08-09 09:05:07.331 25249-25298/? E/MtpMediaDBManager: Index 0 requested, with a size of 0
08-09 09:05:07.331 14824-14853/? D/ScanRecord: parseFromBytes
08-09 09:05:07.331 14824-21595/? D/BtGatt.ContextMap: sendClientScanResult for app id 5
08-09 09:05:07.331 5648-5658/? D/ScanRecord: parseFromBytes
08-09 09:05:07.341 14824-14853/? D/ScanRecord: parseFromBytes
    first manudata for manu ID
08-09 09:05:07.341 14824-21595/? D/BtGatt.ContextMap: sendClientScanResult for app id 5
08-09 09:05:07.341 5648-5659/? D/ScanRecord: parseFromBytes
    first manudata for manu ID
08-09 09:05:07.341 25249-25298/? E/MtpMediaDBManager: Index 0 requested, with a size of 0
08-09 09:05:07.351 25249-25298/? E/MtpMediaDBManager: Index 0 requested, with a size of 0
08-09 09:05:07.361 25249-25298/? E/MtpMediaDBManager: Index 0 requested, with a size of 0
08-09 09:05:07.371 25249-25298/? E/MtpMediaDBManager: Index 0 requested, with a size of 0
08-09 09:05:07.371 14824-14853/? D/ScanRecord: parseFromBytes
    first manudata for manu ID
08-09 09:05:07.381 14824-21595/? D/BtGatt.ContextMap: sendClientScanResult for app id 5
08-09 09:05:07.381 5648-20453/? D/ScanRecord: parseFromBytes
    first manudata for manu ID
08-09 09:05:07.381 25249-25298/? E/MtpMediaDBManager: Index 0 requested, with a size of 0
08-09 09:05:07.391 25249-25298/? E/MtpMediaDBManager: Index 0 requested, with a size of 0
08-09 09:05:07.391 14824-14853/? D/ScanRecord: parseFromBytes
    first manudata for manu ID
08-09 09:05:07.391 14824-21595/? D/BtGatt.ContextMap: sendClientScanResult for app id 5
08-09 09:05:07.391 5648-5658/? D/ScanRecord: parseFromBytes
    first manudata for manu ID
08-09 09:05:07.401 25249-25298/? E/MtpMediaDBManager: Index 0 requested, with a size of 0
08-09 09:05:07.411 25249-25298/? E/MtpMediaDBManager: Index 0 requested, with a size of 0
08-09 09:05:07.411 14824-14853/? D/ScanRecord: parseFromBytes
    first manudata for manu ID
08-09 09:05:07.421 14824-21595/? D/BtGatt.ContextMap: sendClientScanResult for app id 5
08-09 09:05:07.421 5648-5659/? D/ScanRecord: parseFromBytes
    first manudata for manu ID
08-09 09:05:07.421 25249-25298/? E/MtpMediaDBManager: Index 0 requested, with a size of 0
08-09 09:05:07.431 14824-14853/? D/ScanRecord: parseFromBytes
08-09 09:05:07.431 14824-21595/? D/BtGatt.ContextMap: sendClientScanResult for app id 5
08-09 09:05:07.431 5648-20453/? D/ScanRecord: parseFromBytes
08-09 09:05:07.431 25249-25298/? E/MtpMediaDBManager: Index 0 requested, with a size of 0
08-09 09:05:07.441 14824-14853/? D/ScanRecord: parseFromBytes
    first manudata for manu ID
08-09 09:05:07.441 14824-21595/? D/BtGatt.ContextMap: sendClientScanResult for app id 5
08-09 09:05:07.441 5648-5658/? D/ScanRecord: parseFromBytes
    first manudata for manu ID
08-09 09:05:07.441 25249-25298/? E/MtpMediaDBManager: Index 0 requested, with a size of 0
08-09 09:05:07.461 25249-25298/? E/MtpMediaDBManager: Index 0 requested, with a size of 0
08-09 09:05:07.461 2643-2659/? I/art: Background partial concurrent mark sweep GC freed 3926(205KB) AllocSpace objects, 0(0B) LOS objects, 27% free, 42MB/58MB, paused 3.959ms total 188.294ms
08-09 09:05:07.461 25249-25298/? E/MtpMediaDBManager: Index 0 requested, with a size of 0
08-09 09:05:07.481 25249-25298/? E/MtpMediaDBManager: Index 0 requested, with a size of 0
08-09 09:05:07.491 25249-25298/? E/MtpMediaDBManager: Index 0 requested, with a size of 0
08-09 09:05:07.501 25249-25298/? E/MtpMediaDBManager: Index 0 requested, with a size of 0
08-09 09:05:07.511 25249-25298/? E/MtpMediaDBManager: Index 0 requested, with a size of 0
08-09 09:05:07.521 25249-25298/? E/MtpMediaDBManager: Index 0 requested, with a size of 0
08-09 09:05:07.541 25249-25298/? E/MtpMediaDBManager: Index 0 requested, with a size of 0
    Index 0 requested, with a size of 0
08-09 09:05:07.551 25249-25298/? E/MtpMediaDBManager: Index 0 requested, with a size of 0
08-09 09:05:07.561 25249-25298/? E/MtpMediaDBManager: Index 0 requested, with a size of 0
08-09 09:05:07.571 25249-25298/? E/MtpMediaDBManager: Index 0 requested, with a size of 0
    Index 0 requested, with a size of 0
08-09 09:05:07.601 25249-25298/? E/MtpMediaDBManager: Index 0 requested, with a size of 0
08-09 09:05:07.621 25249-25298/? E/MtpMediaDBManager: Index 0 requested, with a size of 0
08-09 09:05:07.631 25249-25298/? E/MtpMediaDBManager: Index 0 requested, with a size of 0
08-09 09:05:07.641 25249-25298/? E/MtpMediaDBManager: Index 0 requested, with a size of 0
08-09 09:05:07.681 25249-25298/? E/MtpMediaDBManager: Index 0 requested, with a size of 0
    Index 0 requested, with a size of 0
08-09 09:05:07.701 25249-25298/? E/MtpMediaDBManager: Index 0 requested, with a size of 0
08-09 09:05:07.731 25249-25298/? E/MtpMediaDBManager: Index 0 requested, with a size of 0
08-09 09:05:07.911 19254-19537/? W/CursorWindow: Window is full: requested allocation 1080 bytes, free space 239 bytes, window size 2097152 bytes
08-09 09:05:07.911 25249-25298/? E/MtpMediaDBManager: Index 0 requested, with a size of 0
08-09 09:05:07.941 25249-25298/? E/MtpMediaDBManager: Index 0 requested, with a size of 0
    Index 0 requested, with a size of 0
08-09 09:05:07.971 25249-25298/? E/MtpMediaDBManager: Index 0 requested, with a size of 0
    Index 0 requested, with a size of 0
08-09 09:05:07.981 25249-25298/? E/MtpMediaDBManager: Index 0 requested, with a size of 0
08-09 09:05:07.991 25249-25298/? E/MtpMediaDBManager: Index 0 requested, with a size of 0
08-09 09:05:08.001 25249-25298/? E/MtpMediaDBManager: Index 0 requested, with a size of 0
08-09 09:05:08.011 25249-25298/? E/MtpMediaDBManager: Index 0 requested, with a size of 0
    Index 0 requested, with a size of 0
08-09 09:05:08.021 25249-25298/? E/MtpMediaDBManager: Index 0 requested, with a size of 0
08-09 09:05:08.031 25249-25298/? E/MtpMediaDBManager: Index 0 requested, with a size of 0
08-09 09:05:08.041 25249-25298/? E/MtpMediaDBManager: Index 0 requested, with a size of 0
08-09 09:05:08.051 25249-25298/? E/MtpMediaDBManager: Index 0 requested, with a size of 0
    Index 0 requested, with a size of 0
08-09 09:05:08.061 25249-25298/? E/MtpMediaDBManager: Index 0 requested, with a size of 0
08-09 09:05:08.141 25249-25298/? E/MtpMediaDBManager: Index 0 requested, with a size of 0
08-09 09:05:08.151 25249-25298/? E/MtpMediaDBManager: Index 0 requested, with a size of 0
08-09 09:05:08.161 25249-25298/? E/MtpMediaDBManager: Index 0 requested, with a size of 0
08-09 09:05:08.171 25249-25298/? E/MtpMediaDBManager: Index 0 requested, with a size of 0
    Index 0 requested, with a size of 0
08-09 09:05:08.181 25249-25298/? E/MtpMediaDBManager: Index 0 requested, with a size of 0
08-09 09:05:08.211 25249-25298/? E/MtpMediaDBManager: Index 0 requested, with a size of 0
    Index 0 requested, with a size of 0
08-09 09:05:08.221 25249-25298/? E/MtpMediaDBManager: Index 0 requested, with a size of 0
08-09 09:05:08.241 25249-25298/? E/MtpMediaDBManager: Index 0 requested, with a size of 0
    Index 0 requested, with a size of 0
08-09 09:05:08.251 25249-25298/? E/MtpMediaDBManager: Index 0 requested, with a size of 0
08-09 09:05:08.261 25249-25298/? E/MtpMediaDBManager: Index 0 requested, with a size of 0
08-09 09:05:08.271 25249-25298/? E/MtpMediaDBManager: Index 0 requested, with a size of 0
08-09 09:05:08.281 25249-25298/? E/MtpMediaDBManager: Index 0 requested, with a size of 0
    Index 0 requested, with a size of 0
08-09 09:05:08.311 25249-25298/? E/MtpMediaDBManager: Index 0 requested, with a size of 0
08-09 09:05:08.321 25249-25298/? E/MtpMediaDBManager: Index 0 requested, with a size of 0
08-09 09:05:08.331 25249-25298/? E/MtpMediaDBManager: Index 0 requested, with a size of 0
08-09 09:05:08.341 25249-25298/? E/MtpMediaDBManager: Index 0 requested, with a size of 0
08-09 09:05:08.351 25249-25298/? E/MtpMediaDBManager: Index 0 requested, with a size of 0
08-09 09:05:08.361 25249-25298/? E/MtpMediaDBManager: Index 0 requested, with a size of 0
08-09 09:05:08.371 25249-25298/? E/MtpMediaDBManager: Index 0 requested, with a size of 0
    Index 0 requested, with a size of 0
08-09 09:05:08.381 25249-25298/? E/MtpMediaDBManager: Index 0 requested, with a size of 0
08-09 09:05:08.391 25249-25298/? E/MtpMediaDBManager: Index 0 requested, with a size of 0
08-09 09:05:08.421 25249-25298/? E/MtpMediaDBManager: Index 0 requested, with a size of 0
    Index 0 requested, with a size of 0
08-09 09:05:08.431 25249-25298/? E/MtpMediaDBManager: Index 0 requested, with a size of 0
08-09 09:05:08.441 25249-25298/? E/MtpMediaDBManager: Index 0 requested, with a size of 0
    Index 0 requested, with a size of 0
08-09 09:05:08.451 25249-25298/? E/MtpMediaDBManager: Index 0 requested, with a size of 0
08-09 09:05:08.471 25249-25298/? E/MtpMediaDBManager: Index 0 requested, with a size of 0
08-09 09:05:08.511 25249-25298/? E/MtpMediaDBManager: Index 0 requested, with a size of 0
08-09 09:05:08.521 25249-25298/? E/MtpMediaDBManager: Index 0 requested, with a size of 0
    Index 0 requested, with a size of 0
08-09 09:05:08.531 25249-25298/? E/MtpMediaDBManager: Index 0 requested, with a size of 0
08-09 09:05:08.541 25249-25298/? E/MtpMediaDBManager: Index 0 requested, with a size of 0
08-09 09:05:08.551 25249-25298/? E/MtpMediaDBManager: Index 0 requested, with a size of 0
08-09 09:05:08.561 25249-25298/? E/MtpMediaDBManager: Index 0 requested, with a size of 0
08-09 09:05:08.601 25249-25298/? E/MtpMediaDBManager: Index 0 requested, with a size of 0
08-09 09:05:08.611 25249-25298/? E/MtpMediaDBManager: Index 0 requested, with a size of 0
    Index 0 requested, with a size of 0
08-09 09:05:08.621 25249-25298/? E/MtpMediaDBManager: Index 0 requested, with a size of 0
08-09 09:05:08.631 25249-25298/? E/MtpMediaDBManager: Index 0 requested, with a size of 0
08-09 09:05:08.641 25249-25298/? E/MtpMediaDBManager: Index 0 requested, with a size of 0
08-09 09:05:08.651 25249-25298/? E/MtpMediaDBManager: Index 0 requested, with a size of 0
08-09 09:05:08.661 25249-25298/? E/MtpMediaDBManager: Index 0 requested, with a size of 0
08-09 09:05:08.671 25249-25298/? E/MtpMediaDBManager: Index 0 requested, with a size of 0
08-09 09:05:08.681 25249-25298/? E/MtpMediaDBManager: Index 0 requested, with a size of 0
08-09 09:05:08.691 25249-25298/? E/MtpMediaDBManager: Index 0 requested, with a size of 0
08-09 09:05:08.701 25249-25298/? E/MtpMediaDBManager: Index 0 requested, with a size of 0
08-09 09:05:08.711 25249-25298/? E/MtpMediaDBManager: Index 0 requested, with a size of 0
08-09 09:05:08.721 2643-2659/? I/art: Background partial concurrent mark sweep GC freed 4937(294KB) AllocSpace objects, 5(100KB) LOS objects, 27% free, 42MB/58MB, paused 3.733ms total 186.813ms
08-09 09:05:08.721 2168-2168/? I/display: [PrimaryDisplay] [DYNAMIC_RECOMP] first frame after HWC_2_GLES
    [PrimaryDisplay] [DYNAMIC_RECOMP] GLES_2_HWC by high FPS(5)
08-09 09:05:08.721 25249-25298/? E/MtpMediaDBManager: Index 0 requested, with a size of 0
08-09 09:05:08.731 25249-25298/? E/MtpMediaDBManager: Index 0 requested, with a size of 0
08-09 09:05:08.741 25249-25298/? E/MtpMediaDBManager: Index 0 requested, with a size of 0
08-09 09:05:08.751 25249-25298/? E/MtpMediaDBManager: Index 0 requested, with a size of 0
08-09 09:05:08.761 25249-25298/? E/MtpMediaDBManager: Index 0 requested, with a size of 0
08-09 09:05:08.771 25249-25298/? E/MtpMediaDBManager: Index 0 requested, with a size of 0
    Index 0 requested, with a size of 0
08-09 09:05:08.781 25249-25298/? E/MtpMediaDBManager: Index 0 requested, with a size of 0
08-09 09:05:08.791 25249-25298/? E/MtpMediaDBManager: Index 0 requested, with a size of 0
08-09 09:05:08.801 25249-25298/? E/MtpMediaDBManager: Index 0 requested, with a size of 0
08-09 09:05:08.811 25249-25298/? E/MtpMediaDBManager: Index 0 requested, with a size of 0
08-09 09:05:08.821 25249-25298/? E/MtpMediaDBManager: Index 0 requested, with a size of 0
08-09 09:05:08.831 25249-25298/? E/MtpMediaDBManager: Index 0 requested, with a size of 0
08-09 09:05:08.841 25249-25298/? E/MtpMediaDBManager: Index 0 requested, with a size of 0
08-09 09:05:08.851 25249-25298/? E/MtpMediaDBManager: Index 0 requested, with a size of 0
08-09 09:05:08.861 25249-25298/? E/MtpMediaDBManager: Index 0 requested, with a size of 0
08-09 09:05:08.871 25249-25298/? E/MtpMediaDBManager: Index 0 requested, with a size of 0
08-09 09:05:08.881 25249-25298/? E/MtpMediaDBManager: Index 0 requested, with a size of 0
08-09 09:05:08.891 25249-25298/? E/MtpMediaDBManager: Index 0 requested, with a size of 0
    Index 0 requested, with a size of 0
08-09 09:05:08.901 25249-25298/? E/MtpMediaDBManager: Index 0 requested, with a size of 0
08-09 09:05:08.911 25249-25298/? E/MtpMediaDBManager: Index 0 requested, with a size of 0
08-09 09:05:08.921 25249-25298/? E/MtpMediaDBManager: Index 0 requested, with a size of 0
08-09 09:05:08.931 25249-25298/? E/MtpMediaDBManager: Index 0 requested, with a size of 0
08-09 09:05:08.941 25249-25298/? E/MtpMediaDBManager: Index 0 requested, with a size of 0
    Index 0 requested, with a size of 0
08-09 09:05:08.951 25249-25298/? E/MtpMediaDBManager: Index 0 requested, with a size of 0
08-09 09:05:08.961 25249-25298/? E/MtpMediaDBManager: Index 0 requested, with a size of 0
08-09 09:05:08.971 25249-25298/? E/MtpMediaDBManager: Index 0 requested, with a size of 0
08-09 09:05:08.981 25249-25298/? E/MtpMediaDBManager: Index 0 requested, with a size of 0
08-09 09:05:08.991 25249-25298/? E/MtpMediaDBManager: Index 0 requested, with a size of 0
08-09 09:05:09.001 25249-25298/? E/MtpMediaDBManager: Index 0 requested, with a size of 0
08-09 09:05:09.011 25249-25298/? E/MtpMediaDBManager: Index 0 requested, with a size of 0
08-09 09:05:09.021 25249-25298/? E/MtpMediaDBManager: Index 0 requested, with a size of 0
08-09 09:05:09.031 25249-25298/? E/MtpMediaDBManager: Index 0 requested, with a size of 0
08-09 09:05:09.041 2168-21577/? I/display: [PrimaryDisplay] [DYNAMIC_RECOMP] HWC_2_GLES by low FPS(0)
08-09 09:05:09.041 25249-25298/? E/MtpMediaDBManager: Index 0 requested, with a size of 0
08-09 09:05:09.051 25249-25298/? E/MtpMediaDBManager: Index 0 requested, with a size of 0
08-09 09:05:09.061 25249-25298/? E/MtpMediaDBManager: Index 0 requested, with a size of 0
08-09 09:05:09.071 25249-25298/? E/MtpMediaDBManager: Index 0 requested, with a size of 0
08-09 09:05:09.081 25249-25298/? E/MtpMediaDBManager: Index 0 requested, with a size of 0
08-09 09:05:09.091 25249-25298/? E/MtpMediaDBManager: Index 0 requested, with a size of 0
08-09 09:05:09.101 25249-25298/? E/MtpMediaDBManager: Index 0 requested, with a size of 0
08-09 09:05:09.111 25249-25298/? E/MtpMediaDBManager: Index 0 requested, with a size of 0
08-09 09:05:09.121 25249-25298/? E/MtpMediaDBManager: Index 0 requested, with a size of 0
    Index 0 requested, with a size of 0
08-09 09:05:09.141 25249-25298/? E/MtpMediaDBManager: Index 0 requested, with a size of 0
    Index 0 requested, with a size of 0
08-09 09:05:09.281 3190-3190/? D/KeyguardUpdateMonitor: received broadcast android.intent.action.BATTERY_CHANGED
    handleBatteryUpdate
08-09 09:05:09.291 3562-3562/? D/BatteryMonitor: new battery level: 91
08-09 09:05:09.321 2168-2168/? I/display: [PrimaryDisplay] [DYNAMIC_RECOMP] first frame after HWC_2_GLES
    [PrimaryDisplay] [DYNAMIC_RECOMP] GLES_2_HWC by high FPS(5)
08-09 09:05:09.401 25249-25298/? E/MtpMediaDBManager: Index 0 requested, with a size of 0
08-09 09:05:09.411 25249-25298/? E/MtpMediaDBManager: Index 0 requested, with a size of 0
08-09 09:05:09.421 25249-25298/? E/MtpMediaDBManager: Index 0 requested, with a size of 0
08-09 09:05:09.441 25249-25298/? E/MtpMediaDBManager: Index 0 requested, with a size of 0
08-09 09:05:09.451 25249-25298/? E/MtpMediaDBManager: Index 0 requested, with a size of 0
08-09 09:05:09.461 25249-25298/? E/MtpMediaDBManager: Index 0 requested, with a size of 0
08-09 09:05:09.471 25249-25298/? E/MtpMediaDBManager: Index 0 requested, with a size of 0
08-09 09:05:09.481 25249-25298/? E/MtpMediaDBManager: Index 0 requested, with a size of 0
08-09 09:05:09.491 25249-25298/? E/MtpMediaDBManager: Index 0 requested, with a size of 0
08-09 09:05:09.501 25249-25298/? E/MtpMediaDBManager: Index 0 requested, with a size of 0
08-09 09:05:09.511 25249-25298/? E/MtpMediaDBManager: Index 0 requested, with a size of 0
08-09 09:05:09.531 25249-25298/? E/MtpMediaDBManager: Index 0 requested, with a size of 0
    Index 0 requested, with a size of 0
08-09 09:05:09.641 2168-21577/? I/display: [PrimaryDisplay] [DYNAMIC_RECOMP] HWC_2_GLES by low FPS(0)
08-09 09:05:09.791 19254-19537/? W/CursorWindow: Window is full: requested allocation 1080 bytes, free space 188 bytes, window size 2097152 bytes
08-09 09:05:10.191 2643-2659/? I/art: Background partial concurrent mark sweep GC freed 4087(211KB) AllocSpace objects, 0(0B) LOS objects, 27% free, 42MB/58MB, paused 3.721ms total 182.714ms
08-09 09:05:10.551 19254-19685/? W/CursorWindow: Window is full: requested allocation 1080 bytes, free space 336 bytes, window size 2097152 bytes
08-09 09:05:10.661 14824-14853/? D/ScanRecord: parseFromBytes
    first manudata for manu ID
08-09 09:05:10.661 14824-21595/? D/BtGatt.ContextMap: sendClientScanResult for app id 5
08-09 09:05:10.671 5648-20453/? D/ScanRecord: parseFromBytes
    first manudata for manu ID
08-09 09:05:10.671 14824-14853/? D/ScanRecord: parseFromBytes
    first manudata for manu ID
08-09 09:05:10.671 14824-21595/? D/BtGatt.ContextMap: sendClientScanResult for app id 5
08-09 09:05:10.671 14824-14853/? D/ScanRecord: parseFromBytes
08-09 09:05:10.671 5648-5658/? D/ScanRecord: parseFromBytes
    first manudata for manu ID
08-09 09:05:10.671 14824-21595/? D/BtGatt.ContextMap: sendClientScanResult for app id 5
08-09 09:05:10.671 5648-5659/? D/ScanRecord: parseFromBytes
08-09 09:05:10.671 14824-14853/? D/ScanRecord: parseFromBytes
    first manudata for manu ID
08-09 09:05:10.671 14824-21595/? D/BtGatt.ContextMap: sendClientScanResult for app id 5
08-09 09:05:10.671 5648-20453/? D/ScanRecord: parseFromBytes
    first manudata for manu ID
08-09 09:05:10.671 14824-14853/? D/ScanRecord: parseFromBytes
    first manudata for manu ID
08-09 09:05:10.671 14824-21595/? D/BtGatt.ContextMap: sendClientScanResult for app id 5
08-09 09:05:10.671 5648-5658/? D/ScanRecord: parseFromBytes
    first manudata for manu ID
08-09 09:05:10.671 14824-14853/? D/ScanRecord: parseFromBytes
    first manudata for manu ID
08-09 09:05:10.671 14824-21595/? D/BtGatt.ContextMap: sendClientScanResult for app id 5
08-09 09:05:10.671 5648-5659/? D/ScanRecord: parseFromBytes
    first manudata for manu ID
08-09 09:05:10.671 14824-14853/? D/ScanRecord: parseFromBytes
    first manudata for manu ID
08-09 09:05:10.671 14824-21595/? D/BtGatt.ContextMap: sendClientScanResult for app id 5
08-09 09:05:10.671 5648-20453/? D/ScanRecord: parseFromBytes
    first manudata for manu ID
08-09 09:05:10.671 14824-14853/? D/ScanRecord: parseFromBytes
    first manudata for manu ID
08-09 09:05:10.671 14824-21595/? D/BtGatt.ContextMap: sendClientScanResult for app id 5
08-09 09:05:10.671 5648-5658/? D/ScanRecord: parseFromBytes
    first manudata for manu ID
08-09 09:05:10.671 14824-14853/? D/ScanRecord: parseFromBytes
    first manudata for manu ID
08-09 09:05:10.671 14824-21595/? D/BtGatt.ContextMap: sendClientScanResult for app id 5
08-09 09:05:10.671 5648-5659/? D/ScanRecord: parseFromBytes
08-09 09:05:10.671 14824-14853/? D/ScanRecord: parseFromBytes
08-09 09:05:10.671 5648-5659/? D/ScanRecord: first manudata for manu ID
08-09 09:05:10.671 14824-21595/? D/BtGatt.ContextMap: sendClientScanResult for app id 5
08-09 09:05:10.671 5648-20453/? D/ScanRecord: parseFromBytes
08-09 09:05:10.671 14824-14853/? D/ScanRecord: parseFromBytes
    first manudata for manu ID
08-09 09:05:10.671 14824-21595/? D/BtGatt.ContextMap: sendClientScanResult for app id 5
08-09 09:05:10.671 14824-14853/? D/ScanRecord: parseFromBytes
08-09 09:05:10.671 14824-21595/? D/BtGatt.ContextMap: sendClientScanResult for app id 5
08-09 09:05:10.671 5648-5658/? D/ScanRecord: parseFromBytes
    first manudata for manu ID
    parseFromBytes
08-09 09:05:11.411 19254-25246/? W/CursorWindow: Window is full: requested allocation 75 bytes, free space 56 bytes, window size 2097152 bytes
08-09 09:05:11.711 2643-2659/? I/art: Background partial concurrent mark sweep GC freed 5404(279KB) AllocSpace objects, 0(0B) LOS objects, 27% free, 42MB/58MB, paused 9.537ms total 191.850ms
08-09 09:05:11.731 2643-5010/? D/EPDG -- [MODEM]: message length is  9
    countRead is 7 offset is 7remaining is 0
08-09 09:05:11.731 2643-5010/? D/EPDG -- EpdgIpcMessageFactory: ipcMainCmd: 8
08-09 09:05:11.731 2643-5010/? D/EPDG -- [UTILS]: isUSerBinary: true
08-09 09:05:11.731 2643-5010/? D/EPDG -- [RILRECEIVER]: [Rx]: Main: IPC_NET_CMD Sub: IPC_NET_REGIST
    [Rx]: Param: FF 03 
08-09 09:05:11.731 2643-5010/? I/EPDG -- [RILRECEIVER]: RX [NET_REGIST] -- RESPONSE -- EPDG NOT AVAILABLE
08-09 09:05:11.731 2643-5010/? D/EPDG -- [NETIPCMESSAGE]: encodeNetRegist
08-09 09:05:11.731 2643-5010/? D/EPDG -- [UTILS]: isUSerBinary: true
08-09 09:05:11.731 2643-5010/? D/EPDG -- [IPCDISPATCHER]: [Tx]: Main: IPC_NET_CMD Sub: IPC_NET_REGIST Cmd Type: IPC_CMD_RESP
    [Tx]: Param: 30 03 01 00 00 00 00 00 00 00 00 00 00 
08-09 09:05:11.731 2643-5010/? D/EPDG -- [MODEM]: EpdgModem instance already exists !
08-09 09:05:11.731 2643-5009/? D/EPDG -- [MODEM]: Successfully written to RIL
08-09 09:05:11.731 2643-3096/? D/EPDG -- [EPDGService]: Event received: RIL_EPDG_STATUS_QUERY
    handleMessage: cid - 1
08-09 09:05:11.781 3190-3552/? D/NetworkController.MobileSignalController(0/3): onCellLocationChanged
08-09 09:05:11.781 3562-3562/? D/PdnController: onCellLocationChanged:
08-09 09:05:11.781 3562-3562/? D/VolteServiceModule: onCellLocationChanged:
08-09 09:05:11.781 3562-3562/? D/RegistrationManagerBase: onCellLocationChanged:
08-09 09:05:11.781 3562-3690/? D/ResipRegistrationManager: handleMessage(): 24
08-09 09:05:11.781 3562-3690/? D/RegistrationManagerBase: handleMessage: what 24
08-09 09:05:11.781 3562-3690/? E/OmcCode: OMC is empty
    salesCode is loaded :ZTO
08-09 09:05:11.781 3562-3690/? D/Mno: fromPlmn: operator=72403
08-09 09:05:12.271 19254-22924/? W/CursorWindow: Window is full: requested allocation 1080 bytes, free space 568 bytes, window size 2097152 bytes
08-09 09:05:12.271 3463-3663/? I/System.out: Broadcasting: Intent { act=com.sec.android.LTE_CA_PARAMETER flg=0x10000000 (has extras) }
    Broadcasting: Intent { act=com.sec.android.LTE_WIDEBAND_INFO flg=0x10000000 (has extras) }
08-09 09:05:12.271 3463-18173/? I/System.out: Broadcast completed: result=0
08-09 09:05:12.281 3190-3552/? D/NetworkController: onReceive: intent=Intent { act=com.sec.android.LTE_WIDEBAND_INFO flg=0x10000010 bqHint=2 (has extras) }
08-09 09:05:12.281 3190-3552/? D/NetworkController.MobileSignalController(0/3): LTE WIDEBAND : mCurrentState.CAIndicator = false
    getMobileIconGroup(): 13
08-09 09:05:12.281 3463-13401/? I/System.out: Broadcast completed: result=0
08-09 09:05:13.141 2643-2659/? I/art: Background partial concurrent mark sweep GC freed 4434(205KB) AllocSpace objects, 0(0B) LOS objects, 27% free, 42MB/58MB, paused 3.696ms total 184.756ms
08-09 09:05:13.271 19254-25241/? W/CursorWindow: Window is full: requested allocation 1080 bytes, free space 977 bytes, window size 2097152 bytes
08-09 09:05:13.541 14824-14853/? D/ScanRecord: parseFromBytes
08-09 09:05:13.551 14824-14853/? D/ScanRecord: first manudata for manu ID
08-09 09:05:13.551 14824-21595/? D/BtGatt.ContextMap: sendClientScanResult for app id 5
