08-09 09:05:13.551 5648-20453/? D/ScanRecord: parseFromBytes
    first manudata for manu ID
08-09 09:05:13.561 14824-14853/? D/ScanRecord: parseFromBytes
08-09 09:05:13.561 14824-21595/? D/BtGatt.ContextMap: sendClientScanResult for app id 5
08-09 09:05:13.561 5648-5659/? D/ScanRecord: parseFromBytes
08-09 09:05:13.581 14824-14853/? D/ScanRecord: parseFromBytes
    first manudata for manu ID
08-09 09:05:13.581 14824-21595/? D/BtGatt.ContextMap: sendClientScanResult for app id 5
08-09 09:05:13.581 5648-5658/? D/ScanRecord: parseFromBytes
    first manudata for manu ID
08-09 09:05:13.591 14824-14853/? D/ScanRecord: parseFromBytes
    first manudata for manu ID
08-09 09:05:13.591 14824-21595/? D/BtGatt.ContextMap: sendClientScanResult for app id 5
08-09 09:05:13.601 5648-20453/? D/ScanRecord: parseFromBytes
    first manudata for manu ID
08-09 09:05:13.611 14824-14853/? D/ScanRecord: parseFromBytes
    first manudata for manu ID
08-09 09:05:13.611 14824-21595/? D/BtGatt.ContextMap: sendClientScanResult for app id 5
08-09 09:05:13.611 5648-5659/? D/ScanRecord: parseFromBytes
    first manudata for manu ID
08-09 09:05:13.621 14824-14853/? D/ScanRecord: parseFromBytes
08-09 09:05:13.621 14824-21595/? D/BtGatt.ContextMap: sendClientScanResult for app id 5
08-09 09:05:13.631 5648-5658/? D/ScanRecord: parseFromBytes
08-09 09:05:13.631 14824-14853/? D/ScanRecord: parseFromBytes
    first manudata for manu ID
08-09 09:05:13.631 14824-21595/? D/BtGatt.ContextMap: sendClientScanResult for app id 5
08-09 09:05:13.631 5648-20453/? D/ScanRecord: parseFromBytes
    first manudata for manu ID
08-09 09:05:13.651 14824-14853/? D/ScanRecord: parseFromBytes
    first manudata for manu ID
08-09 09:05:13.651 14824-21595/? D/BtGatt.ContextMap: sendClientScanResult for app id 5
08-09 09:05:13.651 5648-5659/? D/ScanRecord: parseFromBytes
    first manudata for manu ID
08-09 09:05:13.661 14824-14853/? D/ScanRecord: parseFromBytes
08-09 09:05:13.661 14824-21595/? D/BtGatt.ContextMap: sendClientScanResult for app id 5
08-09 09:05:13.661 5648-5658/? D/ScanRecord: parseFromBytes
08-09 09:05:13.691 14824-14853/? D/ScanRecord: parseFromBytes
    first manudata for manu ID
08-09 09:05:13.691 14824-21595/? D/BtGatt.ContextMap: sendClientScanResult for app id 5
08-09 09:05:13.691 5648-20453/? D/ScanRecord: parseFromBytes
    first manudata for manu ID
08-09 09:05:13.701 14824-14853/? D/ScanRecord: parseFromBytes
    first manudata for manu ID
08-09 09:05:13.701 14824-21595/? D/BtGatt.ContextMap: sendClientScanResult for app id 5
08-09 09:05:13.701 5648-5659/? D/ScanRecord: parseFromBytes
    first manudata for manu ID
08-09 09:05:14.241 2643-2659/? I/art: Background partial concurrent mark sweep GC freed 5200(265KB) AllocSpace objects, 0(0B) LOS objects, 27% free, 42MB/58MB, paused 3.733ms total 184.945ms
08-09 09:05:14.321 25249-25298/? E/MtpMediaDBManager: Index 0 requested, with a size of 0
08-09 09:05:14.331 25249-25298/? E/MtpMediaDBManager: Index 0 requested, with a size of 0
08-09 09:05:14.341 25249-25298/? E/MtpMediaDBManager: Index 0 requested, with a size of 0
08-09 09:05:14.361 25249-25298/? E/MtpMediaDBManager: Index 0 requested, with a size of 0
08-09 09:05:14.371 25249-25298/? E/MtpMediaDBManager: Index 0 requested, with a size of 0
08-09 09:05:14.381 25249-25298/? E/MtpMediaDBManager: Index 0 requested, with a size of 0
08-09 09:05:14.391 25249-25298/? E/MtpMediaDBManager: Index 0 requested, with a size of 0
    Index 0 requested, with a size of 0
08-09 09:05:14.401 25249-25298/? E/MtpMediaDBManager: Index 0 requested, with a size of 0
08-09 09:05:14.411 25249-25298/? E/MtpMediaDBManager: Index 0 requested, with a size of 0
08-09 09:05:14.431 25249-25298/? E/MtpMediaDBManager: Index 0 requested, with a size of 0
08-09 09:05:14.441 25249-25298/? E/MtpMediaDBManager: Index 0 requested, with a size of 0
    Index 0 requested, with a size of 0
08-09 09:05:14.451 25249-25298/? E/MtpMediaDBManager: Index 0 requested, with a size of 0
08-09 09:05:14.461 25249-25298/? E/MtpMediaDBManager: Index 0 requested, with a size of 0
08-09 09:05:14.471 25249-25298/? E/MtpMediaDBManager: Index 0 requested, with a size of 0
    Index 0 requested, with a size of 0
08-09 09:05:14.481 25249-25298/? E/MtpMediaDBManager: Index 0 requested, with a size of 0
08-09 09:05:14.491 25249-25298/? E/MtpMediaDBManager: Index 0 requested, with a size of 0
08-09 09:05:14.501 25249-25298/? E/MtpMediaDBManager: Index 0 requested, with a size of 0
    Index 0 requested, with a size of 0
08-09 09:05:14.511 25249-25298/? E/MtpMediaDBManager: Index 0 requested, with a size of 0
08-09 09:05:14.521 25249-25298/? E/MtpMediaDBManager: Index 0 requested, with a size of 0
08-09 09:05:14.531 25249-25298/? E/MtpMediaDBManager: Index 0 requested, with a size of 0
08-09 09:05:14.541 25249-25298/? E/MtpMediaDBManager: Index 0 requested, with a size of 0
08-09 09:05:14.551 25249-25298/? E/MtpMediaDBManager: Index 0 requested, with a size of 0
08-09 09:05:14.561 25249-25298/? E/MtpMediaDBManager: Index 0 requested, with a size of 0
08-09 09:05:14.571 25249-25298/? E/MtpMediaDBManager: Index 0 requested, with a size of 0
    Index 0 requested, with a size of 0
08-09 09:05:14.581 25249-25298/? E/MtpMediaDBManager: Index 0 requested, with a size of 0
08-09 09:05:14.591 25249-25298/? E/MtpMediaDBManager: Index 0 requested, with a size of 0
08-09 09:05:14.601 25249-25298/? E/MtpMediaDBManager: Index 0 requested, with a size of 0
08-09 09:05:14.611 25249-25298/? E/MtpMediaDBManager: Index 0 requested, with a size of 0
08-09 09:05:14.621 25249-25298/? E/MtpMediaDBManager: Index 0 requested, with a size of 0
08-09 09:05:14.631 25249-25298/? E/MtpMediaDBManager: Index 0 requested, with a size of 0
08-09 09:05:14.641 25249-25298/? E/MtpMediaDBManager: Index 0 requested, with a size of 0
08-09 09:05:14.651 25249-25298/? E/MtpMediaDBManager: Index 0 requested, with a size of 0
08-09 09:05:14.661 25249-25298/? E/MtpMediaDBManager: Index 0 requested, with a size of 0
08-09 09:05:14.671 25249-25298/? E/MtpMediaDBManager: Index 0 requested, with a size of 0
08-09 09:05:14.681 25249-25298/? E/MtpMediaDBManager: Index 0 requested, with a size of 0
    Index 0 requested, with a size of 0
08-09 09:05:14.691 25249-25298/? E/MtpMediaDBManager: Index 0 requested, with a size of 0
08-09 09:05:14.701 25249-25298/? E/MtpMediaDBManager: Index 0 requested, with a size of 0
08-09 09:05:14.711 25249-25298/? E/MtpMediaDBManager: Index 0 requested, with a size of 0
08-09 09:05:14.721 25249-25298/? E/MtpMediaDBManager: Index 0 requested, with a size of 0
08-09 09:05:14.731 25249-25298/? E/MtpMediaDBManager: Index 0 requested, with a size of 0
08-09 09:05:15.091 25249-25298/? E/MtpMediaDBManager: Index 0 requested, with a size of 0
08-09 09:05:15.101 25249-25298/? E/MtpMediaDBManager: Index 0 requested, with a size of 0
    Index 0 requested, with a size of 0
08-09 09:05:15.111 25249-25298/? E/MtpMediaDBManager: Index 0 requested, with a size of 0
    Index 0 requested, with a size of 0
08-09 09:05:15.121 25249-25298/? E/MtpMediaDBManager: Index 0 requested, with a size of 0
08-09 09:05:15.131 25249-25298/? E/MtpMediaDBManager: Index 0 requested, with a size of 0
08-09 09:05:15.141 25249-25298/? E/MtpMediaDBManager: Index 0 requested, with a size of 0
    Index 0 requested, with a size of 0
08-09 09:05:15.151 25249-25298/? E/MtpMediaDBManager: Index 0 requested, with a size of 0
08-09 09:05:15.161 25249-25298/? E/MtpMediaDBManager: Index 0 requested, with a size of 0
08-09 09:05:15.171 25249-25298/? E/MtpMediaDBManager: Index 0 requested, with a size of 0
08-09 09:05:15.181 25249-25298/? E/MtpMediaDBManager: Index 0 requested, with a size of 0
    Index 0 requested, with a size of 0
08-09 09:05:15.191 25249-25298/? E/MtpMediaDBManager: Index 0 requested, with a size of 0
08-09 09:05:15.201 25249-25298/? E/MtpMediaDBManager: Index 0 requested, with a size of 0
08-09 09:05:15.211 25249-25298/? E/MtpMediaDBManager: Index 0 requested, with a size of 0
08-09 09:05:15.221 25249-25298/? E/MtpMediaDBManager: Index 0 requested, with a size of 0
08-09 09:05:15.231 25249-25298/? E/MtpMediaDBManager: Index 0 requested, with a size of 0
08-09 09:05:15.241 25249-25298/? E/MtpMediaDBManager: Index 0 requested, with a size of 0
08-09 09:05:15.251 25249-25298/? E/MtpMediaDBManager: Index 0 requested, with a size of 0
08-09 09:05:15.261 25249-25298/? E/MtpMediaDBManager: Index 0 requested, with a size of 0
08-09 09:05:15.271 25249-25298/? E/MtpMediaDBManager: Index 0 requested, with a size of 0
08-09 09:05:15.281 25249-25298/? E/MtpMediaDBManager: Index 0 requested, with a size of 0
08-09 09:05:15.291 25249-25298/? E/MtpMediaDBManager: Index 0 requested, with a size of 0
08-09 09:05:15.301 25249-25298/? E/MtpMediaDBManager: Index 0 requested, with a size of 0
    Index 0 requested, with a size of 0
08-09 09:05:15.311 25249-25298/? E/MtpMediaDBManager: Index 0 requested, with a size of 0
08-09 09:05:15.321 25249-25298/? E/MtpMediaDBManager: Index 0 requested, with a size of 0
08-09 09:05:15.331 25249-25298/? E/MtpMediaDBManager: Index 0 requested, with a size of 0
08-09 09:05:15.341 25249-25298/? E/MtpMediaDBManager: Index 0 requested, with a size of 0
08-09 09:05:15.351 25249-25298/? E/MtpMediaDBManager: Index 0 requested, with a size of 0
08-09 09:05:15.361 25249-25298/? E/MtpMediaDBManager: Index 0 requested, with a size of 0
08-09 09:05:15.371 25249-25298/? E/MtpMediaDBManager: Index 0 requested, with a size of 0
08-09 09:05:15.381 25249-25298/? E/MtpMediaDBManager: Index 0 requested, with a size of 0
08-09 09:05:15.391 25249-25298/? E/MtpMediaDBManager: Index 0 requested, with a size of 0
08-09 09:05:15.401 25249-25298/? E/MtpMediaDBManager: Index 0 requested, with a size of 0
08-09 09:05:15.411 25249-25298/? E/MtpMediaDBManager: Index 0 requested, with a size of 0
08-09 09:05:15.421 25249-25298/? E/MtpMediaDBManager: Index 0 requested, with a size of 0
08-09 09:05:15.431 25249-25298/? E/MtpMediaDBManager: Index 0 requested, with a size of 0
08-09 09:05:15.441 25249-25298/? E/MtpMediaDBManager: Index 0 requested, with a size of 0
08-09 09:05:15.451 25249-25298/? E/MtpMediaDBManager: Index 0 requested, with a size of 0
08-09 09:05:15.461 25249-25298/? E/MtpMediaDBManager: Index 0 requested, with a size of 0
08-09 09:05:15.471 25249-25298/? E/MtpMediaDBManager: Index 0 requested, with a size of 0
08-09 09:05:15.481 25249-25298/? E/MtpMediaDBManager: Index 0 requested, with a size of 0
08-09 09:05:15.541 25249-25298/? E/MtpMediaDBManager: Index 0 requested, with a size of 0
08-09 09:05:15.561 25249-25298/? W/MtpMediaDBManager: sending db update complete noti to stack
08-09 09:05:15.561 25249-25298/? E/MTPJNIInterface: noti = 29
08-09 09:05:15.721 2643-2659/? I/art: Background partial concurrent mark sweep GC freed 3982(182KB) AllocSpace objects, 0(0B) LOS objects, 27% free, 42MB/58MB, paused 3.611ms total 182.691ms
08-09 09:05:16.151 3562-3690/? D/ResipSsConfigHandler: handleMessage: what 8
08-09 09:05:16.151 3562-3690/? E/OmcCode: OMC is empty
    salesCode is loaded :ZTO
08-09 09:05:16.161 3562-3690/? D/Mno: fromPlmn: operator=72403
08-09 09:05:16.161 3562-3690/? D/ImsSettingsProvider: query Uri: content://com.sec.ims.settings/global
    match 4
08-09 09:05:16.161 3562-3690/? V/ImsSettingsProvider: query Uri[content://com.sec.ims.settings/global], selection [null]
08-09 09:05:16.161 3562-3690/? D/ImsSettingsProvider: query Uri: content://com.sec.ims.settings/nvstorage/omadm/
    match 15
08-09 09:05:16.161 3562-3690/? V/ImsSettingsProvider: query Uri[content://com.sec.ims.settings/nvstorage/omadm/], selection [null]
08-09 09:05:16.161 3562-3690/? D/NvStorage: query: omadm,[SMS_FORMAT]
08-09 09:05:16.161 3562-3690/? D/GlobalSettings: loadSettings: count 1
08-09 09:05:16.161 3562-3690/? D/ResipSsConfigHandler: SIM is not loaded
    handleMessage: what 8
08-09 09:05:16.161 3562-3690/? E/OmcCode: OMC is empty
    salesCode is loaded :ZTO
08-09 09:05:16.161 3562-3690/? D/Mno: fromPlmn: operator=72403
08-09 09:05:16.161 3562-3690/? D/ImsSettingsProvider: query Uri: content://com.sec.ims.settings/global
    match 4
08-09 09:05:16.161 3562-3690/? V/ImsSettingsProvider: query Uri[content://com.sec.ims.settings/global], selection [null]
08-09 09:05:16.171 3562-3690/? D/ImsSettingsProvider: query Uri: content://com.sec.ims.settings/nvstorage/omadm/
    match 15
08-09 09:05:16.171 3562-3690/? V/ImsSettingsProvider: query Uri[content://com.sec.ims.settings/nvstorage/omadm/], selection [null]
08-09 09:05:16.171 3562-3690/? D/NvStorage: query: omadm,[SMS_FORMAT]
08-09 09:05:16.171 3562-3690/? D/GlobalSettings: loadSettings: count 1
08-09 09:05:16.171 3562-3690/? D/ResipSsConfigHandler: SIM is not loaded
08-09 09:05:16.691 14824-14853/? D/ScanRecord: parseFromBytes
    first manudata for manu ID
08-09 09:05:16.691 14824-21595/? D/BtGatt.ContextMap: sendClientScanResult for app id 5
08-09 09:05:16.691 5648-5658/? D/ScanRecord: parseFromBytes
    first manudata for manu ID
08-09 09:05:16.721 14824-14853/? D/ScanRecord: parseFromBytes
08-09 09:05:16.721 14824-21595/? D/BtGatt.ContextMap: sendClientScanResult for app id 5
08-09 09:05:16.731 5648-20453/? D/ScanRecord: parseFromBytes
08-09 09:05:16.731 14824-14853/? D/ScanRecord: parseFromBytes
    first manudata for manu ID
08-09 09:05:16.731 14824-21595/? D/BtGatt.ContextMap: sendClientScanResult for app id 5
08-09 09:05:16.731 5648-5659/? D/ScanRecord: parseFromBytes
    first manudata for manu ID
08-09 09:05:16.741 14824-14853/? D/ScanRecord: parseFromBytes
    first manudata for manu ID
08-09 09:05:16.741 14824-21595/? D/BtGatt.ContextMap: sendClientScanResult for app id 5
08-09 09:05:16.741 5648-5658/? D/ScanRecord: parseFromBytes
    first manudata for manu ID
08-09 09:05:16.751 14824-14853/? D/ScanRecord: parseFromBytes
    first manudata for manu ID
08-09 09:05:16.751 14824-21595/? D/BtGatt.ContextMap: sendClientScanResult for app id 5
08-09 09:05:16.751 5648-20453/? D/ScanRecord: parseFromBytes
    first manudata for manu ID
08-09 09:05:16.781 14824-14853/? D/ScanRecord: parseFromBytes
    first manudata for manu ID
08-09 09:05:16.791 14824-21595/? D/BtGatt.ContextMap: sendClientScanResult for app id 5
08-09 09:05:16.791 5648-5659/? D/ScanRecord: parseFromBytes
    first manudata for manu ID
08-09 09:05:16.791 14824-14853/? D/ScanRecord: parseFromBytes
    first manudata for manu ID
08-09 09:05:16.791 14824-21595/? D/BtGatt.ContextMap: sendClientScanResult for app id 5
08-09 09:05:16.791 5648-5658/? D/ScanRecord: parseFromBytes
    first manudata for manu ID
08-09 09:05:16.831 14824-14853/? D/ScanRecord: parseFromBytes
08-09 09:05:16.831 14824-21595/? D/BtGatt.ContextMap: sendClientScanResult for app id 5
08-09 09:05:16.831 5648-20453/? D/ScanRecord: parseFromBytes
08-09 09:05:17.481 2643-5010/? D/EPDG -- [MODEM]: message length is  9
08-09 09:05:17.491 2643-5010/? D/EPDG -- [MODEM]: countRead is 7 offset is 7remaining is 0
08-09 09:05:17.491 2643-5010/? D/EPDG -- EpdgIpcMessageFactory: ipcMainCmd: 8
08-09 09:05:17.491 2643-5010/? D/EPDG -- [UTILS]: isUSerBinary: true
08-09 09:05:17.491 2643-5010/? D/EPDG -- [RILRECEIVER]: [Rx]: Main: IPC_NET_CMD Sub: IPC_NET_REGIST
    [Rx]: Param: FF 03 
08-09 09:05:17.491 2643-5010/? I/EPDG -- [RILRECEIVER]: RX [NET_REGIST] -- RESPONSE -- EPDG NOT AVAILABLE
08-09 09:05:17.491 2643-5010/? D/EPDG -- [NETIPCMESSAGE]: encodeNetRegist
08-09 09:05:17.491 2643-5010/? D/EPDG -- [UTILS]: isUSerBinary: true
08-09 09:05:17.491 2643-5010/? D/EPDG -- [IPCDISPATCHER]: [Tx]: Main: IPC_NET_CMD Sub: IPC_NET_REGIST Cmd Type: IPC_CMD_RESP
    [Tx]: Param: 30 03 01 00 00 00 00 00 00 00 00 00 00 
08-09 09:05:17.491 2643-5010/? D/EPDG -- [MODEM]: EpdgModem instance already exists !
08-09 09:05:17.491 2643-5009/? D/EPDG -- [MODEM]: Successfully written to RIL
08-09 09:05:17.491 2643-3096/? D/EPDG -- [EPDGService]: Event received: RIL_EPDG_STATUS_QUERY
    handleMessage: cid - 1
08-09 09:05:17.531 3190-3552/? D/NetworkController.MobileSignalController(0/3): onCellLocationChanged
08-09 09:05:17.531 3562-3562/? D/PdnController: onCellLocationChanged:
08-09 09:05:17.531 3562-3562/? D/VolteServiceModule: onCellLocationChanged:
08-09 09:05:17.531 3562-3562/? D/RegistrationManagerBase: onCellLocationChanged:
08-09 09:05:17.531 3562-3690/? D/ResipRegistrationManager: handleMessage(): 24
08-09 09:05:17.531 3562-3690/? D/RegistrationManagerBase: handleMessage: what 24
08-09 09:05:17.541 3562-3690/? E/OmcCode: OMC is empty
    salesCode is loaded :ZTO
08-09 09:05:17.541 3562-3690/? D/Mno: fromPlmn: operator=72403
08-09 09:05:18.031 3463-3663/? I/System.out: Broadcasting: Intent { act=com.sec.android.LTE_CA_PARAMETER flg=0x10000000 (has extras) }
08-09 09:05:18.041 3463-31596/? I/System.out: Broadcast completed: result=0
08-09 09:05:18.041 3463-3663/? I/System.out: Broadcasting: Intent { act=com.sec.android.LTE_WIDEBAND_INFO flg=0x10000000 (has extras) }
08-09 09:05:18.041 3190-3552/? D/NetworkController: onReceive: intent=Intent { act=com.sec.android.LTE_WIDEBAND_INFO flg=0x10000010 bqHint=2 (has extras) }
08-09 09:05:18.041 3190-3552/? D/NetworkController.MobileSignalController(0/3): LTE WIDEBAND : mCurrentState.CAIndicator = false
    getMobileIconGroup(): 13
08-09 09:05:18.041 3463-18173/? I/System.out: Broadcast completed: result=0
08-09 09:05:19.371 3190-3190/? D/KeyguardUpdateMonitor: received broadcast android.intent.action.BATTERY_CHANGED
    handleBatteryUpdate
08-09 09:05:19.381 3562-3562/? D/BatteryMonitor: new battery level: 91
08-09 09:05:19.411 2168-2168/? I/display: [PrimaryDisplay] [DYNAMIC_RECOMP] first frame after HWC_2_GLES
    [PrimaryDisplay] [DYNAMIC_RECOMP] GLES_2_HWC by high FPS(5)
08-09 09:05:19.761 2168-21577/? I/display: [PrimaryDisplay] [DYNAMIC_RECOMP] HWC_2_GLES by low FPS(0)
08-09 09:05:19.791 14824-14853/? D/ScanRecord: parseFromBytes
    first manudata for manu ID
08-09 09:05:19.791 14824-21595/? D/BtGatt.ContextMap: sendClientScanResult for app id 5
08-09 09:05:19.791 5648-5659/? D/ScanRecord: parseFromBytes
    first manudata for manu ID
08-09 09:05:19.791 14824-14853/? D/ScanRecord: parseFromBytes
    first manudata for manu ID
08-09 09:05:19.791 14824-21595/? D/BtGatt.ContextMap: sendClientScanResult for app id 5
08-09 09:05:19.791 5648-5658/? D/ScanRecord: parseFromBytes
    first manudata for manu ID
08-09 09:05:19.801 14824-14853/? D/ScanRecord: parseFromBytes
    first manudata for manu ID
08-09 09:05:19.801 14824-21595/? D/BtGatt.ContextMap: sendClientScanResult for app id 5
08-09 09:05:19.801 5648-20453/? D/ScanRecord: parseFromBytes
    first manudata for manu ID
08-09 09:05:19.821 14824-14853/? D/ScanRecord: parseFromBytes
08-09 09:05:19.821 14824-21595/? D/BtGatt.ContextMap: sendClientScanResult for app id 5
08-09 09:05:19.821 5648-5659/? D/ScanRecord: parseFromBytes
08-09 09:05:19.841 14824-14853/? D/ScanRecord: parseFromBytes
    first manudata for manu ID
08-09 09:05:19.841 14824-21595/? D/BtGatt.ContextMap: sendClientScanResult for app id 5
08-09 09:05:19.841 5648-5658/? D/ScanRecord: parseFromBytes
    first manudata for manu ID
08-09 09:05:19.861 14824-14853/? D/ScanRecord: parseFromBytes
    first manudata for manu ID
08-09 09:05:19.861 14824-21595/? D/BtGatt.ContextMap: sendClientScanResult for app id 5
08-09 09:05:19.861 5648-20453/? D/ScanRecord: parseFromBytes
    first manudata for manu ID
08-09 09:05:19.881 14824-14853/? D/ScanRecord: parseFromBytes
    first manudata for manu ID
08-09 09:05:19.881 14824-21595/? D/BtGatt.ContextMap: sendClientScanResult for app id 5
08-09 09:05:19.881 5648-5659/? D/ScanRecord: parseFromBytes
    first manudata for manu ID
08-09 09:05:19.891 14824-14853/? D/ScanRecord: parseFromBytes
    first manudata for manu ID
08-09 09:05:19.891 14824-21595/? D/BtGatt.ContextMap: sendClientScanResult for app id 5
08-09 09:05:19.891 5648-5658/? D/ScanRecord: parseFromBytes
    first manudata for manu ID
08-09 09:05:19.891 14824-14853/? D/ScanRecord: parseFromBytes
    first manudata for manu ID
08-09 09:05:19.901 14824-21595/? D/BtGatt.ContextMap: sendClientScanResult for app id 5
08-09 09:05:19.901 5648-20453/? D/ScanRecord: parseFromBytes
    first manudata for manu ID
08-09 09:05:19.911 14824-14853/? D/ScanRecord: parseFromBytes
    first manudata for manu ID
08-09 09:05:19.911 14824-21595/? D/BtGatt.ContextMap: sendClientScanResult for app id 5
08-09 09:05:19.911 5648-5659/? D/ScanRecord: parseFromBytes
    first manudata for manu ID
08-09 09:05:19.921 14824-14853/? D/ScanRecord: parseFromBytes
08-09 09:05:19.921 14824-21595/? D/BtGatt.ContextMap: sendClientScanResult for app id 5
08-09 09:05:19.921 5648-5658/? D/ScanRecord: parseFromBytes
08-09 09:05:19.941 14824-14853/? D/ScanRecord: parseFromBytes
    first manudata for manu ID
08-09 09:05:19.941 14824-21595/? D/BtGatt.ContextMap: sendClientScanResult for app id 5
08-09 09:05:19.941 5648-20453/? D/ScanRecord: parseFromBytes
    first manudata for manu ID
08-09 09:05:20.771 2168-2168/? I/display: [PrimaryDisplay] [DYNAMIC_RECOMP] first frame after HWC_2_GLES
    [PrimaryDisplay] [DYNAMIC_RECOMP] GLES_2_HWC by high FPS(5)
08-09 09:05:21.061 2168-21577/? I/display: [PrimaryDisplay] [DYNAMIC_RECOMP] HWC_2_GLES by low FPS(0)
08-09 09:05:21.771 2168-2168/? I/display: [PrimaryDisplay] [DYNAMIC_RECOMP] first frame after HWC_2_GLES
    [PrimaryDisplay] [DYNAMIC_RECOMP] GLES_2_HWC by high FPS(5)
08-09 09:05:22.061 2168-21577/? I/display: [PrimaryDisplay] [DYNAMIC_RECOMP] HWC_2_GLES by low FPS(0)
08-09 09:05:22.771 2168-2168/? I/display: [PrimaryDisplay] [DYNAMIC_RECOMP] first frame after HWC_2_GLES
    [PrimaryDisplay] [DYNAMIC_RECOMP] GLES_2_HWC by high FPS(5)
08-09 09:05:22.911 14824-14853/? D/ScanRecord: parseFromBytes
    first manudata for manu ID
08-09 09:05:22.911 14824-21595/? D/BtGatt.ContextMap: sendClientScanResult for app id 5
08-09 09:05:22.911 5648-5659/? D/ScanRecord: parseFromBytes
    first manudata for manu ID
08-09 09:05:22.921 14824-14853/? D/ScanRecord: parseFromBytes
    first manudata for manu ID
08-09 09:05:22.921 14824-21595/? D/BtGatt.ContextMap: sendClientScanResult for app id 5
08-09 09:05:22.921 5648-5658/? D/ScanRecord: parseFromBytes
    first manudata for manu ID
08-09 09:05:22.921 14824-14853/? D/ScanRecord: parseFromBytes
    first manudata for manu ID
08-09 09:05:22.921 14824-21595/? D/BtGatt.ContextMap: sendClientScanResult for app id 5
08-09 09:05:22.921 5648-20453/? D/ScanRecord: parseFromBytes
    first manudata for manu ID
08-09 09:05:22.921 14824-14853/? D/ScanRecord: parseFromBytes
    first manudata for manu ID
08-09 09:05:22.921 14824-21595/? D/BtGatt.ContextMap: sendClientScanResult for app id 5
08-09 09:05:22.921 5648-5659/? D/ScanRecord: parseFromBytes
    first manudata for manu ID
08-09 09:05:22.941 14824-14853/? D/ScanRecord: parseFromBytes
08-09 09:05:22.941 14824-21595/? D/BtGatt.ContextMap: sendClientScanResult for app id 5
08-09 09:05:22.941 5648-5658/? D/ScanRecord: parseFromBytes
08-09 09:05:22.941 14824-14853/? D/ScanRecord: parseFromBytes
    first manudata for manu ID
08-09 09:05:22.941 14824-21595/? D/BtGatt.ContextMap: sendClientScanResult for app id 5
08-09 09:05:22.941 5648-20453/? D/ScanRecord: parseFromBytes
    first manudata for manu ID
08-09 09:05:22.961 14824-14853/? D/ScanRecord: parseFromBytes
    first manudata for manu ID
08-09 09:05:22.961 14824-21595/? D/BtGatt.ContextMap: sendClientScanResult for app id 5
08-09 09:05:22.961 5648-5659/? D/ScanRecord: parseFromBytes
    first manudata for manu ID
08-09 09:05:23.021 14824-14853/? D/ScanRecord: parseFromBytes
    first manudata for manu ID
08-09 09:05:23.021 14824-21595/? D/BtGatt.ContextMap: sendClientScanResult for app id 5
08-09 09:05:23.021 5648-5658/? D/ScanRecord: parseFromBytes
    first manudata for manu ID
08-09 09:05:23.021 14824-14853/? D/ScanRecord: parseFromBytes
    first manudata for manu ID
08-09 09:05:23.021 14824-21595/? D/BtGatt.ContextMap: sendClientScanResult for app id 5
08-09 09:05:23.021 5648-20453/? D/ScanRecord: parseFromBytes
    first manudata for manu ID
08-09 09:05:23.031 14824-14853/? D/ScanRecord: parseFromBytes
    first manudata for manu ID
08-09 09:05:23.031 14824-21595/? D/BtGatt.ContextMap: sendClientScanResult for app id 5
08-09 09:05:23.031 5648-5659/? D/ScanRecord: parseFromBytes
    first manudata for manu ID
08-09 09:05:23.041 14824-14853/? D/ScanRecord: parseFromBytes
08-09 09:05:23.041 14824-21595/? D/BtGatt.ContextMap: sendClientScanResult for app id 5
08-09 09:05:23.041 5648-5658/? D/ScanRecord: parseFromBytes
08-09 09:05:23.041 14824-14853/? D/ScanRecord: parseFromBytes
    first manudata for manu ID
08-09 09:05:23.041 14824-21595/? D/BtGatt.ContextMap: sendClientScanResult for app id 5
08-09 09:05:23.041 5648-20453/? D/ScanRecord: parseFromBytes
    first manudata for manu ID
08-09 09:05:23.061 2168-21577/? I/display: [PrimaryDisplay] [DYNAMIC_RECOMP] HWC_2_GLES by low FPS(0)
08-09 09:05:23.061 14824-14853/? D/ScanRecord: parseFromBytes
    first manudata for manu ID
08-09 09:05:23.061 14824-21595/? D/BtGatt.ContextMap: sendClientScanResult for app id 5
08-09 09:05:23.061 14824-14853/? D/ScanRecord: parseFromBytes
    first manudata for manu ID
08-09 09:05:23.071 5648-5659/? D/ScanRecord: parseFromBytes
    first manudata for manu ID
08-09 09:05:23.071 14824-21595/? D/BtGatt.ContextMap: sendClientScanResult for app id 5
08-09 09:05:23.071 5648-5658/? D/ScanRecord: parseFromBytes
    first manudata for manu ID
08-09 09:05:23.791 2168-2168/? I/display: [PrimaryDisplay] [DYNAMIC_RECOMP] first frame after HWC_2_GLES
    [PrimaryDisplay] [DYNAMIC_RECOMP] GLES_2_HWC by high FPS(5)
08-09 09:05:24.061 2168-21577/? I/display: [PrimaryDisplay] [DYNAMIC_RECOMP] HWC_2_GLES by low FPS(0)
08-09 09:05:24.481 2643-5010/? D/EPDG -- [MODEM]: message length is  9
    countRead is 7 offset is 7remaining is 0
08-09 09:05:24.481 2643-5010/? D/EPDG -- EpdgIpcMessageFactory: ipcMainCmd: 8
08-09 09:05:24.481 2643-5010/? D/EPDG -- [UTILS]: isUSerBinary: true
08-09 09:05:24.481 2643-5010/? D/EPDG -- [RILRECEIVER]: [Rx]: Main: IPC_NET_CMD Sub: IPC_NET_REGIST
    [Rx]: Param: FF 03 
08-09 09:05:24.481 2643-5010/? I/EPDG -- [RILRECEIVER]: RX [NET_REGIST] -- RESPONSE -- EPDG NOT AVAILABLE
08-09 09:05:24.481 2643-5010/? D/EPDG -- [NETIPCMESSAGE]: encodeNetRegist
08-09 09:05:24.491 2643-5010/? D/EPDG -- [UTILS]: isUSerBinary: true
08-09 09:05:24.491 2643-5010/? D/EPDG -- [IPCDISPATCHER]: [Tx]: Main: IPC_NET_CMD Sub: IPC_NET_REGIST Cmd Type: IPC_CMD_RESP
    [Tx]: Param: 30 03 01 00 00 00 00 00 00 00 00 00 00 
08-09 09:05:24.491 2643-5010/? D/EPDG -- [MODEM]: EpdgModem instance already exists !
08-09 09:05:24.491 2643-5009/? D/EPDG -- [MODEM]: Successfully written to RIL
08-09 09:05:24.491 2643-3096/? D/EPDG -- [EPDGService]: Event received: RIL_EPDG_STATUS_QUERY
    handleMessage: cid - 1
08-09 09:05:24.531 3190-3552/? D/NetworkController.MobileSignalController(0/3): onCellLocationChanged
08-09 09:05:24.531 3562-3562/? D/PdnController: onCellLocationChanged:
08-09 09:05:24.531 3562-3562/? D/VolteServiceModule: onCellLocationChanged:
08-09 09:05:24.531 3562-3562/? D/RegistrationManagerBase: onCellLocationChanged:
08-09 09:05:24.531 3562-3690/? D/ResipRegistrationManager: handleMessage(): 24
08-09 09:05:24.531 3562-3690/? D/RegistrationManagerBase: handleMessage: what 24
08-09 09:05:24.541 3562-3690/? E/OmcCode: OMC is empty
    salesCode is loaded :ZTO
08-09 09:05:24.541 3562-3690/? D/Mno: fromPlmn: operator=72403
08-09 09:05:25.071 3463-3663/? I/System.out: Broadcasting: Intent { act=com.sec.android.LTE_CA_PARAMETER flg=0x10000000 (has extras) }
    Broadcasting: Intent { act=com.sec.android.LTE_WIDEBAND_INFO flg=0x10000000 (has extras) }
08-09 09:05:25.071 3463-3721/? I/System.out: Broadcast completed: result=0
08-09 09:05:25.081 3190-3552/? D/NetworkController: onReceive: intent=Intent { act=com.sec.android.LTE_WIDEBAND_INFO flg=0x10000010 bqHint=2 (has extras) }
08-09 09:05:25.081 3190-3552/? D/NetworkController.MobileSignalController(0/3): LTE WIDEBAND : mCurrentState.CAIndicator = false
    getMobileIconGroup(): 13
08-09 09:05:25.081 3463-4230/? I/System.out: Broadcast completed: result=0
08-09 09:05:26.021 14824-14853/? D/ScanRecord: parseFromBytes
    first manudata for manu ID
08-09 09:05:26.021 14824-21595/? D/BtGatt.ContextMap: sendClientScanResult for app id 5
08-09 09:05:26.021 5648-5659/? D/ScanRecord: parseFromBytes
    first manudata for manu ID
08-09 09:05:26.031 14824-14853/? D/ScanRecord: parseFromBytes
08-09 09:05:26.031 14824-21595/? D/BtGatt.ContextMap: sendClientScanResult for app id 5
08-09 09:05:26.031 5648-5658/? D/ScanRecord: parseFromBytes
08-09 09:05:26.041 14824-14853/? D/ScanRecord: parseFromBytes
    first manudata for manu ID
08-09 09:05:26.041 14824-21595/? D/BtGatt.ContextMap: sendClientScanResult for app id 5
08-09 09:05:26.041 5648-20453/? D/ScanRecord: parseFromBytes
    first manudata for manu ID
08-09 09:05:26.071 14824-14853/? D/ScanRecord: parseFromBytes
    first manudata for manu ID
08-09 09:05:26.071 14824-21595/? D/BtGatt.ContextMap: sendClientScanResult for app id 5
08-09 09:05:26.071 5648-5659/? D/ScanRecord: parseFromBytes
    first manudata for manu ID
08-09 09:05:26.091 14824-14853/? D/ScanRecord: parseFromBytes
08-09 09:05:26.091 14824-21595/? D/BtGatt.ContextMap: sendClientScanResult for app id 5
08-09 09:05:26.101 5648-5658/? D/ScanRecord: parseFromBytes
08-09 09:05:26.101 14824-14853/? D/ScanRecord: parseFromBytes
    first manudata for manu ID
08-09 09:05:26.101 14824-21595/? D/BtGatt.ContextMap: sendClientScanResult for app id 5
08-09 09:05:26.101 5648-20453/? D/ScanRecord: parseFromBytes
08-09 09:05:26.111 5648-20453/? D/ScanRecord: first manudata for manu ID
08-09 09:05:26.121 14824-14853/? D/ScanRecord: parseFromBytes
    first manudata for manu ID
08-09 09:05:26.121 14824-21595/? D/BtGatt.ContextMap: sendClientScanResult for app id 5
08-09 09:05:26.121 5648-5659/? D/ScanRecord: parseFromBytes
    first manudata for manu ID
08-09 09:05:26.131 14824-14853/? D/ScanRecord: parseFromBytes
    first manudata for manu ID
08-09 09:05:26.131 14824-21595/? D/BtGatt.ContextMap: sendClientScanResult for app id 5
08-09 09:05:26.131 5648-5658/? D/ScanRecord: parseFromBytes
    first manudata for manu ID
08-09 09:05:26.131 14824-14853/? D/ScanRecord: parseFromBytes
08-09 09:05:26.131 14824-21595/? D/BtGatt.ContextMap: sendClientScanResult for app id 5
08-09 09:05:26.131 5648-20453/? D/ScanRecord: parseFromBytes
08-09 09:05:26.151 14824-14853/? D/ScanRecord: parseFromBytes
    first manudata for manu ID
08-09 09:05:26.151 14824-21595/? D/BtGatt.ContextMap: sendClientScanResult for app id 5
08-09 09:05:26.151 5648-5659/? D/ScanRecord: parseFromBytes
    first manudata for manu ID
08-09 09:05:26.161 3562-3690/? D/ResipSsConfigHandler: handleMessage: what 8
08-09 09:05:26.161 3562-3690/? E/OmcCode: OMC is empty
    salesCode is loaded :ZTO
08-09 09:05:26.171 3562-3690/? D/Mno: fromPlmn: operator=72403
08-09 09:05:26.171 3562-3690/? D/ImsSettingsProvider: query Uri: content://com.sec.ims.settings/global
    match 4
08-09 09:05:26.171 3562-3690/? V/ImsSettingsProvider: query Uri[content://com.sec.ims.settings/global], selection [null]
08-09 09:05:26.171 3562-3690/? D/ImsSettingsProvider: query Uri: content://com.sec.ims.settings/nvstorage/omadm/
    match 15
08-09 09:05:26.171 3562-3690/? V/ImsSettingsProvider: query Uri[content://com.sec.ims.settings/nvstorage/omadm/], selection [null]
08-09 09:05:26.171 3562-3690/? D/NvStorage: query: omadm,[SMS_FORMAT]
08-09 09:05:26.171 3562-3690/? D/GlobalSettings: loadSettings: count 1
08-09 09:05:26.171 3562-3690/? D/ResipSsConfigHandler: SIM is not loaded
    handleMessage: what 8
08-09 09:05:26.171 3562-3690/? E/OmcCode: OMC is empty
    salesCode is loaded :ZTO
08-09 09:05:26.171 3562-3690/? D/Mno: fromPlmn: operator=72403
08-09 09:05:26.181 3562-3690/? D/ImsSettingsProvider: query Uri: content://com.sec.ims.settings/global
    match 4
08-09 09:05:26.181 3562-3690/? V/ImsSettingsProvider: query Uri[content://com.sec.ims.settings/global], selection [null]
08-09 09:05:26.181 3562-3690/? D/ImsSettingsProvider: query Uri: content://com.sec.ims.settings/nvstorage/omadm/
    match 15
08-09 09:05:26.181 3562-3690/? V/ImsSettingsProvider: query Uri[content://com.sec.ims.settings/nvstorage/omadm/], selection [null]
08-09 09:05:26.181 3562-3690/? D/NvStorage: query: omadm,[SMS_FORMAT]
08-09 09:05:26.181 3562-3690/? D/GlobalSettings: loadSettings: count 1
08-09 09:05:26.181 14824-14853/? D/ScanRecord: parseFromBytes
    first manudata for manu ID
08-09 09:05:26.181 14824-21595/? D/BtGatt.ContextMap: sendClientScanResult for app id 5
08-09 09:05:26.181 3562-3690/? D/ResipSsConfigHandler: SIM is not loaded
08-09 09:05:26.181 5648-5658/? D/ScanRecord: parseFromBytes
    first manudata for manu ID
08-09 09:05:29.151 14824-14853/? D/ScanRecord: parseFromBytes
    first manudata for manu ID
08-09 09:05:29.151 14824-21595/? D/BtGatt.ContextMap: sendClientScanResult for app id 5
08-09 09:05:29.151 5648-20453/? D/ScanRecord: parseFromBytes
    first manudata for manu ID
08-09 09:05:29.151 14824-14853/? D/ScanRecord: parseFromBytes
    first manudata for manu ID
08-09 09:05:29.151 14824-21595/? D/BtGatt.ContextMap: sendClientScanResult for app id 5
08-09 09:05:29.151 5648-5659/? D/ScanRecord: parseFromBytes
    first manudata for manu ID
08-09 09:05:29.201 14824-14853/? D/ScanRecord: parseFromBytes
    first manudata for manu ID
08-09 09:05:29.201 14824-21595/? D/BtGatt.ContextMap: sendClientScanResult for app id 5
08-09 09:05:29.201 5648-5658/? D/ScanRecord: parseFromBytes
    first manudata for manu ID
08-09 09:05:29.221 14824-14853/? D/ScanRecord: parseFromBytes
    first manudata for manu ID
08-09 09:05:29.221 14824-21595/? D/BtGatt.ContextMap: sendClientScanResult for app id 5
08-09 09:05:29.221 5648-20453/? D/ScanRecord: parseFromBytes
    first manudata for manu ID
08-09 09:05:29.231 14824-14853/? D/ScanRecord: parseFromBytes
    first manudata for manu ID
08-09 09:05:29.231 14824-21595/? D/BtGatt.ContextMap: sendClientScanResult for app id 5
08-09 09:05:29.231 5648-5659/? D/ScanRecord: parseFromBytes
    first manudata for manu ID
08-09 09:05:29.241 14824-14853/? D/ScanRecord: parseFromBytes
08-09 09:05:29.241 14824-21595/? D/BtGatt.ContextMap: sendClientScanResult for app id 5
08-09 09:05:29.241 5648-5658/? D/ScanRecord: parseFromBytes
08-09 09:05:29.251 14824-14853/? D/ScanRecord: parseFromBytes
08-09 09:05:29.251 14824-21595/? D/BtGatt.ContextMap: sendClientScanResult for app id 5
08-09 09:05:29.251 5648-20453/? D/ScanRecord: parseFromBytes
08-09 09:05:29.261 14824-14853/? D/ScanRecord: parseFromBytes
    first manudata for manu ID
08-09 09:05:29.261 14824-21595/? D/BtGatt.ContextMap: sendClientScanResult for app id 5
08-09 09:05:29.261 5648-5659/? D/ScanRecord: parseFromBytes
    first manudata for manu ID
08-09 09:05:29.261 14824-14853/? D/ScanRecord: parseFromBytes
    first manudata for manu ID
08-09 09:05:29.261 14824-21595/? D/BtGatt.ContextMap: sendClientScanResult for app id 5
08-09 09:05:29.261 5648-5658/? D/ScanRecord: parseFromBytes
    first manudata for manu ID
08-09 09:05:29.301 14824-14853/? D/ScanRecord: parseFromBytes
    first manudata for manu ID
08-09 09:05:29.301 14824-21595/? D/BtGatt.ContextMap: sendClientScanResult for app id 5
08-09 09:05:29.301 5648-20453/? D/ScanRecord: parseFromBytes
    first manudata for manu ID
08-09 09:05:29.451 3190-3190/? D/KeyguardUpdateMonitor: received broadcast android.intent.action.BATTERY_CHANGED
    handleBatteryUpdate
08-09 09:05:29.461 3562-3562/? D/BatteryMonitor: new battery level: 91
08-09 09:05:29.481 2168-2168/? I/display: [PrimaryDisplay] [DYNAMIC_RECOMP] first frame after HWC_2_GLES
    [PrimaryDisplay] [DYNAMIC_RECOMP] GLES_2_HWC by high FPS(5)
08-09 09:05:29.771 2168-21577/? I/display: [PrimaryDisplay] [DYNAMIC_RECOMP] HWC_2_GLES by low FPS(0)
08-09 09:05:32.261 14824-14853/? D/ScanRecord: parseFromBytes
    first manudata for manu ID
08-09 09:05:32.261 14824-21595/? D/BtGatt.ContextMap: sendClientScanResult for app id 5
08-09 09:05:32.261 5648-5659/? D/ScanRecord: parseFromBytes
    first manudata for manu ID
08-09 09:05:32.261 14824-14853/? D/ScanRecord: parseFromBytes
    first manudata for manu ID
08-09 09:05:32.271 14824-21595/? D/BtGatt.ContextMap: sendClientScanResult for app id 5
08-09 09:05:32.271 5648-5658/? D/ScanRecord: parseFromBytes
    first manudata for manu ID
08-09 09:05:32.281 14824-14853/? D/ScanRecord: parseFromBytes
08-09 09:05:32.281 14824-21595/? D/BtGatt.ContextMap: sendClientScanResult for app id 5
08-09 09:05:32.281 5648-20453/? D/ScanRecord: parseFromBytes
08-09 09:05:32.301 14824-14853/? D/ScanRecord: parseFromBytes
    first manudata for manu ID
08-09 09:05:32.301 14824-21595/? D/BtGatt.ContextMap: sendClientScanResult for app id 5
08-09 09:05:32.301 5648-5659/? D/ScanRecord: parseFromBytes
    first manudata for manu ID
08-09 09:05:32.311 14824-14853/? D/ScanRecord: parseFromBytes
    first manudata for manu ID
08-09 09:05:32.311 14824-21595/? D/BtGatt.ContextMap: sendClientScanResult for app id 5
08-09 09:05:32.311 5648-5658/? D/ScanRecord: parseFromBytes
    first manudata for manu ID
08-09 09:05:32.311 14824-14853/? D/ScanRecord: parseFromBytes
08-09 09:05:32.311 14824-21595/? D/BtGatt.ContextMap: sendClientScanResult for app id 5
08-09 09:05:32.311 5648-20453/? D/ScanRecord: parseFromBytes
08-09 09:05:32.321 14824-14853/? D/ScanRecord: parseFromBytes
    first manudata for manu ID
08-09 09:05:32.321 14824-21595/? D/BtGatt.ContextMap: sendClientScanResult for app id 5
08-09 09:05:32.321 5648-5659/? D/ScanRecord: parseFromBytes
    first manudata for manu ID
08-09 09:05:32.351 14824-14853/? D/ScanRecord: parseFromBytes
    first manudata for manu ID
08-09 09:05:32.351 14824-21595/? D/BtGatt.ContextMap: sendClientScanResult for app id 5
08-09 09:05:32.351 5648-5658/? D/ScanRecord: parseFromBytes
    first manudata for manu ID
08-09 09:05:32.371 14824-14853/? D/ScanRecord: parseFromBytes
    first manudata for manu ID
08-09 09:05:32.371 14824-21595/? D/BtGatt.ContextMap: sendClientScanResult for app id 5
08-09 09:05:32.371 5648-20453/? D/ScanRecord: parseFromBytes
    first manudata for manu ID
08-09 09:05:32.381 14824-14853/? D/ScanRecord: parseFromBytes
08-09 09:05:32.381 14824-21595/? D/BtGatt.ContextMap: sendClientScanResult for app id 5
08-09 09:05:32.381 5648-5659/? D/ScanRecord: parseFromBytes
08-09 09:05:32.411 14824-14853/? D/ScanRecord: parseFromBytes
    first manudata for manu ID
08-09 09:05:32.411 14824-21595/? D/BtGatt.ContextMap: sendClientScanResult for app id 5
08-09 09:05:32.411 5648-5658/? D/ScanRecord: parseFromBytes
    first manudata for manu ID
08-09 09:05:32.411 14824-14853/? D/ScanRecord: parseFromBytes
    first manudata for manu ID
08-09 09:05:32.411 14824-21595/? D/BtGatt.ContextMap: sendClientScanResult for app id 5
08-09 09:05:32.411 5648-20453/? D/ScanRecord: parseFromBytes
    first manudata for manu ID
08-09 09:05:32.431 14824-14853/? D/ScanRecord: parseFromBytes
    first manudata for manu ID
08-09 09:05:32.431 14824-21595/? D/BtGatt.ContextMap: sendClientScanResult for app id 5
08-09 09:05:32.431 5648-5659/? D/ScanRecord: parseFromBytes
    first manudata for manu ID
08-09 09:05:35.391 14824-14853/? D/ScanRecord: parseFromBytes
    first manudata for manu ID
08-09 09:05:35.391 14824-21595/? D/BtGatt.ContextMap: sendClientScanResult for app id 5
08-09 09:05:35.391 5648-5658/? D/ScanRecord: parseFromBytes
    first manudata for manu ID
08-09 09:05:35.401 14824-14853/? D/ScanRecord: parseFromBytes
08-09 09:05:35.411 14824-14853/? D/ScanRecord: first manudata for manu ID
08-09 09:05:35.411 14824-21595/? D/BtGatt.ContextMap: sendClientScanResult for app id 5
08-09 09:05:35.411 5648-20453/? D/ScanRecord: parseFromBytes
    first manudata for manu ID
08-09 09:05:35.421 14824-14853/? D/ScanRecord: parseFromBytes
    first manudata for manu ID
08-09 09:05:35.421 14824-21595/? D/BtGatt.ContextMap: sendClientScanResult for app id 5
08-09 09:05:35.421 5648-5659/? D/ScanRecord: parseFromBytes
    first manudata for manu ID
08-09 09:05:35.431 14824-14853/? D/ScanRecord: parseFromBytes
    first manudata for manu ID
08-09 09:05:35.431 14824-21595/? D/BtGatt.ContextMap: sendClientScanResult for app id 5
08-09 09:05:35.441 5648-5658/? D/ScanRecord: parseFromBytes
    first manudata for manu ID
08-09 09:05:35.441 14824-14853/? D/ScanRecord: parseFromBytes
08-09 09:05:35.451 14824-21595/? D/BtGatt.ContextMap: sendClientScanResult for app id 5
08-09 09:05:35.451 5648-20453/? D/ScanRecord: parseFromBytes
08-09 09:05:35.461 14824-14853/? D/ScanRecord: parseFromBytes
08-09 09:05:35.461 14824-21595/? D/BtGatt.ContextMap: sendClientScanResult for app id 5
08-09 09:05:35.461 5648-5659/? D/ScanRecord: parseFromBytes
08-09 09:05:35.481 14824-14853/? D/ScanRecord: parseFromBytes
    first manudata for manu ID
08-09 09:05:35.481 14824-21595/? D/BtGatt.ContextMap: sendClientScanResult for app id 5
08-09 09:05:35.481 5648-5658/? D/ScanRecord: parseFromBytes
    first manudata for manu ID
08-09 09:05:35.501 14824-14853/? D/ScanRecord: parseFromBytes
    first manudata for manu ID
08-09 09:05:35.501 14824-21595/? D/BtGatt.ContextMap: sendClientScanResult for app id 5
08-09 09:05:35.501 5648-20453/? D/ScanRecord: parseFromBytes
    first manudata for manu ID
08-09 09:05:35.521 14824-14853/? D/ScanRecord: parseFromBytes
    first manudata for manu ID
08-09 09:05:35.521 14824-21595/? D/BtGatt.ContextMap: sendClientScanResult for app id 5
08-09 09:05:35.521 5648-5659/? D/ScanRecord: parseFromBytes
    first manudata for manu ID
08-09 09:05:35.541 14824-14853/? D/ScanRecord: parseFromBytes
    first manudata for manu ID
08-09 09:05:35.541 14824-21595/? D/BtGatt.ContextMap: sendClientScanResult for app id 5
08-09 09:05:35.541 5648-5658/? D/ScanRecord: parseFromBytes
    first manudata for manu ID
08-09 09:05:36.181 3562-3690/? D/ResipSsConfigHandler: handleMessage: what 8
08-09 09:05:36.181 3562-3690/? E/OmcCode: OMC is empty
    salesCode is loaded :ZTO
08-09 09:05:36.191 3562-3690/? D/Mno: fromPlmn: operator=72403
08-09 09:05:36.191 3562-3690/? D/ImsSettingsProvider: query Uri: content://com.sec.ims.settings/global
    match 4
08-09 09:05:36.191 3562-3690/? V/ImsSettingsProvider: query Uri[content://com.sec.ims.settings/global], selection [null]
08-09 09:05:36.191 3562-3690/? D/ImsSettingsProvider: query Uri: content://com.sec.ims.settings/nvstorage/omadm/
    match 15
08-09 09:05:36.191 3562-3690/? V/ImsSettingsProvider: query Uri[content://com.sec.ims.settings/nvstorage/omadm/], selection [null]
08-09 09:05:36.191 3562-3690/? D/NvStorage: query: omadm,[SMS_FORMAT]
08-09 09:05:36.191 3562-3690/? D/GlobalSettings: loadSettings: count 1
08-09 09:05:36.191 3562-3690/? D/ResipSsConfigHandler: SIM is not loaded
    handleMessage: what 8
08-09 09:05:36.191 3562-3690/? E/OmcCode: OMC is empty
    salesCode is loaded :ZTO
08-09 09:05:36.191 3562-3690/? D/Mno: fromPlmn: operator=72403
08-09 09:05:36.191 3562-3690/? D/ImsSettingsProvider: query Uri: content://com.sec.ims.settings/global
    match 4
08-09 09:05:36.191 3562-3690/? V/ImsSettingsProvider: query Uri[content://com.sec.ims.settings/global], selection [null]
08-09 09:05:36.201 3562-3690/? D/ImsSettingsProvider: query Uri: content://com.sec.ims.settings/nvstorage/omadm/
    match 15
08-09 09:05:36.201 3562-3690/? V/ImsSettingsProvider: query Uri[content://com.sec.ims.settings/nvstorage/omadm/], selection [null]
08-09 09:05:36.201 3562-3690/? D/NvStorage: query: omadm,[SMS_FORMAT]
08-09 09:05:36.201 3562-3690/? D/GlobalSettings: loadSettings: count 1
08-09 09:05:36.201 3562-3690/? D/ResipSsConfigHandler: SIM is not loaded
08-09 09:05:36.821 2168-2168/? I/display: [PrimaryDisplay] [DYNAMIC_RECOMP] first frame after HWC_2_GLES
    [PrimaryDisplay] [DYNAMIC_RECOMP] GLES_2_HWC by high FPS(5)
08-09 09:05:37.081 2168-21577/? I/display: [PrimaryDisplay] [DYNAMIC_RECOMP] HWC_2_GLES by low FPS(0)
08-09 09:05:37.121 21842-21842/? I/wpa_supplicant: wlan0: Setting scan request: 0 sec 0 usec
    P2P: Current p2p state = IDLE
08-09 09:05:37.131 21842-21842/? I/wpa_supplicant: Scan requested (ret=0) - scan timeout 30 seconds
08-09 09:05:37.141 2643-3005/? I/AppOps: sendInfoToFLP, code=12 , uid=10009 , packageName=com.google.android.gms , type=noteOp
08-09 09:05:37.921 2643-5010/? D/EPDG -- [MODEM]: message length is  9
    countRead is 7 offset is 7remaining is 0
08-09 09:05:37.921 2643-5010/? D/EPDG -- EpdgIpcMessageFactory: ipcMainCmd: 8
08-09 09:05:37.921 2643-5010/? D/EPDG -- [UTILS]: isUSerBinary: true
08-09 09:05:37.921 2643-5010/? D/EPDG -- [RILRECEIVER]: [Rx]: Main: IPC_NET_CMD Sub: IPC_NET_REGIST
    [Rx]: Param: FF 03 
08-09 09:05:37.931 2643-5010/? I/EPDG -- [RILRECEIVER]: RX [NET_REGIST] -- RESPONSE -- EPDG NOT AVAILABLE
08-09 09:05:37.931 2643-5010/? D/EPDG -- [NETIPCMESSAGE]: encodeNetRegist
08-09 09:05:37.931 2643-5010/? D/EPDG -- [UTILS]: isUSerBinary: true
08-09 09:05:37.931 2643-5010/? D/EPDG -- [IPCDISPATCHER]: [Tx]: Main: IPC_NET_CMD Sub: IPC_NET_REGIST Cmd Type: IPC_CMD_RESP
    [Tx]: Param: 30 03 01 00 00 00 00 00 00 00 00 00 00 
08-09 09:05:37.931 2643-5010/? D/EPDG -- [MODEM]: EpdgModem instance already exists !
08-09 09:05:37.931 2643-5009/? D/EPDG -- [MODEM]: Successfully written to RIL
08-09 09:05:37.931 2643-3096/? D/EPDG -- [EPDGService]: Event received: RIL_EPDG_STATUS_QUERY
    handleMessage: cid - 1
08-09 09:05:37.971 3190-3552/? D/NetworkController.MobileSignalController(0/3): onCellLocationChanged
08-09 09:05:37.981 3562-3562/? D/PdnController: onCellLocationChanged:
08-09 09:05:37.981 3562-3562/? D/VolteServiceModule: onCellLocationChanged:
08-09 09:05:37.981 3562-3562/? D/RegistrationManagerBase: onCellLocationChanged:
08-09 09:05:37.981 3562-3690/? D/ResipRegistrationManager: handleMessage(): 24
08-09 09:05:37.981 3562-3690/? D/RegistrationManagerBase: handleMessage: what 24
08-09 09:05:37.981 3562-3690/? E/OmcCode: OMC is empty
    salesCode is loaded :ZTO
08-09 09:05:37.981 3562-3690/? D/Mno: fromPlmn: operator=72403
08-09 09:05:38.001 2178-2924/? D/Netd: Iface wlan0 link up
08-09 09:05:38.001 21842-21842/? I/wpa_supplicant: nl80211: Received scan results (13 BSSes)
08-09 09:05:38.011 2643-2813/? D/EPDG -- [NETMGMT]: Interface wlan0 link up
08-09 09:05:38.011 2643-3096/? D/EPDG -- [EPDGService]: Interface wlan0 link up
    mobileIntfPrefix is rmnet
    Not Mobile Interface. Ignoring Interface State Change Event
08-09 09:05:38.131 3413-24365/? W/ctxmgr: [AclManager]No 2 for (accnt=account#-517948760#, com.google.android.gms(10009):IndoorOutdoorProducer, vrsn=12874000, 0, 3pPkg = null ,  3pMdlId = null ,  pid = 3413). Was: 3 for 57, account#-517948760#
08-09 09:05:38.181 3413-3413/? I/GeofencerStateMachine: sendNewTransitions called.
08-09 09:05:38.201 3413-24365/? W/ctxmgr: [AclManager]No 2 for (accnt=account#465671052#, com.google.android.gms(10009):UserLocationProducer, vrsn=12874000, 0, 3pPkg = null ,  3pMdlId = null ,  pid = 3413). Was: 2 for 1, account#465671052#
    [AclManager]No 2 for (accnt=account#2000556279#, com.google.android.gms(10009):UserLocationProducer, vrsn=12874000, 0, 3pPkg = null ,  3pMdlId = null ,  pid = 3413). Was: 2 for 1, account#2000556279#
08-09 09:05:38.511 14824-14853/? D/ScanRecord: parseFromBytes
    first manudata for manu ID
08-09 09:05:38.511 14824-21595/? D/BtGatt.ContextMap: sendClientScanResult for app id 5
08-09 09:05:38.511 5648-5659/? D/ScanRecord: parseFromBytes
    first manudata for manu ID
08-09 09:05:38.511 3463-3663/? I/System.out: Broadcasting: Intent { act=com.sec.android.LTE_CA_PARAMETER flg=0x10000000 (has extras) }
08-09 09:05:38.521 3463-3475/? I/System.out: Broadcast completed: result=0
08-09 09:05:38.521 3463-3663/? I/System.out: Broadcasting: Intent { act=com.sec.android.LTE_WIDEBAND_INFO flg=0x10000000 (has extras) }
08-09 09:05:38.521 3190-3552/? D/NetworkController: onReceive: intent=Intent { act=com.sec.android.LTE_WIDEBAND_INFO flg=0x10000010 bqHint=2 (has extras) }
08-09 09:05:38.521 3190-3552/? D/NetworkController.MobileSignalController(0/3): LTE WIDEBAND : mCurrentState.CAIndicator = false
    getMobileIconGroup(): 13
08-09 09:05:38.521 3463-18173/? I/System.out: Broadcast completed: result=0
08-09 09:05:38.531 14824-14853/? D/ScanRecord: parseFromBytes
08-09 09:05:38.531 14824-21595/? D/BtGatt.ContextMap: sendClientScanResult for app id 5
08-09 09:05:38.531 5648-5658/? D/ScanRecord: parseFromBytes
08-09 09:05:38.551 14824-14853/? D/ScanRecord: parseFromBytes
    first manudata for manu ID
08-09 09:05:38.551 14824-21595/? D/BtGatt.ContextMap: sendClientScanResult for app id 5
08-09 09:05:38.551 5648-20453/? D/ScanRecord: parseFromBytes
    first manudata for manu ID
08-09 09:05:38.551 14824-14853/? D/ScanRecord: parseFromBytes
    first manudata for manu ID
08-09 09:05:38.551 14824-21595/? D/BtGatt.ContextMap: sendClientScanResult for app id 5
08-09 09:05:38.551 5648-5659/? D/ScanRecord: parseFromBytes
    first manudata for manu ID
08-09 09:05:38.551 14824-14853/? D/ScanRecord: parseFromBytes
    first manudata for manu ID
08-09 09:05:38.551 14824-21595/? D/BtGatt.ContextMap: sendClientScanResult for app id 5
08-09 09:05:38.551 5648-5658/? D/ScanRecord: parseFromBytes
    first manudata for manu ID
08-09 09:05:38.561 14824-14853/? D/ScanRecord: parseFromBytes
    first manudata for manu ID
08-09 09:05:38.561 14824-21595/? D/BtGatt.ContextMap: sendClientScanResult for app id 5
08-09 09:05:38.561 5648-20453/? D/ScanRecord: parseFromBytes
    first manudata for manu ID
08-09 09:05:38.581 14824-14853/? D/ScanRecord: parseFromBytes
08-09 09:05:38.581 14824-21595/? D/BtGatt.ContextMap: sendClientScanResult for app id 5
08-09 09:05:38.581 5648-5659/? D/ScanRecord: parseFromBytes
08-09 09:05:38.591 14824-14853/? D/ScanRecord: parseFromBytes
    first manudata for manu ID
08-09 09:05:38.591 14824-21595/? D/BtGatt.ContextMap: sendClientScanResult for app id 5
08-09 09:05:38.591 5648-5658/? D/ScanRecord: parseFromBytes
    first manudata for manu ID
