08-09 09:06:03.561 2643-3049/? V/AlarmManager:  remove PendingIntent] PendingIntent{1613534: PendingIntentRecord{d4c1168 com.android.bluetooth broadcastIntent}}
08-09 09:06:03.581 14824-14853/? D/ScanRecord: parseFromBytes
    first manudata for manu ID
08-09 09:06:03.581 14824-21595/? D/BtGatt.ContextMap: sendClientScanResult for app id 5
08-09 09:06:03.581 5648-20453/? D/ScanRecord: parseFromBytes
    first manudata for manu ID
08-09 09:06:03.581 2643-3014/? V/AlarmManager:  remove PendingIntent] PendingIntent{ed1af5d: PendingIntentRecord{d4c1168 com.android.bluetooth broadcastIntent}}
08-09 09:06:03.601 2643-3175/? W/System.err: remove failed: ENOENT (No such file or directory) : /data/system/recent_tasks/279_task.xml.bak
08-09 09:06:03.631 14824-14853/? D/ScanRecord: parseFromBytes
    first manudata for manu ID
08-09 09:06:03.631 14824-21595/? D/BtGatt.ContextMap: sendClientScanResult for app id 5
08-09 09:06:03.631 5648-5659/? D/ScanRecord: parseFromBytes
    first manudata for manu ID
08-09 09:06:03.631 2643-3017/? V/AlarmManager:  remove PendingIntent] PendingIntent{1a430d2: PendingIntentRecord{d4c1168 com.android.bluetooth broadcastIntent}}
08-09 09:06:03.711 2643-3035/? D/ConnectivityService: returning getNetworkInfo for network type 1 : [type: WIFI[] - WIFI, state: CONNECTED/CONNECTED, reason: (unspecified), extra: "Citi", roaming: false, failover: false, isAvailable: true]
08-09 09:06:03.711 2643-2983/? D/ConnectivityService: returning getNetworkInfo for network type 1 : [type: WIFI[] - WIFI, state: CONNECTED/CONNECTED, reason: (unspecified), extra: "Citi", roaming: false, failover: false, isAvailable: true]
08-09 09:06:03.731 25465-25640/? E/nfz: 2018-08-09 09:06:03:  get user unlock v3 info isSuccessful false: 
    2018-08-09 09:06:03:  get user unlock v3 info error code: 1002 message: Unauthorized User
08-09 09:06:03.801 25465-25535/? E/step: step UDT.startup() start 1533816363816
08-09 09:06:03.811 25465-25535/? E/step: step UDT.startup() end 1533816363817
08-09 09:06:03.811 2643-3005/? D/ConnectivityService: returning getNetworkInfo for network type 1 : [type: WIFI[] - WIFI, state: CONNECTED/CONNECTED, reason: (unspecified), extra: "Citi", roaming: false, failover: false, isAvailable: true]
08-09 09:06:03.811 2643-2679/? D/ConnectivityService: returning getNetworkInfo for network type 1 : [type: WIFI[] - WIFI, state: CONNECTED/CONNECTED, reason: (unspecified), extra: "Citi", roaming: false, failover: false, isAvailable: true]
08-09 09:06:03.861 25485-25569/? I/DayClusteringTask: [#CMH#] before mutex 
    [#CMH#] after mutex 
    [#CMH#] internalRun Cluster size after image deletion:  0
08-09 09:06:03.861 25485-25569/? I/ClusteringDBUtils: [#CMH#] No clusters..!! 
08-09 09:06:03.871 25485-25569/? I/TimeBasedClustering: [#CMH#] performClustering insertimages In 0 
08-09 09:06:03.881 25485-25569/? I/DayClusteringTask: [#CMH#] internalRun Cluster size after image insertion:  0
08-09 09:06:03.881 25485-25569/? I/ClusteringDBUtils: [#CMH#] No clusters..!! 
08-09 09:06:03.881 25485-25569/? I/DayClusteringTask: [#CMH#] startLocationClustering In  0
    [#CMH#] internalRun::No more Images/Videos to process, Finished Task, Exiting  
    [#CMH#] after mutex release 
08-09 09:06:03.901 2643-3043/? D/ConnectivityService: returning getNetworkInfo for network type 1 : [type: WIFI[] - WIFI, state: CONNECTED/CONNECTED, reason: (unspecified), extra: "Citi", roaming: false, failover: false, isAvailable: true]
08-09 09:06:03.901 2643-3031/? D/ConnectivityService: returning getNetworkInfo for network type 1 : [type: WIFI[] - WIFI, state: CONNECTED/CONNECTED, reason: (unspecified), extra: "Citi", roaming: false, failover: false, isAvailable: true]
08-09 09:06:03.901 2643-3045/? D/ConnectivityService: returning getNetworkInfo for network type 1 : [type: WIFI[] - WIFI, state: CONNECTED/CONNECTED, reason: (unspecified), extra: "Citi", roaming: false, failover: false, isAvailable: true]
08-09 09:06:03.901 2643-3049/? D/ConnectivityService: returning getNetworkInfo for network type 1 : [type: WIFI[] - WIFI, state: CONNECTED/CONNECTED, reason: (unspecified), extra: "Citi", roaming: false, failover: false, isAvailable: true]
08-09 09:06:04.311 2643-3014/? D/ConnectivityService: returning getNetworkInfo for network type 1 : [type: WIFI[] - WIFI, state: CONNECTED/CONNECTED, reason: (unspecified), extra: "Citi", roaming: false, failover: false, isAvailable: true]
08-09 09:06:04.311 2643-3010/? D/ConnectivityService: returning getNetworkInfo for network type 1 : [type: WIFI[] - WIFI, state: CONNECTED/CONNECTED, reason: (unspecified), extra: "Citi", roaming: false, failover: false, isAvailable: true]
08-09 09:06:04.341 25465-25620/? D/nfz: 2018-08-09 09:06:04:  circle db create success 01.00.01.07 1518590973
08-09 09:06:04.341 25465-25620/? E/nfz: 2018-08-09 09:06:04:  db init step free size: 646
08-09 09:06:04.421 25485-25571/? I/DayAndMonthTask: [#CMH#] before mutex 
    [#CMH#] after mutex 
08-09 09:06:04.431 25485-25571/? I/DayAndMonthTask: [#CMH#] after mutex release 
08-09 09:06:04.681 19254-24182/? D/MediaScanner: Skipping:
    7klwibgf7fvntblfd7(7DCRV75lpnvaubrtk7
08-09 09:06:04.811 25485-25556/? I/Controller: [#CMH#] initializing late running services 
08-09 09:06:04.811 25485-25556/? I/ServiceManager: [#CMH#] Binding To Service  IPService
08-09 09:06:04.811 25485-25556/? E/ServiceManager: [#CMH#] Failed binding To Service  IPService
08-09 09:06:04.811 25485-25556/? I/ServiceManager: [#CMH#] Binding To Service  FaceService
08-09 09:06:04.811 25485-25556/? E/ServiceManager: [#CMH#] Failed binding To Service  FaceService
08-09 09:06:04.811 25485-25556/? I/ServiceManager: [#CMH#] Binding To Service  StoryService
08-09 09:06:04.811 25596-25596/? I/StoryService: [StoryService] onBind() 
08-09 09:06:04.841 25485-25485/? I/ServiceManager: [#CMH#] Bound to Package  com.samsung.storyservice
08-09 09:06:04.841 25596-25596/? I/ServiceController: [StoryService] Sending response for  31 with status 0
08-09 09:06:04.911 25485-25578/? I/Controller: [#CMH#] startRebuilder In 
08-09 09:06:04.911 25485-25578/? I/ControllerEventHandler: [#CMH#] onSystemRebooted 
08-09 09:06:04.911 25485-25578/? I/BaseThreadPoolExecutor: [#CMH#] Task com.samsung.cmh.database.DatabaseRebuilderTask@d23c8d6 is submitted
08-09 09:06:04.911 25485-25579/? I/DatabaseRebuilderTask: [#CMH#] syncCMHDB started  
08-09 09:06:04.961 25485-25579/? I/DatabaseRebuilderTask: [#CMH#] No of Uris that are present in media :  3626
08-09 09:06:04.991 25485-25579/? I/DatabaseRebuilderTask: [#CMH#] No of Uris that are present in CMH :  3626
    [#CMH#] No of Uris that are present in both Media and CMH:  3626
08-09 09:06:05.001 25485-25579/? I/DatabaseRebuilderTask: [#CMH#] Insert =  0 Delete =  0
    [#CMH#] syncCMHDB ended  0
08-09 09:06:05.001 25485-25485/? E/CMHService: [#CMH#] onCreate() 
08-09 09:06:05.001 25485-25579/? I/DatabaseRebuilderTask: [#CMH#]  sending broadcast for Event title upgrade  
08-09 09:06:05.001 25485-25663/? I/Controller: [#CMH#] com.android.providers.media Insert
08-09 09:06:05.001 25485-25579/? I/BaseThreadPoolExecutor: [#CMH#] afterExecute FutureTask
08-09 09:06:05.001 25596-25596/? I/ServiceUtils: [StoryService] getSharedPrefLong retVal: 2 
    [StoryService] setSharedPrefLong : 2 
08-09 09:06:05.001 2643-2806/? V/BroadcastQueue: [background] Process cur broadcast BroadcastRecord{d19082a u0 com.samsung.storyservice.eventUpgrade qIdx=4}, state= (APP_RECEIVE) DELIVERED for app ProcessRecord{9b50304 25596:com.samsung.storyservice/5004}
08-09 09:06:05.111 25485-25663/? I/Controller: [#CMH#] startSmartClustering starting clustering 
08-09 09:06:05.111 25596-25596/? I/StoryService: [StoryService] onStopService() 
08-09 09:06:05.111 25485-25663/? I/Controller: [#CMH#] startSmartClustering starting day clustering 
    [#CMH#] startDaywiseClustering starting day clustering 
08-09 09:06:05.111 25596-25596/? I/ServiceController: [StoryService] Sending response for  34 with status 35
08-09 09:06:05.111 25485-25572/? I/DayClusteringTask: [#CMH#] before mutex 
    [#CMH#] after mutex 
    [#CMH#] internalRun Cluster size after image deletion:  0
08-09 09:06:05.111 25485-25572/? I/ClusteringDBUtils: [#CMH#] No clusters..!! 
08-09 09:06:05.111 25485-25571/? I/ClusteringTask: [#CMH#] before mutex 
    [#CMH#] after mutex 
08-09 09:06:05.111 25485-25571/? I/MomentClusteringAlgo: [#CMH#] performClustering images deleted false
08-09 09:06:05.111 25485-25571/? I/ClusteringDBUtils: [#CMH#] updateClusterTable In nothing to update 
08-09 09:06:05.111 25485-25485/? E/CMHService: [#CMH#] onDestroy() 
08-09 09:06:05.141 25485-25572/? I/TimeBasedClustering: [#CMH#] performClustering insertimages In 0 
08-09 09:06:05.141 25485-25572/? I/DayClusteringTask: [#CMH#] internalRun Cluster size after image insertion:  0
08-09 09:06:05.141 25485-25572/? I/ClusteringDBUtils: [#CMH#] No clusters..!! 
08-09 09:06:05.141 25485-25572/? I/DayClusteringTask: [#CMH#] startLocationClustering In  0
    [#CMH#] internalRun::No more Images/Videos to process, Finished Task, Exiting  
    [#CMH#] after mutex release 
08-09 09:06:05.141 25485-25571/? I/MomentClusteringAlgo: [#CMH#] performClustering In 0 
08-09 09:06:05.141 25485-25571/? I/ClusteringTask: [#CMH#] Cluster size: 0
08-09 09:06:05.141 25485-25571/? I/ClusteringDBUtils: [#CMH#] updateClusterTable In nothing to update 
08-09 09:06:05.141 25485-25571/? I/ClusteringTask: [#CMH#] after mutex release 
08-09 09:06:05.301 25465-25620/? E/nfz: 2018-08-09 09:06:05:  db init step free size: 646
08-09 09:06:05.311 2643-3017/? D/ConnectivityService: returning getNetworkInfo for network type 1 : [type: WIFI[] - WIFI, state: CONNECTED/CONNECTED, reason: (unspecified), extra: "Citi", roaming: false, failover: false, isAvailable: true]
08-09 09:06:05.311 2643-3020/? D/ConnectivityService: returning getNetworkInfo for network type 1 : [type: WIFI[] - WIFI, state: CONNECTED/CONNECTED, reason: (unspecified), extra: "Citi", roaming: false, failover: false, isAvailable: true]
08-09 09:06:05.671 25485-25569/? I/DayAndMonthTask: [#CMH#] before mutex 
    [#CMH#] after mutex 
08-09 09:06:05.681 25485-25569/? I/DayAndMonthTask: [#CMH#] after mutex release 
08-09 09:06:05.721 25465-25465/? I/checkNetworkStatus: connect
08-09 09:06:05.721 25465-25465/? E/a: start checkForDisable
08-09 09:06:05.721 2643-2676/? D/ConnectivityService: returning getNetworkInfo for network type 0 : [type: MOBILE[] - MOBILE, state: DISCONNECTED/DISCONNECTED, reason: (unspecified), extra: (none), roaming: false, failover: false, isAvailable: true]
08-09 09:06:05.721 2643-3035/? D/ConnectivityService: returning getNetworkInfo for network type 1 : [type: WIFI[] - WIFI, state: CONNECTED/CONNECTED, reason: (unspecified), extra: "Citi", roaming: false, failover: false, isAvailable: true]
08-09 09:06:05.721 2643-2983/? D/ConnectivityService: returning getNetworkInfo for network type 0 : [type: MOBILE[] - MOBILE, state: DISCONNECTED/DISCONNECTED, reason: (unspecified), extra: (none), roaming: false, failover: false, isAvailable: true]
08-09 09:06:05.721 2643-3005/? D/ConnectivityService: returning getNetworkInfo for network type 1 : [type: WIFI[] - WIFI, state: CONNECTED/CONNECTED, reason: (unspecified), extra: "Citi", roaming: false, failover: false, isAvailable: true]
08-09 09:06:05.721 2643-2679/? D/ConnectivityService: returning getNetworkInfo for network type 0 : [type: MOBILE[] - MOBILE, state: DISCONNECTED/DISCONNECTED, reason: (unspecified), extra: (none), roaming: false, failover: false, isAvailable: true]
08-09 09:06:05.721 2643-3043/? D/ConnectivityService: returning getNetworkInfo for network type 1 : [type: WIFI[] - WIFI, state: CONNECTED/CONNECTED, reason: (unspecified), extra: "Citi", roaming: false, failover: false, isAvailable: true]
08-09 09:06:05.731 25465-25465/? E/a: disabled, return
08-09 09:06:05.741 2178-2927/? D/EnterpriseController: netId is 0
08-09 09:06:05.741 2178-2927/? D/Netd: getNetworkForDns: using netid 530 for uid 10385
08-09 09:06:05.751 2643-3014/? D/SecContentProvider2: query(), uri = 15 selection = getToastGravityEnabledState
08-09 09:06:05.751 2643-3010/? D/SecContentProvider2: query(), uri = 15 selection = getToastGravity
08-09 09:06:05.751 2643-3038/? D/SecContentProvider2: query(), uri = 15 selection = getToastGravityXOffset
08-09 09:06:05.751 2643-3017/? D/SecContentProvider2: query(), uri = 15 selection = getToastGravityYOffset
08-09 09:06:05.761 2643-3043/? D/SecContentProvider2: query(), uri = 15 selection = getToastEnabledState
08-09 09:06:05.771 2643-3045/? D/SecContentProvider2: query(), uri = 15 selection = getToastShowPackageNameState
08-09 09:06:05.791 2178-2927/? D/EnterpriseController: netId is 0
08-09 09:06:05.791 2178-2927/? D/Netd: getNetworkForDns: using netid 530 for uid 10385
08-09 09:06:05.801 2178-2927/? D/EnterpriseController: netId is 0
08-09 09:06:05.801 2178-2927/? D/Netd: getNetworkForDns: using netid 530 for uid 10385
08-09 09:06:05.811 2643-3010/? D/ConnectivityService: returning getNetworkInfo for network type 1 : [type: WIFI[] - WIFI, state: CONNECTED/CONNECTED, reason: (unspecified), extra: "Citi", roaming: false, failover: false, isAvailable: true]
08-09 09:06:05.811 2643-3038/? D/ConnectivityService: returning getNetworkInfo for network type 1 : [type: WIFI[] - WIFI, state: CONNECTED/CONNECTED, reason: (unspecified), extra: "Citi", roaming: false, failover: false, isAvailable: true]
08-09 09:06:05.811 2643-3017/? D/ConnectivityService: returning getNetworkInfo for network type 1 : [type: WIFI[] - WIFI, state: CONNECTED/CONNECTED, reason: (unspecified), extra: "Citi", roaming: false, failover: false, isAvailable: true]
08-09 09:06:05.821 2643-2676/? D/ConnectivityService: returning getNetworkInfo for network type 1 : [type: WIFI[] - WIFI, state: CONNECTED/CONNECTED, reason: (unspecified), extra: "Citi", roaming: false, failover: false, isAvailable: true]
08-09 09:06:05.841 25465-25465/? D/ViewRootImpl: #1 mView = android.widget.LinearLayout{3a082ac V.E...... ......I. 0,0-0,0 #10203a4 android:id/toast_layout_root}
08-09 09:06:05.851 2643-3045/? V/MARsPolicyManager: handelAlertToastWindowStarted pkgName = org.tensorflow.demo
08-09 09:06:05.891 25465-25465/? D/ViewRootImpl: #3 mView = null
08-09 09:06:05.901 25465-25475/? I/art: Background sticky concurrent mark sweep GC freed 10296(1132KB) AllocSpace objects, 3(10MB) LOS objects, 43% free, 15MB/26MB, paused 46.807ms total 86.156ms
08-09 09:06:05.901 2643-3014/? D/PowerManagerService: [api] [s] userActivity : event: 0 flags: 0 (uid: 1000 pid: 2643) eventTime = 59132121
    [api] release WakeLock flags=0x2000000a tag=WindowManager uid=1000 pid=2643 (0x0)
    [api] applyWakeLockFlagsOnReleaseLocked : userActivityNoUpdateLocked is called : SCREEN_BRIGHT_WAKE_LOCK        'WindowManager' ON_AFTER_RELEASE (uid=1000, pid=2643, ws=WorkSource{10385}) (elapsedTime=4377)
08-09 09:06:05.901 2643-3010/? D/ConnectivityService: returning getNetworkInfo for network type 1 : [type: WIFI[] - WIFI, state: CONNECTED/CONNECTED, reason: (unspecified), extra: "Citi", roaming: false, failover: false, isAvailable: true]
08-09 09:06:05.901 2643-2676/? D/ConnectivityService: returning getNetworkInfo for network type 1 : [type: WIFI[] - WIFI, state: CONNECTED/CONNECTED, reason: (unspecified), extra: "Citi", roaming: false, failover: false, isAvailable: true]
08-09 09:06:05.911 2168-2168/? I/SurfaceFlinger: id=3054 createSurf (1x1),1 flag=4, Uoast
08-09 09:06:05.911 2168-2168/? I/display: [PrimaryDisplay] [DYNAMIC_RECOMP] first frame after HWC_2_GLES
    [PrimaryDisplay] [DYNAMIC_RECOMP] GLES_2_HWC by high FPS(5)
08-09 09:06:05.911 2178-2927/? D/EnterpriseController: netId is 0
08-09 09:06:05.911 2178-2927/? D/Netd: getNetworkForDns: using netid 530 for uid 10385
08-09 09:06:05.911 2643-3026/? D/ConnectivityService: returning getNetworkInfo for network type 1 : [type: WIFI[] - WIFI, state: CONNECTED/CONNECTED, reason: (unspecified), extra: "Citi", roaming: false, failover: false, isAvailable: true]
08-09 09:06:05.911 2643-3045/? D/ConnectivityService: returning getNetworkInfo for network type 1 : [type: WIFI[] - WIFI, state: CONNECTED/CONNECTED, reason: (unspecified), extra: "Citi", roaming: false, failover: false, isAvailable: true]
08-09 09:06:05.931 25465-25484/? D/mali_winsys: new_window_surface returns 0x3000,  [313x104]-format:1
08-09 09:06:05.931 25465-25465/? D/ViewRootImpl: MSG_RESIZED_REPORT: ci=Rect(0, 0 - 0, 0) vi=Rect(0, 0 - 0, 0) or=1
08-09 09:06:05.931 2643-3049/? D/PowerManagerService: [api] acquire WakeLock flags=0x2000000a tag=WindowManager uid=1000 pid=2643
08-09 09:06:05.951 2643-3020/? V/WindowStateAnimator: Finishing drawing window Window{9db3b8 u0 d0 p25465 Toast}: mDrawState=DRAW_PENDING
08-09 09:06:05.961 2168-2168/? D/libEGL: eglInitialize EGLDisplay = 0xffe7850c
08-09 09:06:06.231 3562-3690/? D/ResipSsConfigHandler: handleMessage: what 8
08-09 09:06:06.231 3562-3690/? E/OmcCode: OMC is empty
    salesCode is loaded :ZTO
08-09 09:06:06.231 3562-3690/? D/Mno: fromPlmn: operator=72403
08-09 09:06:06.231 3562-3690/? D/ImsSettingsProvider: query Uri: content://com.sec.ims.settings/global
    match 4
08-09 09:06:06.231 3562-3690/? V/ImsSettingsProvider: query Uri[content://com.sec.ims.settings/global], selection [null]
08-09 09:06:06.231 3562-3690/? D/ImsSettingsProvider: query Uri: content://com.sec.ims.settings/nvstorage/omadm/
    match 15
08-09 09:06:06.231 3562-3690/? V/ImsSettingsProvider: query Uri[content://com.sec.ims.settings/nvstorage/omadm/], selection [null]
08-09 09:06:06.231 3562-3690/? D/NvStorage: query: omadm,[SMS_FORMAT]
08-09 09:06:06.231 3562-3690/? D/GlobalSettings: loadSettings: count 1
08-09 09:06:06.241 3562-3690/? D/ResipSsConfigHandler: SIM is not loaded
    handleMessage: what 8
08-09 09:06:06.241 3562-3690/? E/OmcCode: OMC is empty
    salesCode is loaded :ZTO
08-09 09:06:06.241 3562-3690/? D/Mno: fromPlmn: operator=72403
08-09 09:06:06.241 3562-3690/? D/ImsSettingsProvider: query Uri: content://com.sec.ims.settings/global
    match 4
08-09 09:06:06.241 3562-3690/? V/ImsSettingsProvider: query Uri[content://com.sec.ims.settings/global], selection [null]
08-09 09:06:06.241 3562-3690/? D/ImsSettingsProvider: query Uri: content://com.sec.ims.settings/nvstorage/omadm/
    match 15
08-09 09:06:06.241 3562-3690/? V/ImsSettingsProvider: query Uri[content://com.sec.ims.settings/nvstorage/omadm/], selection [null]
08-09 09:06:06.241 3562-3690/? D/NvStorage: query: omadm,[SMS_FORMAT]
08-09 09:06:06.241 3562-3690/? D/GlobalSettings: loadSettings: count 1
08-09 09:06:06.251 3562-3690/? D/ResipSsConfigHandler: SIM is not loaded
08-09 09:06:06.251 25485-25545/? I/ReschedulableTimer: [#CMH#] ReschedulableTimer started 
08-09 09:06:06.251 2643-3035/? D/EnterpriseDeviceManagerService: isManagedProfileUser(): userId = 0
08-09 09:06:06.251 2643-2983/? D/EnterpriseDeviceManagerService: isManagedProfileUser(): userId = 0
08-09 09:06:06.251 2643-2679/? D/EnterpriseDeviceManagerService: isManagedProfileUser(): userId = 0
08-09 09:06:06.311 2643-2676/? D/ConnectivityService: returning getNetworkInfo for network type 1 : [type: WIFI[] - WIFI, state: CONNECTED/CONNECTED, reason: (unspecified), extra: "Citi", roaming: false, failover: false, isAvailable: true]
08-09 09:06:06.311 2643-3026/? D/ConnectivityService: returning getNetworkInfo for network type 1 : [type: WIFI[] - WIFI, state: CONNECTED/CONNECTED, reason: (unspecified), extra: "Citi", roaming: false, failover: false, isAvailable: true]
08-09 09:06:06.431 2168-2233/? I/SurfaceFlinger: id=3053 Removed Uoast (9/10)
08-09 09:06:06.431 2168-2229/? I/SurfaceFlinger: id=3053 Removed Uoast (-2/10)
08-09 09:06:06.441 2168-2168/? D/libEGL: eglTerminate EGLDisplay = 0xffe78584
08-09 09:06:06.611 14824-14853/? D/ScanRecord: parseFromBytes
    first manudata for manu ID
08-09 09:06:06.611 14824-21595/? D/BtGatt.ContextMap: sendClientScanResult for app id 5
08-09 09:06:06.611 5648-5658/? D/ScanRecord: parseFromBytes
    first manudata for manu ID
08-09 09:06:06.611 2643-3010/? V/AlarmManager:  remove PendingIntent] PendingIntent{75758f7: PendingIntentRecord{d4c1168 com.android.bluetooth broadcastIntent}}
08-09 09:06:06.621 14824-14853/? D/ScanRecord: parseFromBytes
08-09 09:06:06.621 14824-21595/? D/BtGatt.ContextMap: sendClientScanResult for app id 5
08-09 09:06:06.621 5648-20453/? D/ScanRecord: parseFromBytes
08-09 09:06:06.621 2643-3005/? V/AlarmManager:  remove PendingIntent] PendingIntent{3565364: PendingIntentRecord{d4c1168 com.android.bluetooth broadcastIntent}}
08-09 09:06:06.631 14824-14853/? D/ScanRecord: parseFromBytes
    first manudata for manu ID
08-09 09:06:06.631 14824-21595/? D/BtGatt.ContextMap: sendClientScanResult for app id 5
08-09 09:06:06.631 5648-5659/? D/ScanRecord: parseFromBytes
    first manudata for manu ID
08-09 09:06:06.631 14824-14853/? D/ScanRecord: parseFromBytes
    first manudata for manu ID
08-09 09:06:06.631 14824-21595/? D/BtGatt.ContextMap: sendClientScanResult for app id 5
08-09 09:06:06.631 5648-5658/? D/ScanRecord: parseFromBytes
    first manudata for manu ID
08-09 09:06:06.631 2643-2679/? V/AlarmManager:  remove PendingIntent] PendingIntent{c8229cd: PendingIntentRecord{d4c1168 com.android.bluetooth broadcastIntent}}
08-09 09:06:06.631 2643-2676/? V/AlarmManager:  remove PendingIntent] PendingIntent{db67282: PendingIntentRecord{d4c1168 com.android.bluetooth broadcastIntent}}
08-09 09:06:06.691 14824-14853/? D/ScanRecord: parseFromBytes
    first manudata for manu ID
08-09 09:06:06.691 14824-21595/? D/BtGatt.ContextMap: sendClientScanResult for app id 5
08-09 09:06:06.691 5648-20453/? D/ScanRecord: parseFromBytes
    first manudata for manu ID
08-09 09:06:06.691 2643-3049/? V/AlarmManager:  remove PendingIntent] PendingIntent{1e8d93: PendingIntentRecord{d4c1168 com.android.bluetooth broadcastIntent}}
08-09 09:06:06.691 2643-3038/? D/ConnectivityService: returning getNetworkInfo for network type 1 : [type: WIFI[] - WIFI, state: CONNECTED/CONNECTED, reason: (unspecified), extra: "Citi", roaming: false, failover: false, isAvailable: true]
08-09 09:06:06.701 25465-25536/? E/swudp-jni: SW_Pro_Gnd_Entry already stop
08-09 09:06:06.711 25465-25536/? E/getNetworkObject: network type:13
    network type:1
08-09 09:06:06.711 25465-25536/? D/a: start bind socket fd
    bind socket succeed
08-09 09:06:06.721 14824-14853/? D/ScanRecord: parseFromBytes
    first manudata for manu ID
08-09 09:06:06.721 14824-21595/? D/BtGatt.ContextMap: sendClientScanResult for app id 5
08-09 09:06:06.721 5648-5659/? D/ScanRecord: parseFromBytes
    first manudata for manu ID
08-09 09:06:06.721 2643-2983/? V/AlarmManager:  remove PendingIntent] PendingIntent{ed741d0: PendingIntentRecord{d4c1168 com.android.bluetooth broadcastIntent}}
08-09 09:06:06.731 14824-14853/? D/ScanRecord: parseFromBytes
    first manudata for manu ID
08-09 09:06:06.731 14824-21595/? D/BtGatt.ContextMap: sendClientScanResult for app id 5
08-09 09:06:06.731 5648-5658/? D/ScanRecord: parseFromBytes
    first manudata for manu ID
08-09 09:06:06.731 2643-3031/? V/AlarmManager:  remove PendingIntent] PendingIntent{e9495c9: PendingIntentRecord{d4c1168 com.android.bluetooth broadcastIntent}}
08-09 09:06:06.741 14824-14853/? D/ScanRecord: parseFromBytes
    first manudata for manu ID
08-09 09:06:06.741 14824-21595/? D/BtGatt.ContextMap: sendClientScanResult for app id 5
08-09 09:06:06.741 5648-20453/? D/ScanRecord: parseFromBytes
    first manudata for manu ID
08-09 09:06:06.741 2643-3045/? V/AlarmManager:  remove PendingIntent] PendingIntent{d5d34ce: PendingIntentRecord{d4c1168 com.android.bluetooth broadcastIntent}}
08-09 09:06:06.831 2168-21577/? I/display: [PrimaryDisplay] [DYNAMIC_RECOMP] HWC_2_GLES by low FPS(0)
08-09 09:06:06.861 25465-25675/? E/nfz: 2018-08-09 09:06:06:  get user unlock v3 info isSuccessful false: 
    2018-08-09 09:06:06:  get user unlock v3 info error code: 1002 message: Unauthorized User
08-09 09:06:07.311 2643-3029/? D/ConnectivityService: returning getNetworkInfo for network type 1 : [type: WIFI[] - WIFI, state: CONNECTED/CONNECTED, reason: (unspecified), extra: "Citi", roaming: false, failover: false, isAvailable: true]
08-09 09:06:07.311 2643-3049/? D/ConnectivityService: returning getNetworkInfo for network type 1 : [type: WIFI[] - WIFI, state: CONNECTED/CONNECTED, reason: (unspecified), extra: "Citi", roaming: false, failover: false, isAvailable: true]
08-09 09:06:07.831 2643-3020/? D/ConnectivityService: returning getNetworkInfo for network type 1 : [type: WIFI[] - WIFI, state: CONNECTED/CONNECTED, reason: (unspecified), extra: "Citi", roaming: false, failover: false, isAvailable: true]
08-09 09:06:07.831 2643-3010/? D/ConnectivityService: returning getNetworkInfo for network type 1 : [type: WIFI[] - WIFI, state: CONNECTED/CONNECTED, reason: (unspecified), extra: "Citi", roaming: false, failover: false, isAvailable: true]
08-09 09:06:07.831 2643-3038/? D/ConnectivityService: returning getNetworkInfo for network type 1 : [type: WIFI[] - WIFI, state: CONNECTED/CONNECTED, reason: (unspecified), extra: "Citi", roaming: false, failover: false, isAvailable: true]
08-09 09:06:07.831 2643-3017/? D/ConnectivityService: returning getNetworkInfo for network type 1 : [type: WIFI[] - WIFI, state: CONNECTED/CONNECTED, reason: (unspecified), extra: "Citi", roaming: false, failover: false, isAvailable: true]
08-09 09:06:07.901 2643-3005/? D/ConnectivityService: returning getNetworkInfo for network type 1 : [type: WIFI[] - WIFI, state: CONNECTED/CONNECTED, reason: (unspecified), extra: "Citi", roaming: false, failover: false, isAvailable: true]
08-09 09:06:07.901 2643-3035/? D/ConnectivityService: returning getNetworkInfo for network type 1 : [type: WIFI[] - WIFI, state: CONNECTED/CONNECTED, reason: (unspecified), extra: "Citi", roaming: false, failover: false, isAvailable: true]
08-09 09:06:07.911 2643-5362/? D/SSRM:s: SIOP:: AP = 460, PST = 429 (W:10), LCD = 18
08-09 09:06:07.911 2643-2983/? D/ConnectivityService: returning getNetworkInfo for network type 1 : [type: WIFI[] - WIFI, state: CONNECTED/CONNECTED, reason: (unspecified), extra: "Citi", roaming: false, failover: false, isAvailable: true]
08-09 09:06:07.911 2643-5362/? D/ConnectivityService: returning getNetworkInfo for network type 1 : [type: WIFI[] - WIFI, state: CONNECTED/CONNECTED, reason: (unspecified), extra: "Citi", roaming: false, failover: false, isAvailable: true]
08-09 09:06:07.911 2643-2679/? D/ConnectivityService: returning getNetworkInfo for network type 1 : [type: WIFI[] - WIFI, state: CONNECTED/CONNECTED, reason: (unspecified), extra: "Citi", roaming: false, failover: false, isAvailable: true]
08-09 09:06:08.311 2643-3043/? D/ConnectivityService: returning getNetworkInfo for network type 1 : [type: WIFI[] - WIFI, state: CONNECTED/CONNECTED, reason: (unspecified), extra: "Citi", roaming: false, failover: false, isAvailable: true]
08-09 09:06:08.311 2643-3031/? D/ConnectivityService: returning getNetworkInfo for network type 1 : [type: WIFI[] - WIFI, state: CONNECTED/CONNECTED, reason: (unspecified), extra: "Citi", roaming: false, failover: false, isAvailable: true]
08-09 09:06:08.691 2643-2676/? D/ConnectivityService: returning getNetworkInfo for network type 1 : [type: WIFI[] - WIFI, state: CONNECTED/CONNECTED, reason: (unspecified), extra: "Citi", roaming: false, failover: false, isAvailable: true]
08-09 09:06:08.711 25465-25536/? E/getNetworkObject: network type:13
    network type:1
08-09 09:06:08.711 25465-25536/? D/a: start bind socket fd
    bind socket succeed
08-09 09:06:09.281 25465-25465/? D/ViewRootImpl: #3 mView = null
08-09 09:06:09.281 2643-3020/? D/PowerManagerService: [api] [s] userActivity : event: 0 flags: 0 (uid: 1000 pid: 2643) eventTime = 59135503
    [api] release WakeLock flags=0x2000000a tag=WindowManager uid=1000 pid=2643 (0x0)
    [api] applyWakeLockFlagsOnReleaseLocked : userActivityNoUpdateLocked is called : SCREEN_BRIGHT_WAKE_LOCK        'WindowManager' ON_AFTER_RELEASE (uid=1000, pid=2643, ws=WorkSource{10385}) (elapsedTime=3354)
08-09 09:06:09.311 2643-3038/? D/ConnectivityService: returning getNetworkInfo for network type 1 : [type: WIFI[] - WIFI, state: CONNECTED/CONNECTED, reason: (unspecified), extra: "Citi", roaming: false, failover: false, isAvailable: true]
08-09 09:06:09.311 2643-3017/? D/ConnectivityService: returning getNetworkInfo for network type 1 : [type: WIFI[] - WIFI, state: CONNECTED/CONNECTED, reason: (unspecified), extra: "Citi", roaming: false, failover: false, isAvailable: true]
08-09 09:06:09.331 2168-2168/? I/display: [PrimaryDisplay] [DYNAMIC_RECOMP] first frame after HWC_2_GLES
    [PrimaryDisplay] [DYNAMIC_RECOMP] GLES_2_HWC by high FPS(5)
08-09 09:06:09.571 2643-2947/? D/SecContentProvider: insert(), uri = 2
08-09 09:06:09.571 2643-2947/? V/UsbDeviceManager: onUEvent(Device Cable) : {USB_STATE=DISCONNECTED, SUBSYSTEM=android_usb, SEQNUM=15542, ACTION=change, DEVPATH=/devices/virtual/android_usb/android0}
08-09 09:06:09.571 2643-2947/? D/UsbDeviceManager: updateState( DISCONNECTED )
08-09 09:06:09.691 2643-2813/? D/BluetoothAdapter: STATE_BLE_ON
08-09 09:06:09.691 3190-3190/? D/KeyguardUpdateMonitor: received broadcast android.intent.action.BATTERY_CHANGED
08-09 09:06:09.691 2643-3035/? D/BatteryService: !@BatteryListener : batteryPropertiesChanged!
    level:91, scale:100, status:2, health:2, present:true, voltage: 4003, temperature: 323, technology: Li-ion, AC powered:false, USB powered:true, POGO powered:false, Wireless powered:false, icon:17303438, invalid charger:0, maxChargingCurrent:0
    online:4, current avg:-596, charge type:2, power sharing:false, high voltage charger:false, capacity:280000, batterySWSelfDischarging:false, current_now:-597
08-09 09:06:09.691 2643-2643/? D/BatteryService: !@[BatteryInfo] 92 - 91 = 1
    !@[BatteryInfo] writeToFile /efs/FactoryApp/batt_discharge_level: 38771
    Sending ACTION_BATTERY_CHANGED.
    Sending ACTION_SEC_BATTERY_EVENT. EXTRA_SEC_PLUG_TYPE_SUMMARY : 2
08-09 09:06:09.691 2643-2849/? D/PowerManagerService: [api] updateIsPoweredLocked : mIsPowered: true mPlugType: 2
08-09 09:06:09.691 2643-2643/? I/MotionRecognitionService: Plugged
08-09 09:06:09.691 2643-2643/? D/MotionRecognitionService:   cableConnection= 1
    setPowerConnected | current backoff  = 0 , state =0
    skip setTransmitPower. 
08-09 09:06:09.691 3190-3190/? D/PowerUI: Cable  false --> true mBootCompleted : true
    Sending cableIntent : Intent { act=com.samsung.systemui.power.action.ACTION_CABLE_CONNECTED }
08-09 09:06:09.701 3562-3562/? D/BatteryMonitor: new battery level: 91
08-09 09:06:09.701 2643-5362/? I/SurveyLogManager: REASON : REASON_BY_CHARGING_TYPE_CHANGE
08-09 09:06:09.701 2643-5362/? D/ConnectivityService: returning getNetworkInfo for network type 1 : [type: WIFI[] - WIFI, state: CONNECTED/CONNECTED, reason: (unspecified), extra: "Citi", roaming: false, failover: false, isAvailable: true]
    returning getNetworkInfo for network type 0 : [type: MOBILE[] - MOBILE, state: DISCONNECTED/DISCONNECTED, reason: (unspecified), extra: (none), roaming: false, failover: false, isAvailable: true]
08-09 09:06:09.701 2643-2643/? D/UsbDeviceManager: received ACTION_SEC_BATTERY_EVENT : USB CHARGING ON
08-09 09:06:09.701 2643-2643/? I/EntropyMixer: Writing entropy...
08-09 09:06:09.701 2643-5362/? W/ContextImpl: Calling a method in the system process without a qualified user: android.app.ContextImpl.sendBroadcast:843 h.f.insertLog:-1 h.f.a:-1 h.d.handleMessage:-1 android.os.Handler.dispatchMessage:102 
08-09 09:06:09.711 2643-5362/? D/SurveyLogging: app_id = com.android.server.ssrm, feature = CHAR, extra = {"SIOP":"0", "PST_TMP":"429", "BAT_TMP":"323", "CHG_TMP":"0", "PA_TMP":"0", "BAT_LV":"91", "BAT_CUR":"0", "RSSI":"-93", "RAD_DAT":"0", "WIFI_DAT":"163833", "BRI":"18", "CHR_TYPE":"2", "KNOX":"false", "SCRN":"true", "RAD":"2", "CALL":"false", "CF":"-1", "GF":"-1", "CG":"70", "TOP_PROC":"com.netflix.mediaclient", "TOP_USE":"13", "FOR_PKG":"org.tensorflow.demo"}
08-09 09:06:09.711 25360-25360/? I/DeviceStateReceiver: onReceive
08-09 09:06:09.711 25360-25360/? V/DeviceStateReceiver: beginStartingService
08-09 09:06:09.711 2643-2849/? D/PowerManagerService: [PSM] lowPowerModeEnabled: false (mLowPowerModeSetting: false, mIsPowered: true, mAutoLowPowerModeConfigured: false, mBatteryLevel: 91, mLowBatteryTriggerLevel: 0)
08-09 09:06:09.711 2643-2813/? D/UsbDeviceManager: handleMessage -> MSG_POWER_STATE = 1, mBootCompleted(true), mCurrentFunctions(mtp,adb), mPowerConnected(true)
08-09 09:06:09.711 2643-2806/? V/BroadcastQueue: [background] Process cur broadcast BroadcastRecord{c1a6fef u-1 com.samsung.server.BatteryService.action.SEC_BATTERY_EVENT qIdx=4}, state= (APP_RECEIVE) DELIVERED for app ProcessRecord{8b85616 25360:com.sec.app.TransmitPowerService/u0a209}
08-09 09:06:09.711 2643-2813/? D/UsbDeviceManager: sending intent : ACTION_USB_CABLE_STATE : connected = true
08-09 09:06:09.711 3190-3190/? D/PowerUI: priorPlugType = 0 mPlugType =  2
08-09 09:06:09.711 3190-3190/? D/PowerUI.Notification: playSound : 1
08-09 09:06:09.721 25360-25360/? V/RequestService: Creating TransmitPowerService
    Starting #1: Bundle[mParcelledData.dataSize=44]
08-09 09:06:09.721 25360-25686/? V/RequestService: Handling incoming message: { when=0 what=0 arg1=1 obj=Intent { act=com.samsung.server.BatteryService.action.SEC_BATTERY_EVENT flg=0x24000010 cmp=com.sec.app.TransmitPowerService/.RequestService bqHint=4 (has extras) } target=com.sec.app.TransmitPowerService.RequestService$ServiceHandler }
08-09 09:06:09.721 25360-25686/? V/DeviceStateReceiver: finishStartingService
08-09 09:06:09.721 2643-2643/? D/MotionRecognitionService:   mReceiver.onReceive : ACTION_POWER_CONNECTED
      cableConnection= 1
    setPowerConnected | current backoff  = 0 , state =0
    skip setTransmitPower. 
08-09 09:06:09.721 2643-3017/? V/BroadcastQueue: [background] Process cur broadcast BroadcastRecord{547c585 u-1 android.intent.action.ACTION_POWER_CONNECTED qIdx=4}, state= (APP_RECEIVE) DELIVERED for app ProcessRecord{96e0a32 25197:com.samsung.android.sm.devicesecurity/5012}
08-09 09:06:09.731 14824-14853/? D/ScanRecord: parseFromBytes
    first manudata for manu ID
08-09 09:06:09.731 14824-21595/? D/BtGatt.ContextMap: sendClientScanResult for app id 5
08-09 09:06:09.731 25360-25360/? V/RequestService: Destroying TransmitPowerService
08-09 09:06:09.731 5648-5659/? D/ScanRecord: parseFromBytes
    first manudata for manu ID
08-09 09:06:09.731 2643-3020/? V/AlarmManager:  remove PendingIntent] PendingIntent{79bcfda: PendingIntentRecord{d4c1168 com.android.bluetooth broadcastIntent}}
08-09 09:06:09.741 3190-3190/? V/Vibrator: Called vibrate(int, AudioAttributes, MagnitudeTypes) API - PUID: 10041, PackageName: com.android.systemui, MagnitudeType: TouchMagnitude
    vibrate - PUID: 10041, PackageName: com.android.systemui, type: 50010, mag: 9999, AudioAttr : null
08-09 09:06:09.741 2643-3005/? V/VibratorService: vibratePatternMagnitude - package: com.android.systemui, repeat: -1, token: android.os.BinderProxy@3481c0b, mag: 9999
08-09 09:06:09.741 2643-3005/? D/VibratorService: Turning vibrator off
08-09 09:06:09.741 3190-3190/? D/PowerUI.Notification: RINGER_MODE_VIBRATE
08-09 09:06:09.741 3190-3190/? D/PowerUI: Cable charger connected
08-09 09:06:09.741 2643-25687/? D/VibratorService: vibratorOn() : 100ms, magnitude :9999
08-09 09:06:09.751 2643-2947/? D/SecContentProvider: insert(), uri = 2
    insert(), uri = 2
08-09 09:06:09.751 3190-3190/? D/ViewRootImpl: #1 mView = com.android.systemui.power.ChargerAnimationView{dd62729 V.E...... ......I. 0,0-0,0}
08-09 09:06:09.751 2643-2813/? D/SecContentProvider: query(), uri = 18 selection = isUsbMediaPlayerAvailable
08-09 09:06:09.751 2643-2947/? V/UsbDeviceManager: onUEvent(Device Cable) : {USB_STATE=CONNECTED, SUBSYSTEM=android_usb, SEQNUM=15544, ACTION=change, DEVPATH=/devices/virtual/android_usb/android0}
08-09 09:06:09.751 2643-2947/? D/UsbDeviceManager: updateState( CONNECTED )
08-09 09:06:09.751 2643-2813/? D/UsbDeviceManager: handleMessage -> MSG_UPDATE_STATE connected = 1,configured = 0
    updateUsbNotification_Lock++
    updateUsbNotification(false) : mConnected = true, mConfigured = false, mCurrentFunctions = mtp,adb
    mps exists
08-09 09:06:09.751 2643-2947/? V/UsbDeviceManager: onUEvent(Device Cable) : {USB_STATE=CONFIGURED, SUBSYSTEM=android_usb, SEQNUM=15545, ACTION=change, DEVPATH=/devices/virtual/android_usb/android0}
08-09 09:06:09.751 2643-2947/? D/UsbDeviceManager: updateState( CONFIGURED )
08-09 09:06:09.751 2643-2813/? D/RestrictionPolicy: isUsbMediaPlayerAvailable : true
08-09 09:06:09.751 2643-2813/? D/UsbDeviceManager: policy : mtp_and_ptp, restrict(allow) = true
    isUsb30Enabled: read '/sys/class/android_usb/android0/bcdUSB', state = 0200
    id=17040369, mUsbNotificationId=0
    updateUsbNotification : isKeyguardShowingAndNotOccluded = false, isKeyguardSecure = true, mBootCompleted = true
08-09 09:06:09.761 2643-2947/? D/SecContentProvider: insert(), uri = 2
08-09 09:06:09.761 2643-2813/? D/ApplicationPolicy: isStatusBarNotificationAllowedAsUser: packageName = android,userId = -1
08-09 09:06:09.761 2643-2813/? D/SecContentProvider: query(), uri = 18 selection = isUsbMediaPlayerAvailable
08-09 09:06:09.761 25465-25465/? E/DJIUsbAccessoryReceiver: android.hardware.usb.action.USB_STATE
08-09 09:06:09.761 25465-25465/? I/ConnectDebug: (1533816369773) DJIUsbAccessoryReceiver android.hardware.usb.action.USB_STATE
08-09 09:06:09.761 14824-14853/? D/ScanRecord: parseFromBytes
    first manudata for manu ID
08-09 09:06:09.761 14824-21595/? D/BtGatt.ContextMap: sendClientScanResult for app id 5
08-09 09:06:09.761 2643-2947/? V/UsbDeviceManager: onUEvent(Device Cable) : {DEVNAME=usb_accessory, SUBSYSTEM=misc, SEQNUM=15546, MAJOR=10, ACTION=change, MINOR=16, DEVPATH=/devices/virtual/misc/usb_accessory, ACCESSORY=START}
08-09 09:06:09.761 2643-3005/? V/MARsPolicyManager: handelAlertToastWindowStarted pkgName = com.android.systemui
08-09 09:06:09.761 2643-2947/? D/UsbDeviceManager: got accessory start
08-09 09:06:09.761 2643-2813/? D/UsbDeviceManager: updateUsbNotification : notify id = 17040369, title = Transf. arquivos de mídia por USB
    updateUsbNotification_Lock--
    broadcasting Intent { act=android.hardware.usb.action.USB_STATE flg=0x30000000 (has extras) } connected: true configured: false
    sending intent : ACTION_USB_STATE : connected = true, configured = false, functions = mtp,adb
    mps exists
08-09 09:06:09.761 2643-3020/? D/CustomFrequencyManagerService: acquireDVFSLockLocked : type : DVFS_MIN_LIMIT  frequency : 1500000  uid : 1000  pid : 2643  pkgName : CHARGER_ANIMATION_BOOSTER@31
08-09 09:06:09.761 2643-2947/? W/UsbDeviceManager: startAccessoryMode[0]=DJI
    startAccessoryMode[1]=T600
    startAccessoryMode[2]=DJI Inspire 1
    startAccessoryMode[3]=v1.2.3.4
    startAccessoryMode[4]=www.dji.com
    startAccessoryMode[5]=12345678
    startAccessoryMode enableAccessory true,enableAudio false
08-09 09:06:09.761 2643-2947/? D/UsbDeviceManager: setCurrentFunctions(accessory)
08-09 09:06:09.761 2643-2813/? D/UsbDeviceManager: handleMessage -> MSG_UPDATE_STATE connected = 1,configured = 1
    updateUsbNotification_Lock++
    updateUsbNotification(false) : mConnected = true, mConfigured = true, mCurrentFunctions = mtp,adb
    mps exists
08-09 09:06:09.761 2643-2813/? D/RestrictionPolicy: isUsbMediaPlayerAvailable : true
08-09 09:06:09.761 2643-2813/? D/UsbDeviceManager: policy : mtp_and_ptp, restrict(allow) = true
    isUsb30Enabled: read '/sys/class/android_usb/android0/bcdUSB', state = 0200
    id=17040369, mUsbNotificationId=17040369
    updateUsbNotification_Lock--
    broadcasting Intent { act=android.hardware.usb.action.USB_STATE flg=0x30000000 (has extras) } connected: true configured: true
08-09 09:06:09.761 2643-2806/? V/BroadcastQueue: [foreground] Process cur broadcast BroadcastRecord{ef70fa6 u-1 android.hardware.usb.action.USB_STATE qIdx=2}, state= (APP_RECEIVE) DELIVERED for app ProcessRecord{b2eba11 25446:com.samsung.android.MtpApplication/1000}
08-09 09:06:09.761 2643-2813/? D/UsbDeviceManager: sending intent : ACTION_USB_STATE : connected = true, configured = true, functions = mtp,adb
    mps exists
08-09 09:06:09.771 5648-5658/? D/ScanRecord: parseFromBytes
    first manudata for manu ID
08-09 09:06:09.771 14824-14853/? D/ScanRecord: parseFromBytes
    first manudata for manu ID
08-09 09:06:09.771 25446-25446/? E/MTPRx: In MtpReceiverandroid.hardware.usb.action.USB_STATE
08-09 09:06:09.771 14824-21595/? D/BtGatt.ContextMap: sendClientScanResult for app id 5
08-09 09:06:09.771 2643-2983/? D/SecContentProvider2: query(), uri = 14 selection = getSealedUsbMassStorageState
08-09 09:06:09.771 25465-25465/? E/DJIUsbAccessoryReceiver: android.hardware.usb.action.USB_STATE
08-09 09:06:09.771 5648-20453/? D/ScanRecord: parseFromBytes
    first manudata for manu ID
08-09 09:06:09.771 25465-25465/? I/ConnectDebug: (1533816369781) DJIUsbAccessoryReceiver android.hardware.usb.action.USB_STATE
08-09 09:06:09.771 3190-3190/? D/PowerUI.ChargerAnimationView: Animation Started
08-09 09:06:09.771 2172-2206/? D/DataRouter: After the usb select
    read length is zero
    dr_usb_deinit
    dr_usb_init
08-09 09:06:09.771 2643-2947/? D/SecContentProvider: insert(), uri = 2
08-09 09:06:09.771 3190-3190/? D/KeyguardUpdateMonitor: handleBatteryUpdate
08-09 09:06:09.771 2172-2206/? E/DataRouter: USB Interface is open with 0x8
08-09 09:06:09.771 2172-2206/? D/DataRouter: USB interface is now configured for usb_fd = 0x8
    Before the usb select
08-09 09:06:09.771 2643-2676/? V/AlarmManager:  remove PendingIntent] PendingIntent{65a6de7: PendingIntentRecord{d4c1168 com.android.bluetooth broadcastIntent}}
08-09 09:06:09.771 2643-2813/? D/UsbDeviceManager: handleMessage -> MSG_SET_CURRENT_FUNCTION
    setEnabledFunctions functions=accessory, forceRestart=false
    setEnabledFunctions accessory
08-09 09:06:09.771 2643-2813/? I/UsbDeviceManager: Setting USB config [mtp,adb] to [accessory,adb]
08-09 09:06:09.771 2643-2813/? D/UsbDeviceManager: setUsbConfig(none)
08-09 09:06:09.771 2643-3913/? D/UsbDebuggingManager: Closing socket
    Creating socket
08-09 09:06:09.771 2643-2947/? V/UsbDeviceManager: onUEvent(Device Cable) : {USB_STATE=DISCONNECTED, SUBSYSTEM=android_usb, SEQNUM=15547, ACTION=change, DEVPATH=/devices/virtual/android_usb/android0}
08-09 09:06:09.771 2643-3913/? D/UsbDebuggingManager: Closing socket
08-09 09:06:09.771 2643-2643/? D/MARsPolicyManager: NotificationListenerService OngoingNotificationPosted : android
08-09 09:06:09.781 25197-25197/? I/seatbelt: EULA NOTI : EULAUserDecide is true. There is no needed to display notification
08-09 09:06:09.781 3360-3378/? D/Level_SysNotificationListener: [onNotificationPosted] pkg name : android
    [onNotificationPosted] This Notification is On-Going, let's skip it android
08-09 09:06:09.781 25446-25446/? E/MTPRx: check value of boot_completed is1
    check booting is completed_sys.boot_completed
08-09 09:06:09.781 14824-14853/? D/ScanRecord: parseFromBytes
    first manudata for manu ID
08-09 09:06:09.781 2168-2168/? I/SurfaceFlinger: id=3055 createSurf (1x1),1 flag=4, 
08-09 09:06:09.781 14824-21595/? D/BtGatt.ContextMap: sendClientScanResult for app id 5
08-09 09:06:09.781 2643-2947/? D/UsbDeviceManager: updateState( DISCONNECTED )
08-09 09:06:09.781 3190-3190/? D/BatteryMeterView: ACTION_BATTERY_CHANGED : level:91 status:2 health:2
    ACTION_BATTERY_CHANGED : level:91 status:2 health:2
08-09 09:06:09.781 3190-3190/? D/CoverUpdateMonitor: received broadcast android.intent.action.BATTERY_CHANGED
    received broadcast android.intent.action.ACTION_POWER_CONNECTED
08-09 09:06:09.781 2643-3010/? V/AlarmManager:  remove PendingIntent] PendingIntent{9a75d94: PendingIntentRecord{d4c1168 com.android.bluetooth broadcastIntent}}
08-09 09:06:09.791 5648-5659/? D/ScanRecord: parseFromBytes
    first manudata for manu ID
08-09 09:06:09.791 25446-25446/? W/MTPRx: value of connected istrue
    value of configured isfalse
    value of mtpEnabled istrue
    value of ptpEnabled isfalse
    value of vzw_charging isfalse
    value of sec_charging isfalse
08-09 09:06:09.791 25446-25446/? E/MTPRx: Received USB_STATE with sdCardLaunch = 0
    configured is false
08-09 09:06:09.791 2643-3026/? V/AlarmManager:  remove PendingIntent] PendingIntent{f3e203d: PendingIntentRecord{d4c1168 com.android.bluetooth broadcastIntent}}
08-09 09:06:09.791 2643-3029/? V/BroadcastQueue: [foreground] Process cur broadcast BroadcastRecord{ef70fa6 u-1 android.hardware.usb.action.USB_STATE qIdx=2}, state= (APP_RECEIVE) DELIVERED for app ProcessRecord{3029f55 19254:android.process.media/u0a27}
08-09 09:06:09.801 3190-3529/? D/mali_winsys: new_window_surface returns 0x3000,  [720x1280]-format:1
08-09 09:06:09.801 14824-14853/? D/ScanRecord: parseFromBytes
    first manudata for manu ID
08-09 09:06:09.801 14824-21595/? D/BtGatt.ContextMap: sendClientScanResult for app id 5
08-09 09:06:09.801 5648-5658/? D/ScanRecord: parseFromBytes
    first manudata for manu ID
08-09 09:06:09.801 2643-3038/? V/BroadcastQueue: [foreground] Process cur broadcast BroadcastRecord{ef70fa6 u-1 android.hardware.usb.action.USB_STATE qIdx=2}, state= (APP_RECEIVE) DELIVERED for app ProcessRecord{c6203fa 25262:com.samsung.android.SettingsReceiver/1000}
08-09 09:06:09.801 25262-25262/? E/ActivityThread: Failed to find provider info for com.myscript.atk.rmc
08-09 09:06:09.801 2643-3049/? V/AlarmManager:  remove PendingIntent] PendingIntent{7748032: PendingIntentRecord{d4c1168 com.android.bluetooth broadcastIntent}}
08-09 09:06:09.811 25275-25275/? D/NPS_WSSNPS: [] sys.usb.config : none
    [] bConfigured is false!
08-09 09:06:09.811 2168-2229/? I/SurfaceFlinger: id=3054 Removed Uoast (9/10)
08-09 09:06:09.811 2168-3669/? I/SurfaceFlinger: id=3054 Removed Uoast (-2/10)
08-09 09:06:09.811 3190-3190/? D/CoverBroadcastManager: ACTION_BATTERY_CHANGED : when=1533816369826, item=status=2 / plugged=2 / level=91 / health=2 / batteryOnline=4 / highVoltage=false
08-09 09:06:09.811 2643-3020/? V/BroadcastQueue: [foreground] Process cur broadcast BroadcastRecord{ef70fa6 u-1 android.hardware.usb.action.USB_STATE qIdx=2}, state= (APP_RECEIVE) DELIVERED for app ProcessRecord{4e0dab 25275:com.wssnps/1000}
08-09 09:06:09.811 2643-3014/? V/BroadcastQueue: [foreground] Process cur broadcast BroadcastRecord{4560183 u-1 android.hardware.usb.action.USB_STATE qIdx=2}, state= (APP_RECEIVE) DELIVERED for app ProcessRecord{b2eba11 25446:com.samsung.android.MtpApplication/1000}
08-09 09:06:09.821 25446-25446/? E/MTPRx: In MtpReceiverandroid.hardware.usb.action.USB_STATE
08-09 09:06:09.821 2643-3038/? D/SecContentProvider2: query(), uri = 14 selection = getSealedUsbMassStorageState
08-09 09:06:09.821 25197-25197/? W/seatbelt: Skipped background task
08-09 09:06:09.821 25446-25446/? E/MTPRx: check value of boot_completed is1
    check booting is completed_sys.boot_completed
08-09 09:06:09.821 2643-2813/? D/UsbDeviceManager: setUsbConfig(accessory,adb)
08-09 09:06:09.831 25446-25446/? W/MTPRx: value of connected istrue
    value of configured istrue
    value of mtpEnabled istrue
    value of ptpEnabled isfalse
    value of vzw_charging isfalse
    value of sec_charging isfalse
08-09 09:06:09.831 25446-25446/? E/MTPRx: Received USB_STATE with sdCardLaunch = 0
    mFirstTime: false
08-09 09:06:09.831 14824-14853/? D/ScanRecord: parseFromBytes
    first manudata for manu ID
08-09 09:06:09.831 14824-21595/? D/BtGatt.ContextMap: sendClientScanResult for app id 5
08-09 09:06:09.831 5648-20453/? D/ScanRecord: parseFromBytes
    first manudata for manu ID
08-09 09:06:09.831 2168-2168/? D/libEGL: eglTerminate EGLDisplay = 0xffe78584
08-09 09:06:09.831 2643-3029/? V/AlarmManager:  remove PendingIntent] PendingIntent{b66bf00: PendingIntentRecord{d4c1168 com.android.bluetooth broadcastIntent}}
08-09 09:06:09.831 2643-3014/? D/ConnectivityService: returning getNetworkInfo for network type 1 : [type: WIFI[] - WIFI, state: CONNECTED/CONNECTED, reason: (unspecified), extra: "Citi", roaming: false, failover: false, isAvailable: true]
08-09 09:06:09.831 2643-3035/? D/ConnectivityService: returning getNetworkInfo for network type 1 : [type: WIFI[] - WIFI, state: CONNECTED/CONNECTED, reason: (unspecified), extra: "Citi", roaming: false, failover: false, isAvailable: true]
08-09 09:06:09.831 2643-2983/? D/ConnectivityService: returning getNetworkInfo for network type 1 : [type: WIFI[] - WIFI, state: CONNECTED/CONNECTED, reason: (unspecified), extra: "Citi", roaming: false, failover: false, isAvailable: true]
08-09 09:06:09.831 2643-2679/? D/ConnectivityService: returning getNetworkInfo for network type 1 : [type: WIFI[] - WIFI, state: CONNECTED/CONNECTED, reason: (unspecified), extra: "Citi", roaming: false, failover: false, isAvailable: true]
08-09 09:06:09.841 25446-25446/? E/MTPJNIInterface: Getting CryptionKey from JAVA
08-09 09:06:09.851 25446-25446/? E/MTPRx: currentUserId is 0
    mtpCurrentGlobalUserId is 0
08-09 09:06:09.851 25387-25387/? I/usagelog: received in receiver
08-09 09:06:09.851 25387-25387/? I/KnoxUsageLogPro: KnoxUsageReceiver onReceive :android.intent.action.ACTION_POWER_CONNECTED myUserId=0
    premStatus:2
08-09 09:06:09.851 3190-3190/? D/KnoxNotification: ----- inflateViews : modified publicViewLocal -----
08-09 09:06:09.851 25387-25387/? I/KnoxUsageLogPro: isEulaShown : false
    KnoxUsageReceiver onReceive : not Processible, just return
08-09 09:06:09.851 2643-3017/? V/BroadcastQueue: [background] Process cur broadcast BroadcastRecord{547c585 u-1 android.intent.action.ACTION_POWER_CONNECTED qIdx=4}, state= (APP_RECEIVE) DELIVERED for app ProcessRecord{adc11ee 25387:com.sec.knox.switcher/1000}
08-09 09:06:09.861 25446-25446/? E/MTPRx: Start observing USB_STATE_MATCH 
08-09 09:06:09.861 3190-3190/? D/KnoxNotification: ----- inflateViews : modified KnoxViewLocal -----
08-09 09:06:09.861 25446-25446/? E/MTPRx: usbMode is 0200
