-25298/? E/MtpMediaDBManager: Index 0 requested, with a size of 0
    Index 0 requested, with a size of 0
08-09 09:04:59.531 2168-21577/? I/display: [PrimaryDisplay] [DYNAMIC_RECOMP] HWC_2_GLES by low FPS(0)
08-09 09:04:59.531 25249-25298/? E/MtpMediaDBManager: Index 0 requested, with a size of 0
08-09 09:04:59.541 25249-25298/? E/MtpMediaDBManager: Index 0 requested, with a size of 0
    Index 0 requested, with a size of 0
08-09 09:04:59.551 25249-25298/? E/MtpMediaDBManager: Index 0 requested, with a size of 0
    Index 0 requested, with a size of 0
08-09 09:04:59.561 25249-25298/? E/MtpMediaDBManager: Index 0 requested, with a size of 0
08-09 09:04:59.571 25249-25298/? E/MtpMediaDBManager: Index 0 requested, with a size of 0
    Index 0 requested, with a size of 0
08-09 09:04:59.581 25249-25298/? E/MtpMediaDBManager: Index 0 requested, with a size of 0
    Index 0 requested, with a size of 0
08-09 09:04:59.591 25249-25298/? E/MtpMediaDBManager: Index 0 requested, with a size of 0
08-09 09:04:59.601 25249-25298/? E/MtpMediaDBManager: Index 0 requested, with a size of 0
    Index 0 requested, with a size of 0
08-09 09:04:59.611 25249-25298/? E/MtpMediaDBManager: Index 0 requested, with a size of 0
    Index 0 requested, with a size of 0
08-09 09:04:59.621 25249-25298/? E/MtpMediaDBManager: Index 0 requested, with a size of 0
08-09 09:04:59.631 25249-25298/? E/MtpMediaDBManager: Index 0 requested, with a size of 0
    Index 0 requested, with a size of 0
08-09 09:04:59.641 25249-25298/? E/MtpMediaDBManager: Index 0 requested, with a size of 0
    Index 0 requested, with a size of 0
08-09 09:04:59.651 25249-25298/? E/MtpMediaDBManager: Index 0 requested, with a size of 0
08-09 09:04:59.661 25249-25298/? E/MtpMediaDBManager: Index 0 requested, with a size of 0
    Index 0 requested, with a size of 0
08-09 09:04:59.671 25249-25298/? E/MtpMediaDBManager: Index 0 requested, with a size of 0
08-09 09:04:59.681 25249-25298/? E/MtpMediaDBManager: Index 0 requested, with a size of 0
    Index 0 requested, with a size of 0
08-09 09:04:59.691 25249-25298/? E/MtpMediaDBManager: Index 0 requested, with a size of 0
    Index 0 requested, with a size of 0
08-09 09:04:59.701 25249-25298/? E/MtpMediaDBManager: Index 0 requested, with a size of 0
08-09 09:04:59.711 25249-25298/? E/MtpMediaDBManager: Index 0 requested, with a size of 0
    Index 0 requested, with a size of 0
08-09 09:04:59.721 25249-25298/? E/MtpMediaDBManager: Index 0 requested, with a size of 0
    Index 0 requested, with a size of 0
08-09 09:04:59.731 25249-25298/? E/MtpMediaDBManager: Index 0 requested, with a size of 0
08-09 09:04:59.741 25249-25298/? E/MtpMediaDBManager: Index 0 requested, with a size of 0
    Index 0 requested, with a size of 0
08-09 09:04:59.751 25249-25298/? E/MtpMediaDBManager: Index 0 requested, with a size of 0
    Index 0 requested, with a size of 0
08-09 09:04:59.761 25249-25298/? E/MtpMediaDBManager: Index 0 requested, with a size of 0
08-09 09:04:59.771 25249-25298/? E/MtpMediaDBManager: Index 0 requested, with a size of 0
    Index 0 requested, with a size of 0
08-09 09:04:59.781 25249-25298/? E/MtpMediaDBManager: Index 0 requested, with a size of 0
    Index 0 requested, with a size of 0
08-09 09:04:59.791 25249-25298/? E/MtpMediaDBManager: Index 0 requested, with a size of 0
08-09 09:04:59.801 25249-25298/? E/MtpMediaDBManager: Index 0 requested, with a size of 0
    Index 0 requested, with a size of 0
08-09 09:04:59.811 25249-25298/? E/MtpMediaDBManager: Index 0 requested, with a size of 0
    Index 0 requested, with a size of 0
08-09 09:04:59.831 25249-25298/? E/MtpMediaDBManager: Index 0 requested, with a size of 0
08-09 09:04:59.841 25249-25298/? E/MtpMediaDBManager: Index 0 requested, with a size of 0
    Index 0 requested, with a size of 0
08-09 09:04:59.851 25249-25298/? E/MtpMediaDBManager: Index 0 requested, with a size of 0
    Index 0 requested, with a size of 0
08-09 09:04:59.861 25249-25298/? E/MtpMediaDBManager: Index 0 requested, with a size of 0
08-09 09:04:59.871 25249-25298/? E/MtpMediaDBManager: Index 0 requested, with a size of 0
    Index 0 requested, with a size of 0
08-09 09:04:59.881 25249-25298/? E/MtpMediaDBManager: Index 0 requested, with a size of 0
    Index 0 requested, with a size of 0
08-09 09:04:59.891 25249-25298/? E/MtpMediaDBManager: Index 0 requested, with a size of 0
08-09 09:04:59.901 25249-25298/? E/MtpMediaDBManager: Index 0 requested, with a size of 0
    Index 0 requested, with a size of 0
08-09 09:04:59.911 25249-25298/? E/MtpMediaDBManager: Index 0 requested, with a size of 0
    Index 0 requested, with a size of 0
08-09 09:04:59.921 25249-25298/? E/MtpMediaDBManager: Index 0 requested, with a size of 0
08-09 09:04:59.931 25249-25298/? E/MtpMediaDBManager: Index 0 requested, with a size of 0
    Index 0 requested, with a size of 0
08-09 09:04:59.941 25249-25298/? E/MtpMediaDBManager: Index 0 requested, with a size of 0
08-09 09:04:59.951 25249-25298/? E/MtpMediaDBManager: Index 0 requested, with a size of 0
    Index 0 requested, with a size of 0
08-09 09:04:59.961 25249-25298/? E/MtpMediaDBManager: Index 0 requested, with a size of 0
    Index 0 requested, with a size of 0
08-09 09:04:59.971 25249-25298/? E/MtpMediaDBManager: Index 0 requested, with a size of 0
08-09 09:04:59.981 25249-25298/? E/MtpMediaDBManager: Index 0 requested, with a size of 0
    Index 0 requested, with a size of 0
08-09 09:04:59.991 25249-25298/? E/MtpMediaDBManager: Index 0 requested, with a size of 0
08-09 09:04:59.991 3190-3190/? D/KeyguardUpdateMonitor: received broadcast android.intent.action.TIME_TICK
    handleTimeUpdate
08-09 09:04:59.991 3190-3190/? D/Clock: received broadcast android.intent.action.TIME_TICK
08-09 09:05:00.001 25249-25298/? E/MtpMediaDBManager: Index 0 requested, with a size of 0
08-09 09:05:00.011 25249-25298/? E/MtpMediaDBManager: Index 0 requested, with a size of 0
08-09 09:05:00.021 25249-25298/? E/MtpMediaDBManager: Index 0 requested, with a size of 0
08-09 09:05:00.021 2168-2168/? I/display: [PrimaryDisplay] [DYNAMIC_RECOMP] first frame after HWC_2_GLES
    [PrimaryDisplay] [DYNAMIC_RECOMP] GLES_2_HWC by high FPS(5)
08-09 09:05:00.021 25249-25298/? E/MtpMediaDBManager: Index 0 requested, with a size of 0
08-09 09:05:00.021 3190-3190/? D/DateView: received broadcast android.intent.action.TIME_TICK
08-09 09:05:00.031 25249-25298/? E/MtpMediaDBManager: Index 0 requested, with a size of 0
08-09 09:05:00.041 3478-3478/? V/LauncherAppWidgetHostView: calculateWidgetSize: (target widgetsize)  using w/h 686 220 span 4 1 (widgetid 8) [current Gridsize : GRID_4x4]
08-09 09:05:00.041 3478-3478/? D/LauncherAppWidgetHostView: calculateWidgetSize() widget = Clima e relógio(widget id = 8) result hostview size = 686 x 220
    setResizeScaleResult() 686/ 220 scaleToResize = 1.0(widget id = 8)
08-09 09:05:00.041 25249-25298/? E/MtpMediaDBManager: Index 0 requested, with a size of 0
08-09 09:05:00.051 25249-25298/? E/MtpMediaDBManager: Index 0 requested, with a size of 0
08-09 09:05:00.061 25249-25298/? E/MtpMediaDBManager: Index 0 requested, with a size of 0
    Index 0 requested, with a size of 0
08-09 09:05:00.071 3190-3190/? D/NotificationStackScrollLayout:  scroll range should be extended : 708
08-09 09:05:00.071 25249-25298/? E/MtpMediaDBManager: Index 0 requested, with a size of 0
08-09 09:05:00.081 25249-25298/? E/MtpMediaDBManager: Index 0 requested, with a size of 0
08-09 09:05:00.081 15257-15257/? D/[WeatherWidget(1506)]  WeatherService: {[B73D43639EB27FAA34EF41A6129C1FA74EE523C06D7536E6814BAB417862AF9BA63017AC2C1E20CC004E1F7C09A488FE6E8405EF4D3F04CE1548AAA5BC357D19]}
08-09 09:05:00.081 15257-15257/? D/[WeatherWidget(1506)]: {[3AE6950019B083611567B0F9442DB03E46FB6DE766AD55CE2B94B9E5E5C0C8EB]}
08-09 09:05:00.081 25249-25298/? E/MtpMediaDBManager: Index 0 requested, with a size of 0
08-09 09:05:00.091 25249-25298/? E/MtpMediaDBManager: Index 0 requested, with a size of 0
08-09 09:05:00.101 15257-15257/? D/[WeatherWidget(1506)]: {[3AE6950019B083611567B0F9442DB03EBE3344DB7EA709231FA889CBE1BA042A320074BE8FD000B75A46F83623A94B344E5192D5B774C5A523CF5A4F89303533]}
    {[A1AF0F6A1A65A89C43D705938923D0FE9D71D1E79F916BF028A9BE05C24DCFF6CD2A051E52B392FDBAA9E734EE75F9A5A004CE631A80CFD14AEC6CB8A02BE3C3FD69A79CC5C9535D054F3F9A0340D168B89A957337496943055558B9DE08080CA903CF1767AF966494F8C0AD00C220B4]}
    {[483B5B7E147A3DD4E13C8EC20B3BDD854E22413F3C9169F664B5925485A18F29]}
08-09 09:05:00.101 25249-25298/? E/MtpMediaDBManager: Index 0 requested, with a size of 0
08-09 09:05:00.111 25249-25298/? E/MtpMediaDBManager: Index 0 requested, with a size of 0
08-09 09:05:00.121 25249-25298/? E/MtpMediaDBManager: Index 0 requested, with a size of 0
    Index 0 requested, with a size of 0
08-09 09:05:00.131 25249-25298/? E/MtpMediaDBManager: Index 0 requested, with a size of 0
08-09 09:05:00.141 25249-25298/? E/MtpMediaDBManager: Index 0 requested, with a size of 0
    Index 0 requested, with a size of 0
08-09 09:05:00.151 25249-25298/? E/MtpMediaDBManager: Index 0 requested, with a size of 0
08-09 09:05:00.161 25249-25298/? E/MtpMediaDBManager: Index 0 requested, with a size of 0
08-09 09:05:00.161 2643-5010/? D/EPDG -- [MODEM]: message length is  9
    countRead is 7 offset is 7remaining is 0
08-09 09:05:00.161 2643-5010/? D/EPDG -- EpdgIpcMessageFactory: ipcMainCmd: 8
08-09 09:05:00.161 2643-5010/? D/EPDG -- [UTILS]: isUSerBinary: true
08-09 09:05:00.161 2643-5010/? D/EPDG -- [RILRECEIVER]: [Rx]: Main: IPC_NET_CMD Sub: IPC_NET_REGIST
    [Rx]: Param: FF 03 
08-09 09:05:00.161 2643-5010/? I/EPDG -- [RILRECEIVER]: RX [NET_REGIST] -- RESPONSE -- EPDG NOT AVAILABLE
08-09 09:05:00.161 2643-5010/? D/EPDG -- [NETIPCMESSAGE]: encodeNetRegist
08-09 09:05:00.161 2643-5010/? D/EPDG -- [UTILS]: isUSerBinary: true
08-09 09:05:00.161 2643-5010/? D/EPDG -- [IPCDISPATCHER]: [Tx]: Main: IPC_NET_CMD Sub: IPC_NET_REGIST Cmd Type: IPC_CMD_RESP
    [Tx]: Param: 30 03 01 00 00 00 00 00 00 00 00 00 00 
08-09 09:05:00.161 2643-5010/? D/EPDG -- [MODEM]: EpdgModem instance already exists !
08-09 09:05:00.161 2643-3096/? D/EPDG -- [EPDGService]: Event received: RIL_EPDG_STATUS_QUERY
08-09 09:05:00.161 2643-5009/? D/EPDG -- [MODEM]: Successfully written to RIL
08-09 09:05:00.161 2643-3096/? D/EPDG -- [EPDGService]: handleMessage: cid - 1
08-09 09:05:00.171 25249-25298/? E/MtpMediaDBManager: Index 0 requested, with a size of 0
    Index 0 requested, with a size of 0
08-09 09:05:00.181 25249-25298/? E/MtpMediaDBManager: Index 0 requested, with a size of 0
08-09 09:05:00.191 25249-25298/? E/MtpMediaDBManager: Index 0 requested, with a size of 0
08-09 09:05:00.201 25249-25298/? E/MtpMediaDBManager: Index 0 requested, with a size of 0
08-09 09:05:00.201 3190-3552/? D/NetworkController.MobileSignalController(0/3): onCellLocationChanged
08-09 09:05:00.201 3562-3562/? D/PdnController: onCellLocationChanged:
08-09 09:05:00.201 3562-3562/? D/VolteServiceModule: onCellLocationChanged:
08-09 09:05:00.201 3562-3562/? D/RegistrationManagerBase: onCellLocationChanged:
08-09 09:05:00.211 3562-3690/? D/ResipRegistrationManager: handleMessage(): 24
08-09 09:05:00.211 3562-3690/? D/RegistrationManagerBase: handleMessage: what 24
08-09 09:05:00.211 25249-25298/? E/MtpMediaDBManager: Index 0 requested, with a size of 0
08-09 09:05:00.211 3562-3690/? E/OmcCode: OMC is empty
    salesCode is loaded :ZTO
08-09 09:05:00.211 3562-3690/? D/Mno: fromPlmn: operator=72403
08-09 09:05:00.221 25249-25298/? E/MtpMediaDBManager: Index 0 requested, with a size of 0
    Index 0 requested, with a size of 0
08-09 09:05:00.231 25249-25298/? E/MtpMediaDBManager: Index 0 requested, with a size of 0
    Index 0 requested, with a size of 0
08-09 09:05:00.241 25249-25298/? E/MtpMediaDBManager: Index 0 requested, with a size of 0
08-09 09:05:00.251 25249-25298/? E/MtpMediaDBManager: Index 0 requested, with a size of 0
    Index 0 requested, with a size of 0
08-09 09:05:00.261 25249-25298/? E/MtpMediaDBManager: Index 0 requested, with a size of 0
08-09 09:05:00.271 25249-25298/? E/MtpMediaDBManager: Index 0 requested, with a size of 0
    Index 0 requested, with a size of 0
08-09 09:05:00.281 25249-25298/? E/MtpMediaDBManager: Index 0 requested, with a size of 0
08-09 09:05:00.291 25249-25298/? E/MtpMediaDBManager: Index 0 requested, with a size of 0
    Index 0 requested, with a size of 0
08-09 09:05:00.301 25249-25298/? E/MtpMediaDBManager: Index 0 requested, with a size of 0
08-09 09:05:00.311 25249-25298/? E/MtpMediaDBManager: Index 0 requested, with a size of 0
    Index 0 requested, with a size of 0
08-09 09:05:00.321 25249-25298/? E/MtpMediaDBManager: Index 0 requested, with a size of 0
08-09 09:05:00.331 25249-25298/? E/MtpMediaDBManager: Index 0 requested, with a size of 0
08-09 09:05:00.341 2643-2659/? I/art: Background partial concurrent mark sweep GC freed 4227(202KB) AllocSpace objects, 0(0B) LOS objects, 27% free, 42MB/58MB, paused 3.974ms total 187.374ms
08-09 09:05:00.341 25249-25298/? E/MtpMediaDBManager: Index 0 requested, with a size of 0
08-09 09:05:00.351 25249-25298/? E/MtpMediaDBManager: Index 0 requested, with a size of 0
08-09 09:05:00.361 25249-25298/? E/MtpMediaDBManager: Index 0 requested, with a size of 0
    Index 0 requested, with a size of 0
08-09 09:05:00.371 25249-25298/? E/MtpMediaDBManager: Index 0 requested, with a size of 0
08-09 09:05:00.381 25249-25298/? E/MtpMediaDBManager: Index 0 requested, with a size of 0
08-09 09:05:00.391 25249-25298/? E/MtpMediaDBManager: Index 0 requested, with a size of 0
08-09 09:05:00.401 25249-25298/? E/MtpMediaDBManager: Index 0 requested, with a size of 0
    Index 0 requested, with a size of 0
08-09 09:05:00.411 25249-25298/? E/MtpMediaDBManager: Index 0 requested, with a size of 0
    Index 0 requested, with a size of 0
08-09 09:05:00.421 25249-25298/? E/MtpMediaDBManager: Index 0 requested, with a size of 0
08-09 09:05:00.431 25249-25298/? E/MtpMediaDBManager: Index 0 requested, with a size of 0
08-09 09:05:00.431 2168-21577/? I/display: [PrimaryDisplay] [DYNAMIC_RECOMP] HWC_2_GLES by low FPS(0)
08-09 09:05:00.431 25249-25298/? E/MtpMediaDBManager: Index 0 requested, with a size of 0
08-09 09:05:00.441 25249-25298/? E/MtpMediaDBManager: Index 0 requested, with a size of 0
08-09 09:05:00.451 25249-25298/? E/MtpMediaDBManager: Index 0 requested, with a size of 0
    Index 0 requested, with a size of 0
08-09 09:05:00.461 25249-25298/? E/MtpMediaDBManager: Index 0 requested, with a size of 0
08-09 09:05:00.471 25249-25298/? E/MtpMediaDBManager: Index 0 requested, with a size of 0
08-09 09:05:00.471 3478-3478/? D/capture: captureMainHomeScreen
    canCapture isWorkspaceLocked() = false isVisible : true
    canCapture mWorkspace.getState()() = NORMAL isTouchActive : false isPageMoving : false
    canCapture getCurrentPage()() = 0 getHomeScreenIndex() : 0
    captureMainHomeScreen land : false
    getCaptureBitmap getWidth : 720 getHeight : 1280
08-09 09:05:00.471 25249-25298/? E/MtpMediaDBManager: Index 0 requested, with a size of 0
08-09 09:05:00.481 25249-25298/? E/MtpMediaDBManager: Index 0 requested, with a size of 0
    Index 0 requested, with a size of 0
08-09 09:05:00.491 25249-25298/? E/MtpMediaDBManager: Index 0 requested, with a size of 0
08-09 09:05:00.501 25249-25298/? E/MtpMediaDBManager: Index 0 requested, with a size of 0
08-09 09:05:00.501 3478-3478/? D/capture: captureMainHomeScreen scale : 
08-09 09:05:00.501 3478-4246/? D/capture: canCapture isWorkspaceLocked() = false isVisible : true
    canCapture mWorkspace.getState()() = NORMAL isTouchActive : false isPageMoving : false
    canCapture getCurrentPage()() = 0 getHomeScreenIndex() : 0
    saveMainHomeScreen start canCapture : true
08-09 09:05:00.511 25249-25298/? E/MtpMediaDBManager: Index 0 requested, with a size of 0
    Index 0 requested, with a size of 0
08-09 09:05:00.521 25249-25298/? E/MtpMediaDBManager: Index 0 requested, with a size of 0
    Index 0 requested, with a size of 0
08-09 09:05:00.531 25249-25298/? E/MtpMediaDBManager: Index 0 requested, with a size of 0
08-09 09:05:00.541 25249-25298/? E/MtpMediaDBManager: Index 0 requested, with a size of 0
08-09 09:05:00.551 25249-25298/? E/MtpMediaDBManager: Index 0 requested, with a size of 0
    Index 0 requested, with a size of 0
08-09 09:05:00.561 25249-25298/? E/MtpMediaDBManager: Index 0 requested, with a size of 0
08-09 09:05:00.571 25249-25298/? E/MtpMediaDBManager: Index 0 requested, with a size of 0
    Index 0 requested, with a size of 0
08-09 09:05:00.581 25249-25298/? E/MtpMediaDBManager: Index 0 requested, with a size of 0
08-09 09:05:00.591 25249-25298/? E/MtpMediaDBManager: Index 0 requested, with a size of 0
    Index 0 requested, with a size of 0
08-09 09:05:00.601 25249-25298/? E/MtpMediaDBManager: Index 0 requested, with a size of 0
08-09 09:05:00.611 25249-25298/? E/MtpMediaDBManager: Index 0 requested, with a size of 0
    Index 0 requested, with a size of 0
08-09 09:05:00.621 25249-25298/? E/MtpMediaDBManager: Index 0 requested, with a size of 0
08-09 09:05:00.631 25249-25298/? E/MtpMediaDBManager: Index 0 requested, with a size of 0
    Index 0 requested, with a size of 0
08-09 09:05:00.641 25249-25298/? E/MtpMediaDBManager: Index 0 requested, with a size of 0
    Index 0 requested, with a size of 0
08-09 09:05:00.651 25249-25298/? E/MtpMediaDBManager: Index 0 requested, with a size of 0
08-09 09:05:00.661 25249-25298/? E/MtpMediaDBManager: Index 0 requested, with a size of 0
08-09 09:05:00.671 25249-25298/? E/MtpMediaDBManager: Index 0 requested, with a size of 0
    Index 0 requested, with a size of 0
08-09 09:05:00.681 25249-25298/? E/MtpMediaDBManager: Index 0 requested, with a size of 0
    Index 0 requested, with a size of 0
08-09 09:05:00.691 25249-25298/? E/MtpMediaDBManager: Index 0 requested, with a size of 0
08-09 09:05:00.701 25249-25298/? E/MtpMediaDBManager: Index 0 requested, with a size of 0
    Index 0 requested, with a size of 0
08-09 09:05:00.711 25249-25298/? E/MtpMediaDBManager: Index 0 requested, with a size of 0
08-09 09:05:00.721 25249-25298/? E/MtpMediaDBManager: Index 0 requested, with a size of 0
    Index 0 requested, with a size of 0
08-09 09:05:00.731 25249-25298/? E/MtpMediaDBManager: Index 0 requested, with a size of 0
08-09 09:05:00.741 25249-25298/? E/MtpMediaDBManager: Index 0 requested, with a size of 0
    Index 0 requested, with a size of 0
08-09 09:05:00.751 25249-25298/? E/MtpMediaDBManager: Index 0 requested, with a size of 0
08-09 09:05:00.751 3463-3663/? I/System.out: Broadcasting: Intent { act=com.sec.android.LTE_CA_PARAMETER flg=0x10000000 (has extras) }
    Broadcasting: Intent { act=com.sec.android.LTE_WIDEBAND_INFO flg=0x10000000 (has extras) }
08-09 09:05:00.751 3463-4230/? I/System.out: Broadcast completed: result=0
08-09 09:05:00.761 3190-3552/? D/NetworkController: onReceive: intent=Intent { act=com.sec.android.LTE_WIDEBAND_INFO flg=0x10000010 bqHint=2 (has extras) }
08-09 09:05:00.761 3190-3552/? D/NetworkController.MobileSignalController(0/3): LTE WIDEBAND : mCurrentState.CAIndicator = false
    getMobileIconGroup(): 13
08-09 09:05:00.761 25249-25298/? E/MtpMediaDBManager: Index 0 requested, with a size of 0
08-09 09:05:00.761 3463-31596/? I/System.out: Broadcast completed: result=0
08-09 09:05:00.771 25249-25298/? E/MtpMediaDBManager: Index 0 requested, with a size of 0
    Index 0 requested, with a size of 0
08-09 09:05:00.781 25249-25298/? E/MtpMediaDBManager: Index 0 requested, with a size of 0
08-09 09:05:00.791 25249-25298/? E/MtpMediaDBManager: Index 0 requested, with a size of 0
    Index 0 requested, with a size of 0
08-09 09:05:00.801 25249-25298/? E/MtpMediaDBManager: Index 0 requested, with a size of 0
08-09 09:05:00.811 25249-25298/? E/MtpMediaDBManager: Index 0 requested, with a size of 0
    Index 0 requested, with a size of 0
08-09 09:05:00.821 25249-25298/? E/MtpMediaDBManager: Index 0 requested, with a size of 0
08-09 09:05:00.831 25249-25298/? E/MtpMediaDBManager: Index 0 requested, with a size of 0
    Index 0 requested, with a size of 0
08-09 09:05:00.841 25249-25298/? E/MtpMediaDBManager: Index 0 requested, with a size of 0
08-09 09:05:00.851 25249-25298/? E/MtpMediaDBManager: Index 0 requested, with a size of 0
    Index 0 requested, with a size of 0
08-09 09:05:00.861 3478-4246/? D/capture: saveMainHomeScreen compress : 181606
08-09 09:05:00.861 25249-25298/? E/MtpMediaDBManager: Index 0 requested, with a size of 0
08-09 09:05:00.861 3478-4246/? D/capture: saveToFileCaptureScreen ret : false SCREENSHOT_FILE_PATH : /storage/emulated/0/Android/data/com.sec.android.app.launcher/cache/homescreenPreview.png
08-09 09:05:00.861 2643-3026/? D/SecContentProvider: query(), uri = 17 selection = isSettingsChangesAllowed
08-09 09:05:00.871 25249-25298/? E/MtpMediaDBManager: Index 0 requested, with a size of 0
08-09 09:05:00.871 3478-3478/? V/LauncherAppWidgetHostView: calculateWidgetSize: (target widgetsize)  using w/h 686 220 span 4 1 (widgetid 8) [current Gridsize : GRID_4x4]
08-09 09:05:00.871 3478-3478/? D/LauncherAppWidgetHostView: calculateWidgetSize() widget = Clima e relógio(widget id = 8) result hostview size = 686 x 220
    setResizeScaleResult() 686/ 220 scaleToResize = 1.0(widget id = 8)
08-09 09:05:00.881 25249-25298/? E/MtpMediaDBManager: Index 0 requested, with a size of 0
08-09 09:05:00.891 25249-25298/? E/MtpMediaDBManager: Index 0 requested, with a size of 0
08-09 09:05:00.891 2168-2168/? I/display: [PrimaryDisplay] [DYNAMIC_RECOMP] first frame after HWC_2_GLES
    [PrimaryDisplay] [DYNAMIC_RECOMP] GLES_2_HWC by high FPS(5)
08-09 09:05:00.891 25249-25298/? E/MtpMediaDBManager: Index 0 requested, with a size of 0
08-09 09:05:00.901 25249-25298/? E/MtpMediaDBManager: Index 0 requested, with a size of 0
08-09 09:05:00.911 25249-25298/? E/MtpMediaDBManager: Index 0 requested, with a size of 0
    Index 0 requested, with a size of 0
08-09 09:05:00.921 25249-25298/? E/MtpMediaDBManager: Index 0 requested, with a size of 0
08-09 09:05:00.931 25249-25298/? E/MtpMediaDBManager: Index 0 requested, with a size of 0
    Index 0 requested, with a size of 0
08-09 09:05:00.941 25249-25298/? E/MtpMediaDBManager: Index 0 requested, with a size of 0
08-09 09:05:00.951 25249-25298/? E/MtpMediaDBManager: Index 0 requested, with a size of 0
    Index 0 requested, with a size of 0
08-09 09:05:00.961 25249-25298/? E/MtpMediaDBManager: Index 0 requested, with a size of 0
08-09 09:05:00.971 25249-25298/? E/MtpMediaDBManager: Index 0 requested, with a size of 0
08-09 09:05:00.981 25249-25298/? E/MtpMediaDBManager: Index 0 requested, with a size of 0
08-09 09:05:00.991 25249-25298/? E/MtpMediaDBManager: Index 0 requested, with a size of 0
08-09 09:05:01.001 25249-25298/? E/MtpMediaDBManager: Index 0 requested, with a size of 0
08-09 09:05:01.011 25249-25298/? E/MtpMediaDBManager: Index 0 requested, with a size of 0
    Index 0 requested, with a size of 0
08-09 09:05:01.021 25249-25298/? E/MtpMediaDBManager: Index 0 requested, with a size of 0
08-09 09:05:01.031 25249-25298/? E/MtpMediaDBManager: Index 0 requested, with a size of 0
08-09 09:05:01.041 25249-25298/? E/MtpMediaDBManager: Index 0 requested, with a size of 0
08-09 09:05:01.051 11496-22037/? W/DatabaseProcessor: Exiting Adaptive Discovery. Current NetworkInfo is NULL.
08-09 09:05:01.051 25249-25298/? E/MtpMediaDBManager: Index 0 requested, with a size of 0
08-09 09:05:01.061 25249-25298/? E/MtpMediaDBManager: Index 0 requested, with a size of 0
    Index 0 requested, with a size of 0
08-09 09:05:01.071 25249-25298/? E/MtpMediaDBManager: Index 0 requested, with a size of 0
08-09 09:05:01.081 25249-25298/? E/MtpMediaDBManager: Index 0 requested, with a size of 0
08-09 09:05:01.091 25249-25298/? E/MtpMediaDBManager: Index 0 requested, with a size of 0
    Index 0 requested, with a size of 0
08-09 09:05:01.101 14824-14853/? D/ScanRecord: parseFromBytes
08-09 09:05:01.101 14824-21595/? D/BtGatt.ContextMap: sendClientScanResult for app id 5
08-09 09:05:01.101 5648-5658/? D/ScanRecord: parseFromBytes
08-09 09:05:01.101 14824-14853/? D/ScanRecord: parseFromBytes
08-09 09:05:01.101 14824-21595/? D/BtGatt.ContextMap: sendClientScanResult for app id 5
08-09 09:05:01.101 5648-5659/? D/ScanRecord: parseFromBytes
08-09 09:05:01.101 25249-25298/? E/MtpMediaDBManager: Index 0 requested, with a size of 0
08-09 09:05:01.111 14824-14853/? D/ScanRecord: parseFromBytes
    first manudata for manu ID
08-09 09:05:01.111 14824-21595/? D/BtGatt.ContextMap: sendClientScanResult for app id 5
08-09 09:05:01.111 5648-20453/? D/ScanRecord: parseFromBytes
    first manudata for manu ID
08-09 09:05:01.111 25249-25298/? E/MtpMediaDBManager: Index 0 requested, with a size of 0
08-09 09:05:01.121 25249-25298/? E/MtpMediaDBManager: Index 0 requested, with a size of 0
08-09 09:05:01.121 14824-14853/? D/ScanRecord: parseFromBytes
    first manudata for manu ID
08-09 09:05:01.121 14824-21595/? D/BtGatt.ContextMap: sendClientScanResult for app id 5
08-09 09:05:01.131 5648-5658/? D/ScanRecord: parseFromBytes
    first manudata for manu ID
08-09 09:05:01.131 25249-25298/? E/MtpMediaDBManager: Index 0 requested, with a size of 0
08-09 09:05:01.141 25249-25298/? E/MtpMediaDBManager: Index 0 requested, with a size of 0
    Index 0 requested, with a size of 0
08-09 09:05:01.151 25249-25298/? E/MtpMediaDBManager: Index 0 requested, with a size of 0
08-09 09:05:01.161 25249-25298/? E/MtpMediaDBManager: Index 0 requested, with a size of 0
08-09 09:05:01.161 14824-14853/? D/ScanRecord: parseFromBytes
    first manudata for manu ID
08-09 09:05:01.161 14824-21595/? D/BtGatt.ContextMap: sendClientScanResult for app id 5
08-09 09:05:01.161 5648-5659/? D/ScanRecord: parseFromBytes
    first manudata for manu ID
08-09 09:05:01.171 25249-25298/? E/MtpMediaDBManager: Index 0 requested, with a size of 0
08-09 09:05:01.171 14824-14853/? D/ScanRecord: parseFromBytes
    first manudata for manu ID
08-09 09:05:01.171 14824-21595/? D/BtGatt.ContextMap: sendClientScanResult for app id 5
08-09 09:05:01.171 5648-20453/? D/ScanRecord: parseFromBytes
    first manudata for manu ID
08-09 09:05:01.171 14824-14853/? D/ScanRecord: parseFromBytes
    first manudata for manu ID
08-09 09:05:01.171 14824-21595/? D/BtGatt.ContextMap: sendClientScanResult for app id 5
08-09 09:05:01.171 5648-5658/? D/ScanRecord: parseFromBytes
    first manudata for manu ID
08-09 09:05:01.171 25249-25298/? E/MtpMediaDBManager: Index 0 requested, with a size of 0
08-09 09:05:01.181 25249-25298/? E/MtpMediaDBManager: Index 0 requested, with a size of 0
08-09 09:05:01.191 25249-25298/? E/MtpMediaDBManager: Index 0 requested, with a size of 0
    Index 0 requested, with a size of 0
08-09 09:05:01.201 14824-14853/? D/ScanRecord: parseFromBytes
08-09 09:05:01.201 14824-21595/? D/BtGatt.ContextMap: sendClientScanResult for app id 5
08-09 09:05:01.201 5648-5659/? D/ScanRecord: parseFromBytes
08-09 09:05:01.201 25249-25298/? E/MtpMediaDBManager: Index 0 requested, with a size of 0
08-09 09:05:01.211 14824-14853/? D/ScanRecord: parseFromBytes
08-09 09:05:01.211 14824-21595/? D/BtGatt.ContextMap: sendClientScanResult for app id 5
08-09 09:05:01.211 5648-20453/? D/ScanRecord: parseFromBytes
08-09 09:05:01.221 25249-25298/? E/MtpMediaDBManager: Index 0 requested, with a size of 0
    Index 0 requested, with a size of 0
08-09 09:05:01.231 2643-2659/? I/art: Background partial concurrent mark sweep GC freed 5046(787KB) AllocSpace objects, 0(0B) LOS objects, 27% free, 42MB/58MB, paused 7.531ms total 198.914ms
08-09 09:05:01.231 2168-21577/? I/display: [PrimaryDisplay] [DYNAMIC_RECOMP] HWC_2_GLES by low FPS(0)
08-09 09:05:01.231 14824-14853/? D/ScanRecord: parseFromBytes
    first manudata for manu ID
08-09 09:05:01.231 14824-21595/? D/BtGatt.ContextMap: sendClientScanResult for app id 5
08-09 09:05:01.231 5648-5658/? D/ScanRecord: parseFromBytes
    first manudata for manu ID
08-09 09:05:01.231 25249-25298/? E/MtpMediaDBManager: Index 0 requested, with a size of 0
08-09 09:05:01.251 25249-25298/? E/MtpMediaDBManager: Index 0 requested, with a size of 0
    Index 0 requested, with a size of 0
08-09 09:05:01.261 25249-25298/? E/MtpMediaDBManager: Index 0 requested, with a size of 0
08-09 09:05:01.271 25249-25298/? E/MtpMediaDBManager: Index 0 requested, with a size of 0
    Index 0 requested, with a size of 0
08-09 09:05:01.281 25249-25298/? E/MtpMediaDBManager: Index 0 requested, with a size of 0
08-09 09:05:01.291 25249-25298/? E/MtpMediaDBManager: Index 0 requested, with a size of 0
    Index 0 requested, with a size of 0
08-09 09:05:01.301 25249-25298/? E/MtpMediaDBManager: Index 0 requested, with a size of 0
08-09 09:05:01.311 25249-25298/? E/MtpMediaDBManager: Index 0 requested, with a size of 0
    Index 0 requested, with a size of 0
08-09 09:05:01.321 25249-25298/? E/MtpMediaDBManager: Index 0 requested, with a size of 0
    Index 0 requested, with a size of 0
08-09 09:05:01.331 25249-25298/? E/MtpMediaDBManager: Index 0 requested, with a size of 0
08-09 09:05:01.341 25249-25298/? E/MtpMediaDBManager: Index 0 requested, with a size of 0
    Index 0 requested, with a size of 0
08-09 09:05:01.351 25249-25298/? E/MtpMediaDBManager: Index 0 requested, with a size of 0
08-09 09:05:01.361 25249-25298/? E/MtpMediaDBManager: Index 0 requested, with a size of 0
    Index 0 requested, with a size of 0
08-09 09:05:01.371 25249-25298/? E/MtpMediaDBManager: Index 0 requested, with a size of 0
    Index 0 requested, with a size of 0
08-09 09:05:01.381 25249-25298/? E/MtpMediaDBManager: Index 0 requested, with a size of 0
08-09 09:05:01.391 25249-25298/? E/MtpMediaDBManager: Index 0 requested, with a size of 0
    Index 0 requested, with a size of 0
08-09 09:05:01.401 25249-25298/? E/MtpMediaDBManager: Index 0 requested, with a size of 0
08-09 09:05:01.411 25249-25298/? E/MtpMediaDBManager: Index 0 requested, with a size of 0
    Index 0 requested, with a size of 0
08-09 09:05:01.421 25249-25298/? E/MtpMediaDBManager: Index 0 requested, with a size of 0
    Index 0 requested, with a size of 0
08-09 09:05:01.431 25249-25298/? E/MtpMediaDBManager: Index 0 requested, with a size of 0
08-09 09:05:01.441 25249-25298/? E/MtpMediaDBManager: Index 0 requested, with a size of 0
    Index 0 requested, with a size of 0
08-09 09:05:01.451 25249-25298/? E/MtpMediaDBManager: Index 0 requested, with a size of 0
08-09 09:05:01.461 25249-25298/? E/MtpMediaDBManager: Index 0 requested, with a size of 0
    Index 0 requested, with a size of 0
08-09 09:05:01.471 25249-25298/? E/MtpMediaDBManager: Index 0 requested, with a size of 0
08-09 09:05:01.481 25249-25298/? E/MtpMediaDBManager: Index 0 requested, with a size of 0
    Index 0 requested, with a size of 0
08-09 09:05:01.491 25249-25298/? E/MtpMediaDBManager: Index 0 requested, with a size of 0
    Index 0 requested, with a size of 0
08-09 09:05:01.501 25249-25298/? E/MtpMediaDBManager: Index 0 requested, with a size of 0
08-09 09:05:01.511 25249-25298/? E/MtpMediaDBManager: Index 0 requested, with a size of 0
    Index 0 requested, with a size of 0
08-09 09:05:01.521 25249-25298/? E/MtpMediaDBManager: Index 0 requested, with a size of 0
08-09 09:05:01.531 25249-25298/? E/MtpMediaDBManager: Index 0 requested, with a size of 0
08-09 09:05:01.541 25249-25298/? E/MtpMediaDBManager: Index 0 requested, with a size of 0
    Index 0 requested, with a size of 0
08-09 09:05:01.551 25249-25298/? E/MtpMediaDBManager: Index 0 requested, with a size of 0
08-09 09:05:01.561 25249-25298/? E/MtpMediaDBManager: Index 0 requested, with a size of 0
08-09 09:05:01.571 25249-25298/? E/MtpMediaDBManager: Index 0 requested, with a size of 0
    Index 0 requested, with a size of 0
08-09 09:05:01.581 25249-25298/? E/MtpMediaDBManager: Index 0 requested, with a size of 0
08-09 09:05:01.591 25249-25298/? E/MtpMediaDBManager: Index 0 requested, with a size of 0
08-09 09:05:01.601 25249-25298/? E/MtpMediaDBManager: Index 0 requested, with a size of 0
    Index 0 requested, with a size of 0
08-09 09:05:01.611 25249-25298/? E/MtpMediaDBManager: Index 0 requested, with a size of 0
08-09 09:05:01.621 25249-25298/? E/MtpMediaDBManager: Index 0 requested, with a size of 0
    Index 0 requested, with a size of 0
08-09 09:05:01.631 25249-25298/? E/MtpMediaDBManager: Index 0 requested, with a size of 0
08-09 09:05:01.641 25249-25298/? E/MtpMediaDBManager: Index 0 requested, with a size of 0
08-09 09:05:01.651 25249-25298/? E/MtpMediaDBManager: Index 0 requested, with a size of 0
    Index 0 requested, with a size of 0
08-09 09:05:01.661 25249-25298/? E/MtpMediaDBManager: Index 0 requested, with a size of 0
08-09 09:05:01.671 25249-25298/? E/MtpMediaDBManager: Index 0 requested, with a size of 0
08-09 09:05:01.681 25249-25298/? E/MtpMediaDBManager: Index 0 requested, with a size of 0
    Index 0 requested, with a size of 0
08-09 09:05:01.691 2168-2168/? I/display: [PrimaryDisplay] [DYNAMIC_RECOMP] first frame after HWC_2_GLES
    [PrimaryDisplay] [DYNAMIC_RECOMP] GLES_2_HWC by high FPS(5)
08-09 09:05:01.691 25249-25298/? E/MtpMediaDBManager: Index 0 requested, with a size of 0
08-09 09:05:01.701 25249-25298/? E/MtpMediaDBManager: Index 0 requested, with a size of 0
08-09 09:05:01.711 25249-25298/? E/MtpMediaDBManager: Index 0 requested, with a size of 0
    Index 0 requested, with a size of 0
08-09 09:05:01.721 25249-25298/? E/MtpMediaDBManager: Index 0 requested, with a size of 0
08-09 09:05:01.731 25249-25298/? E/MtpMediaDBManager: Index 0 requested, with a size of 0
08-09 09:05:01.741 25249-25298/? E/MtpMediaDBManager: Index 0 requested, with a size of 0
08-09 09:05:01.751 25249-25298/? E/MtpMediaDBManager: Index 0 requested, with a size of 0
08-09 09:05:01.761 25249-25298/? E/MtpMediaDBManager: Index 0 requested, with a size of 0
08-09 09:05:01.771 25249-25298/? E/MtpMediaDBManager: Index 0 requested, with a size of 0
    Index 0 requested, with a size of 0
08-09 09:05:01.781 25249-25298/? E/MtpMediaDBManager: Index 0 requested, with a size of 0
08-09 09:05:01.791 25249-25298/? E/MtpMediaDBManager: Index 0 requested, with a size of 0
08-09 09:05:01.801 25249-25298/? E/MtpMediaDBManager: Index 0 requested, with a size of 0
08-09 09:05:01.811 25249-25298/? E/MtpMediaDBManager: Index 0 requested, with a size of 0
    Index 0 requested, with a size of 0
08-09 09:05:01.821 25249-25298/? E/MtpMediaDBManager: Index 0 requested, with a size of 0
08-09 09:05:01.831 25249-25298/? E/MtpMediaDBManager: Index 0 requested, with a size of 0
08-09 09:05:01.841 25249-25298/? E/MtpMediaDBManager: Index 0 requested, with a size of 0
    Index 0 requested, with a size of 0
08-09 09:05:01.851 25249-25298/? E/MtpMediaDBManager: Index 0 requested, with a size of 0
08-09 09:05:01.861 25249-25298/? E/MtpMediaDBManager: Index 0 requested, with a size of 0
    Index 0 requested, with a size of 0
08-09 09:05:01.871 25249-25298/? E/MtpMediaDBManager: Index 0 requested, with a size of 0
08-09 09:05:01.881 25249-25298/? E/MtpMediaDBManager: Index 0 requested, with a size of 0
08-09 09:05:01.891 25249-25298/? E/MtpMediaDBManager: Index 0 requested, with a size of 0
08-09 09:05:01.901 25249-25298/? E/MtpMediaDBManager: Index 0 requested, with a size of 0
    Index 0 requested, with a size of 0
08-09 09:05:01.911 25249-25298/? E/MtpMediaDBManager: Index 0 requested, with a size of 0
08-09 09:05:01.921 25249-25298/? E/MtpMediaDBManager: Index 0 requested, with a size of 0
08-09 09:05:01.931 25249-25298/? E/MtpMediaDBManager: Index 0 requested, with a size of 0
    Index 0 requested, with a size of 0
08-09 09:05:01.941 25249-25298/? E/MtpMediaDBManager: Index 0 requested, with a size of 0
08-09 09:05:01.951 25249-25298/? E/MtpMediaDBManager: Index 0 requested, with a size of 0
08-09 09:05:01.961 25249-25298/? E/MtpMediaDBManager: Index 0 requested, with a size of 0
    Index 0 requested, with a size of 0
08-09 09:05:01.971 25249-25298/? E/MtpMediaDBManager: Index 0 requested, with a size of 0
08-09 09:05:01.981 25249-25298/? E/MtpMediaDBManager: Index 0 requested, with a size of 0
08-09 09:05:01.991 25249-25298/? E/MtpMediaDBManager: Index 0 requested, with a size of 0
    Index 0 requested, with a size of 0
08-09 09:05:02.001 25249-25298/? E/MtpMediaDBManager: Index 0 requested, with a size of 0
08-09 09:05:02.011 25249-25298/? E/MtpMediaDBManager: Index 0 requested, with a size of 0
08-09 09:05:02.021 25249-25298/? E/MtpMediaDBManager: Index 0 requested, with a size of 0
08-09 09:05:02.031 25249-25298/? E/MtpMediaDBManager: Index 0 requested, with a size of 0
08-09 09:05:02.031 2168-21577/? I/display: [PrimaryDisplay] [DYNAMIC_RECOMP] HWC_2_GLES by low FPS(0)
08-09 09:05:02.041 25249-25298/? E/MtpMediaDBManager: Index 0 requested, with a size of 0
08-09 09:05:02.051 25249-25298/? E/MtpMediaDBManager: Index 0 requested, with a size of 0
08-09 09:05:02.071 25249-25298/? E/MtpMediaDBManager: Index 0 requested, with a size of 0
08-09 09:05:02.081 25249-25298/? E/MtpMediaDBManager: Index 0 requested, with a size of 0
08-09 09:05:02.091 25249-25298/? E/MtpMediaDBManager: Index 0 requested, with a size of 0
08-09 09:05:02.101 25249-25298/? E/MtpMediaDBManager: Index 0 requested, with a size of 0
08-09 09:05:02.111 25249-25298/? E/MtpMediaDBManager: Index 0 requested, with a size of 0
08-09 09:05:02.121 25249-25298/? E/MtpMediaDBManager: Index 0 requested, with a size of 0
08-09 09:05:02.141 2643-2659/? I/art: Background partial concurrent mark sweep GC freed 4261(207KB) AllocSpace objects, 0(0B) LOS objects, 27% free, 42MB/58MB, paused 3.962ms total 189.497ms
08-09 09:05:02.141 25249-25298/? E/MtpMediaDBManager: Index 0 requested, with a size of 0
08-09 09:05:02.161 25249-25298/? E/MtpMediaDBManager: Index 0 requested, with a size of 0
08-09 09:05:02.171 25249-25298/? E/MtpMediaDBManager: Index 0 requested, with a size of 0
08-09 09:05:02.181 25249-25298/? E/MtpMediaDBManager: Index 0 requested, with a size of 0
08-09 09:05:02.191 25249-25298/? E/MtpMediaDBManager: Index 0 requested, with a size of 0
08-09 09:05:02.201 25249-25298/? E/MtpMediaDBManager: Index 0 requested, with a size of 0
    Index 0 requested, with a size of 0
08-09 09:05:02.221 25249-25298/? E/MtpMediaDBManager: Index 0 requested, with a size of 0
08-09 09:05:02.231 25249-25298/? E/MtpMediaDBManager: Index 0 requested, with a size of 0
08-09 09:05:02.241 25249-25298/? E/MtpMediaDBManager: Index 0 requested, with a size of 0
08-09 09:05:02.251 25249-25298/? E/MtpMediaDBManager: Index 0 requested, with a size of 0
08-09 09:05:02.261 25249-25298/? E/MtpMediaDBManager: Index 0 requested, with a size of 0
08-09 09:05:02.271 25249-25298/? E/MtpMediaDBManager: Index 0 requested, with a size of 0
08-09 09:05:02.281 25249-25298/? E/MtpMediaDBManager: Index 0 requested, with a size of 0
08-09 09:05:02.291 25249-25298/? E/MtpMediaDBManager: Index 0 requested, with a size of 0
08-09 09:05:02.301 25249-25298/? E/MtpMediaDBManager: Index 0 requested, with a size of 0
08-09 09:05:02.321 25249-25298/? E/MtpMediaDBManager: Index 0 requested, with a size of 0
08-09 09:05:02.331 25249-25298/? E/MtpMediaDBManager: Index 0 requested, with a size of 0
08-09 09:05:02.341 25249-25298/? E/MtpMediaDBManager: Index 0 requested, with a size of 0
08-09 09:05:02.351 25249-25298/? E/MtpMediaDBManager: Index 0 requested, with a size of 0
    Index 0 requested, with a size of 0
08-09 09:05:02.371 25249-25298/? E/MtpMediaDBManager: Index 0 requested, with a size of 0
08-09 09:05:02.381 25249-25298/? E/MtpMediaDBManager: Index 0 requested, with a size of 0
08-09 09:05:02.391 25249-25298/? E/MtpMediaDBManager: Index 0 requested, with a size of 0
08-09 09:05:02.401 25249-25298/? E/MtpMediaDBManager: Index 0 requested, with a size of 0
08-09 09:05:02.411 25249-25298/? E/MtpMediaDBManager: Index 0 requested, with a size of 0
08-09 09:05:02.421 25249-25298/? E/MtpMediaDBManager: Index 0 requested, with a size of 0
08-09 09:05:02.431 25249-25298/? E/MtpMediaDBManager: Index 0 requested, with a size of 0
08-09 09:05:02.441 25249-25298/? E/MtpMediaDBManager: Index 0 requested, with a size of 0
08-09 09:05:02.451 25249-25298/? E/MtpMediaDBManager: Index 0 requested, with a size of 0
08-09 09:05:02.461 25249-25298/? E/MtpMediaDBManager: Index 0 requested, with a size of 0
08-09 09:05:02.471 25249-25298/? E/MtpMediaDBManager: Index 0 requested, with a size of 0
08-09 09:05:02.481 25249-25298/? E/MtpMediaDBManager: Index 0 requested, with a size of 0
    Index 0 requested, with a size of 0
08-09 09:05:02.491 25249-25298/? E/MtpMediaDBManager: Index 0 requested, with a size of 0
08-09 09:05:02.501 25249-25298/? E/MtpMediaDBManager: Index 0 requested, with a size of 0
08-09 09:05:02.511 25249-25298/? E/MtpMediaDBManager: Index 0 requested, with a size of 0
08-09 09:05:02.521 25249-25298/? E/MtpMediaDBManager: Index 0 requested, with a size of 0
08-09 09:05:02.531 25249-25298/? E/MtpMediaDBManager: Index 0 requested, with a size of 0
08-09 09:05:02.541 25249-25298/? E/MtpMediaDBManager: Index 0 requested, with a size of 0
    Index 0 requested, with a size of 0
08-09 09:05:02.551 25249-25298/? E/MtpMediaDBManager: Index 0 requested, with a size of 0
08-09 09:05:02.561 25249-25298/? E/MtpMediaDBManager: Index 0 requested, with a size of 0
08-09 09:05:02.571 25249-25298/? E/MtpMediaDBManager: Index 0 requested, with a size of 0
08-09 09:05:02.581 25249-25298/? E/MtpMediaDBManager: Index 0 requested, with a size of 0
08-09 09:05:02.591 25249-25298/? E/MtpMediaDBManager: Index 0 requested, with a size of 0
08-09 09:05:02.601 25249-25298/? E/MtpMediaDBManager: Index 0 requested, with a size of 0
08-09 09:05:02.611 25249-25298/? E/MtpMediaDBManager: Index 0 requested, with a size of 0
08-09 09:05:02.621 25249-25298/? E/MtpMediaDBManager: Index 0 requested, with a size of 0
08-09 09:05:02.631 25249-25298/? E/MtpMediaDBManager: Index 0 requested, with a size of 0
08-09 09:05:02.641 25249-25298/? E/MtpMediaDBManager: Index 0 requested, with a size of 0
08-09 09:05:02.651 25249-25298/? E/MtpMediaDBManager: Index 0 requested, with a size of 0
08-09 09:05:02.661 25249-25298/? E/MtpMediaDBManager: Index 0 requested, with a size of 0
08-09 09:05:02.671 25249-25298/? E/MtpMediaDBManager: Index 0 requested, with a size of 0
    Index 0 requested, with a size of 0
08-09 09:05:02.681 25249-25298/? E/MtpMediaDBManager: Index 0 requested, with a size of 0
08-09 09:05:02.691 25249-25298/? E/MtpMediaDBManager: Index 0 requested, with a size of 0
08-09 09:05:02.711 25249-25298/? E/MtpMediaDBManager: Index 0 requested, with a size of 0
08-09 09:05:02.721 25249-25298/? E/MtpMediaDBManager: Index 0 requested, with a size of 0
08-09 09:05:02.731 25249-25298/? E/MtpMediaDBManager: Index 0 requested, with a size of 0
    Index 0 requested, with a size of 0
08-09 09:05:02.741 25249-25298/? E/MtpMediaDBManager: Index 0 requested, with a size of 0
08-09 09:05:02.751 25249-25298/? E/MtpMediaDBManager: Index 0 requested, with a size of 0
08-09 09:05:02.761 25249-25298/? E/MtpMediaDBManager: Index 0 requested, with a size of 0
08-09 09:05:02.771 25249-25298/? E/MtpMediaDBManager: Index 0 requested, with a size of 0
08-09 09:05:02.781 25249-25298/? E/MtpMediaDBManager: Index 0 requested, with a size of 0
08-09 09:05:02.791 25249-25298/? E/MtpMediaDBManager: Index 0 requested, with a size of 0
08-09 09:05:02.801 25249-25298/? E/MtpMediaDBManager: Index 0 requested, with a size of 0
08-09 09:05:02.811 25249-25298/? E/MtpMediaDBManager: Index 0 requested, with a size of 0
    Index 0 requested, with a size of 0
08-09 09:05:02.831 25249-25298/? E/MtpMediaDBManager: Index 0 requested, with a size of 0
08-09 09:05:02.841 25249-25298/? E/MtpMediaDBManager: Index 0 requested, with a size of 0
08-09 09:05:02.851 25249-25298/? E/MtpMediaDBManager: Index 0 requested, with a size of 0
08-09 09:05:02.861 25249-25298/? E/MtpMediaDBManager: Index 0 requested, with a size of 0
08-09 09:05:02.871 25249-25298/? E/MtpMediaDBManager: Index 0 requested, with a size of 0
08-09 09:05:02.881 25249-25298/? E/MtpMediaDBManager: Index 0 requested, with a size of 0
    Index 0 requested, with a size of 0
08-09 09:05:02.891 25249-25298/? E/MtpMediaDBManager: Index 0 requested, with a size of 0
08-09 09:05:02.911 25249-25298/? E/MtpMediaDBManager: Index 0 requested, with a size of 0
08-09 09:05:02.921 25249-25298/? E/MtpMediaDBManager: Index 0 requested, with a size of 0
08-09 09:05:02.931 25249-25298/? E/MtpMediaDBManager: Index 0 requested, with a size of 0
08-09 09:05:02.941 25249-25298/? E/MtpMediaDBManager: Index 0 requested, with a size of 0
    Index 0 requested, with a size of 0
08-09 09:05:02.951 25249-25298/? E/MtpMediaDBManager: Index 0 requested, with a size of 0
08-09 09:05:02.961 25249-25298/? E/MtpMediaDBManager: Index 0 requested, with a size of 0
08-09 09:05:02.971 25249-25298/? E/MtpMediaDBManager: Index 0 requested, with a size of 0
08-09 09:05:02.981 25249-25298/? E/MtpMediaDBManager: Index 0 requested, with a size of 0
    Index 0 requested, with a size of 0
08-09 09:05:02.991 25249-25298/? E/MtpMediaDBManager: Index 0 requested, with a size of 0
08-09 09:05:03.001 25249-25298/? E/MtpMediaDBManager: Index 0 requested, with a size of 0
    Index 0 requested, with a size of 0
08-09 09:05:03.011 25249-25298/? E/MtpMediaDBManager: Index 0 requested, with a size of 0
08-09 09:05:03.031 25249-25298/? E/MtpMediaDBManager: Index 0 requested, with a size of 0
08-09 09:05:03.041 25249-25298/? E/MtpMediaDBManager: Index 0 requested, with a size of 0
08-09 09:05:03.051 25249-25298/? E/MtpMediaDBManager: Index 0 requested, with a size of 0
08-09 09:05:03.061 25249-25298/? E/MtpMediaDBManager: Index 0 requested, with a size of 0
08-09 09:05:03.071 25249-25298/? E/MtpMediaDBManager: Index 0 requested, with a size of 0
08-09 09:05:03.081 25249-25298/? E/MtpMediaDBManager: Index 0 requested, with a size of 0
08-09 09:05:03.091 25249-25298/? E/MtpMediaDBManager: Index 0 requested, with a size of 0
    Index 0 requested, with a size of 0
08-09 09:05:03.101 25249-25298/? E/MtpMediaDBManager: Index 0 requested, with a size of 0
08-09 09:05:03.111 25249-25298/? E/MtpMediaDBManager: Index 0 requested, with a size of 0
08-09 09:05:03.121 25249-25298/? E/MtpMediaDBManager: Index 0 requested, with a size of 0
08-09 09:05:03.131 25249-25298/? E/MtpMediaDBManager: Index 0 requested, with a size of 0
08-09 09:05:03.141 25249-25298/? E/MtpMediaDBManager: Index 0 requested, with a size of 0
08-09 09:05:03.151 25249-25298/? E/MtpMediaDBManager: Index 0 requested, with a size of 0
08-09 09:05:03.161 25249-25298/? E/MtpMediaDBManager: Index 0 requested, with a size of 0
    Index 0 requested, with a size of 0
08-09 09:05:03.181 25249-25298/? E/MtpMediaDBManager: Index 0 requested, with a size of 0
    Index 0 requested, with a size of 0
08-09 09:05:03.201 25249-25298/? E/MtpMediaDBManager: Index 0 requested, with a size of 0
    Index 0 requested, with a size of 0
08-09 09:05:03.211 25249-25298/? E/MtpMediaDBManager: Index 0 requested, with a size of 0
08-09 09:05:03.221 25249-25298/? E/MtpMediaDBManager: Index 0 requested, with a size of 0
08-09 09:05:03.231 25249-25298/? E/MtpMediaDBManager: Index 0 requested, with a size of 0
08-09 09:05:03.241 25249-25298/? E/MtpMediaDBManager: Index 0 requested, with a size of 0
08-09 09:05:03.251 25249-25298/? E/MtpMediaDBManager: Index 0 requested, with a size of 0
08-09 09:05:03.261 25249-25298/? E/MtpMediaDBManager: Index 0 requested, with a size of 0
08-09 09:05:03.271 25249-25298/? E/MtpMediaDBManager: Index 0 requested, with a size of 0
    Index 0 requested, with a size of 0
08-09 09:05:03.281 25249-25298/? E/MtpMediaDBManager: Index 0 requested, with a size of 0
08-09 09:05:03.291 25249-25298/? E/MtpMediaDBManager: Index 0 requested, with a size of 0
08-09 09:05:03.301 2643-2659/? I/art: Background partial concurrent mark sweep GC freed 3360(162KB) AllocSpace objects, 0(0B) LOS objects, 27% free, 42MB/58MB, paused 3.852ms total 184.619ms
08-09 09:05:03.311 25249-25298/? E/MtpMediaDBManager: Index 0 requested, with a size of 0
08-09 09:05:03.321 25249-25298/? E/MtpMediaDBManager: Index 0 requested, with a size of 0
08-09 09:05:03.331 25249-25298/? E/MtpMediaDBManager: Index 0 requested, with a size of 0
08-09 09:05:03.341 25249-25298/? E/MtpMediaDBManager: Index 0 requested, with a size of 0
08-09 09:05:03.371 25249-25298/? E/MtpMediaDBManager: Index 0 requested, with a size of 0
08-09 09:05:03.381 25249-25298/? E/MtpMediaDBManager: Index 0 requested, with a size of 0
08-09 09:05:03.401 25249-25298/? E/MtpMediaDBManager: Index 0 requested, with a size of 0
    Index 0 requested, with a size of 0
08-09 09:05:03.421 25249-25298/? E/MtpMediaDBManager: Index 0 requested, with a size of 0
08-09 09:05:03.431 25249-25298/? E/MtpMediaDBManager: Index 0 requested, with a size of 0
08-09 09:05:03.441 25249-25298/? E/MtpMediaDBManager: Index 0 requested, with a size of 0
08-09 09:05:03.451 25249-25298/? E/MtpMediaDBManager: Index 0 requested, with a size of 0
08-09 09:05:03.461 25249-25298/? E/MtpMediaDBManager: Index 0 requested, with a size of 0
08-09 09:05:03.471 25249-25298/? E/MtpMediaDBManager: Index 0 requested, with a size of 0
08-09 09:05:03.481 25249-25298/? E/MtpMediaDBManager: Index 0 requested, with a size of 0
08-09 09:05:03.491 25249-25298/? E/MtpMediaDBManager: Index 0 requested, with a size of 0
08-09 09:05:03.501 25249-25298/? E/MtpMediaDBManager: Index 0 requested, with a size of 0
08-09 09:05:03.511 25249-25298/? E/MtpMediaDBManager: Index 0 requested, with a size of 0
08-09 09:05:03.521 25249-25298/? E/MtpMediaDBManager: Index 0 requested, with a size of 0
08-09 09:05:03.531 25249-25298/? E/MtpMediaDBManager: Index 0 requested, with a size of 0
08-09 09:05:03.541 25249-25298/? E/MtpMediaDBManager: Index 0 requested, with a size of 0
08-09 09:05:03.551 25249-25298/? E/MtpMediaDBManager: Index 0 requested, with a size of 0
08-09 09:05:03.561 25249-25298/? E/MtpMediaDBManager: Index 0 requested, with a size of 0
08-09 09:05:03.571 25249-25298/? E/MtpMediaDBManager: Index 0 requested, with a size of 0
